Archive member included to satisfy reference by file (symbol)

.\CortexM3\ARM_GCC_541\Debug\PRJ3.a(isr_IR_Measure.o)
                              .\CortexM3\ARM_GCC_541\Debug\main.o (isr_IR_Measure_StartEx)
.\CortexM3\ARM_GCC_541\Debug\PRJ3.a(RPI_UART.o)
                              .\CortexM3\ARM_GCC_541\Debug\main.o (RPI_UART_Start)
.\CortexM3\ARM_GCC_541\Debug\PRJ3.a(Color_PWM.o)
                              .\CortexM3\ARM_GCC_541\Debug\main.o (Color_PWM_Start)
.\CortexM3\ARM_GCC_541\Debug\PRJ3.a(Color_Counter.o)
                              .\CortexM3\ARM_GCC_541\Debug\main.o (Color_Counter_Stop)
.\CortexM3\ARM_GCC_541\Debug\PRJ3.a(isr_Color.o)
                              .\CortexM3\ARM_GCC_541\Debug\main.o (isr_Color_StartEx)
.\CortexM3\ARM_GCC_541\Debug\PRJ3.a(Color_Pin_Freq_Scale.o)
                              .\CortexM3\ARM_GCC_541\Debug\main.o (Color_Pin_Freq_Scale_Write)
.\CortexM3\ARM_GCC_541\Debug\PRJ3.a(Color_Reset.o)
                              .\CortexM3\ARM_GCC_541\Debug\main.o (Color_Reset_Write)
.\CortexM3\ARM_GCC_541\Debug\PRJ3.a(Color_Pin_Freq.o)
                              .\CortexM3\ARM_GCC_541\Debug\main.o (Color_Pin_Freq_Write)
.\CortexM3\ARM_GCC_541\Debug\PRJ3.a(Color_Pin_Color_Ctrl.o)
                              .\CortexM3\ARM_GCC_541\Debug\main.o (Color_Pin_Color_Ctrl_Write)
.\CortexM3\ARM_GCC_541\Debug\PRJ3.a(Color_Pin_LED.o)
                              .\CortexM3\ARM_GCC_541\Debug\main.o (Color_Pin_LED_Write)
.\CortexM3\ARM_GCC_541\Debug\PRJ3.a(Motor_PWM.o)
                              .\CortexM3\ARM_GCC_541\Debug\main.o (Motor_PWM_WriteCompare)
.\CortexM3\ARM_GCC_541\Debug\PRJ3.a(RPI_UART_IntClock.o)
                              .\CortexM3\ARM_GCC_541\Debug\PRJ3.a(RPI_UART.o) (RPI_UART_IntClock_Start)
.\CortexM3\ARM_GCC_541\Debug\PRJ3.a(CyLib.o)
                              .\CortexM3\ARM_GCC_541\Debug\Cm3Start.o (CyHalt)
.\CortexM3\ARM_GCC_541\Debug\PRJ3.a(cyPm.o)
                              .\CortexM3\ARM_GCC_541\Debug\PRJ3.a(CyLib.o) (CyPmReadStatus)
.\CortexM3\ARM_GCC_541\Debug\PRJ3.a(Weight_ADC.o)
                              .\CortexM3\ARM_GCC_541\Debug\main.o (Weight_ADC_Start)
.\CortexM3\ARM_GCC_541\Debug\PRJ3.a(Weight_ADC_INT.o)
                              .\CortexM3\ARM_GCC_541\Debug\PRJ3.a(Weight_ADC.o) (Weight_ADC_ISR)
.\CortexM3\ARM_GCC_541\Debug\PRJ3.a(Weight_ADC_theACLK.o)
                              .\CortexM3\ARM_GCC_541\Debug\PRJ3.a(Weight_ADC.o) (Weight_ADC_theACLK_SetModeRegister)
.\CortexM3\ARM_GCC_541\Debug\PRJ3.a(CyBootAsmGnu.o)
                              .\CortexM3\ARM_GCC_541\Debug\cyfitter_cfg.o (CyDelayCycles)
.\CortexM3\ARM_GCC_541\Debug\PRJ3.a(CyFlash.o)
                              .\CortexM3\ARM_GCC_541\Debug\PRJ3.a(cyPm.o) (CyFlash_SetWaitCycles)
.\CortexM3\ARM_GCC_541\Debug\PRJ3.a(CySpc.o)
                              .\CortexM3\ARM_GCC_541\Debug\PRJ3.a(CyFlash.o) (CySpcStart)
e:/programmer/cypres/psoc creator/4.3/psoc creator/import/gnu/arm/5.4.1/bin/../lib/gcc/arm-none-eabi/5.4.1/armv7-m\libgcc.a(_arm_addsubsf3.o)
                              .\CortexM3\ARM_GCC_541\Debug\main.o (__aeabi_fsub)
e:/programmer/cypres/psoc creator/4.3/psoc creator/import/gnu/arm/5.4.1/bin/../lib/gcc/arm-none-eabi/5.4.1/armv7-m\libgcc.a(_arm_muldivsf3.o)
                              .\CortexM3\ARM_GCC_541\Debug\PRJ3.a(Weight_ADC.o) (__aeabi_fmul)
e:/programmer/cypres/psoc creator/4.3/psoc creator/import/gnu/arm/5.4.1/bin/../lib/gcc/arm-none-eabi/5.4.1/armv7-m\libgcc.a(_arm_cmpsf2.o)
                              .\CortexM3\ARM_GCC_541\Debug\main.o (__aeabi_fcmpge)
e:/programmer/cypres/psoc creator/4.3/psoc creator/import/gnu/arm/5.4.1/bin/../lib/gcc/arm-none-eabi/5.4.1/armv7-m\libgcc.a(_arm_fixunssfsi.o)
                              .\CortexM3\ARM_GCC_541\Debug\main.o (__aeabi_f2uiz)
e:/programmer/cypres/psoc creator/4.3/psoc creator/import/gnu/arm/5.4.1/bin/../lib/gcc/arm-none-eabi/5.4.1/armv7-m\libgcc.a(_aeabi_ldivmod.o)
                              .\CortexM3\ARM_GCC_541\Debug\PRJ3.a(Weight_ADC.o) (__aeabi_ldivmod)
e:/programmer/cypres/psoc creator/4.3/psoc creator/import/gnu/arm/5.4.1/bin/../lib/gcc/arm-none-eabi/5.4.1/armv7-m\libgcc.a(_udivmoddi4.o)
                              e:/programmer/cypres/psoc creator/4.3/psoc creator/import/gnu/arm/5.4.1/bin/../lib/gcc/arm-none-eabi/5.4.1/armv7-m\libgcc.a(_aeabi_ldivmod.o) (__udivmoddi4)
e:/programmer/cypres/psoc creator/4.3/psoc creator/import/gnu/arm/5.4.1/bin/../lib/gcc/arm-none-eabi/5.4.1/armv7-m\libgcc.a(_dvmd_tls.o)
                              e:/programmer/cypres/psoc creator/4.3/psoc creator/import/gnu/arm/5.4.1/bin/../lib/gcc/arm-none-eabi/5.4.1/armv7-m\libgcc.a(_aeabi_ldivmod.o) (__aeabi_ldiv0)
e:/programmer/cypres/psoc creator/4.3/psoc creator/import/gnu/arm/5.4.1/bin/../lib/gcc/arm-none-eabi/5.4.1/../../../../arm-none-eabi/lib/armv7-m\libg_nano.a(lib_a-errno.o)
                              .\CortexM3\ARM_GCC_541\Debug\Cm3Start.o (__errno)
[...]
Memory Configuration

Name             Origin             Length             Attributes
rom              0x00000000         0x00040000         xr
ram              0x1fff8000         0x00010000         xrw
*default*        0x00000000         0xffffffff

Linker script and memory map

LOAD e:/programmer/cypres/psoc creator/4.3/psoc creator/import/gnu/arm/5.4.1/bin/../lib/gcc/arm-none-eabi/5.4.1/armv7-m/crti.o
LOAD e:/programmer/cypres/psoc creator/4.3/psoc creator/import/gnu/arm/5.4.1/bin/../lib/gcc/arm-none-eabi/5.4.1/armv7-m/crtbegin.o
LOAD e:/programmer/cypres/psoc creator/4.3/psoc creator/import/gnu/arm/5.4.1/bin/../lib/gcc/arm-none-eabi/5.4.1/../../../../arm-none-eabi/lib/armv7-m/crt0.o
START GROUP
LOAD .\CortexM3\ARM_GCC_541\Debug\main.o
LOAD .\CortexM3\ARM_GCC_541\Debug\cyfitter_cfg.o
LOAD .\CortexM3\ARM_GCC_541\Debug\cymetadata.o
LOAD .\CortexM3\ARM_GCC_541\Debug\Cm3Start.o
LOAD .\CortexM3\ARM_GCC_541\Debug\PRJ3.a
LOAD E:\Programmer\Cypres\PSoC Creator\4.3\PSoC Creator\psoc\content\cycomponentlibrary\CyComponentLibrary.cylib\CortexM3\ARM_GCC_541\Debug\CyComponentLibrary.a
END GROUP
START GROUP
LOAD e:/programmer/cypres/psoc creator/4.3/psoc creator/import/gnu/arm/5.4.1/bin/../lib/gcc/arm-none-eabi/5.4.1/armv7-m\libgcc.a
LOAD e:/programmer/cypres/psoc creator/4.3/psoc creator/import/gnu/arm/5.4.1/bin/../lib/gcc/arm-none-eabi/5.4.1/../../../../arm-none-eabi/lib/armv7-m\libg_nano.a
LOAD e:/programmer/cypres/psoc creator/4.3/psoc creator/import/gnu/arm/5.4.1/bin/../lib/gcc/arm-none-eabi/5.4.1/../../../../arm-none-eabi/lib/armv7-m\libc_nano.a
END GROUP
START GROUP
LOAD e:/programmer/cypres/psoc creator/4.3/psoc creator/import/gnu/arm/5.4.1/bin/../lib/gcc/arm-none-eabi/5.4.1/armv7-m\libgcc.a
LOAD e:/programmer/cypres/psoc creator/4.3/psoc creator/import/gnu/arm/5.4.1/bin/../lib/gcc/arm-none-eabi/5.4.1/../../../../arm-none-eabi/lib/armv7-m\libc_nano.a
END GROUP
LOAD e:/programmer/cypres/psoc creator/4.3/psoc creator/import/gnu/arm/5.4.1/bin/../lib/gcc/arm-none-eabi/5.4.1/armv7-m/crtend.o
LOAD e:/programmer/cypres/psoc creator/4.3/psoc creator/import/gnu/arm/5.4.1/bin/../lib/gcc/arm-none-eabi/5.4.1/armv7-m/crtn.o
START GROUP
LOAD e:/programmer/cypres/psoc creator/4.3/psoc creator/import/gnu/arm/5.4.1/bin/../lib/gcc/arm-none-eabi/5.4.1/armv7-m\libgcc.a
LOAD e:/programmer/cypres/psoc creator/4.3/psoc creator/import/gnu/arm/5.4.1/bin/../lib/gcc/arm-none-eabi/5.4.1/../../../../arm-none-eabi/lib/armv7-m\libc.a
LOAD e:/programmer/cypres/psoc creator/4.3/psoc creator/import/gnu/arm/5.4.1/bin/../lib/gcc/arm-none-eabi/5.4.1/../../../../arm-none-eabi/lib/armv7-m\libnosys.a
END GROUP
                0x00000000                CY_APPL_ORIGIN = 0x0
                0x00000100                CY_FLASH_ROW_SIZE = 0x100
                0x00000020                CY_ECC_ROW_SIZE = 0x20
                0x00000000                CY_EE_IN_BTLDR = 0x0
                0x00000000                CY_APPL_LOADABLE = 0x0
                0x00000800                CY_EE_SIZE = 0x800
                0x00000001                CY_APPL_NUM = 0x1
                0x00000001                CY_APPL_MAX = 0x1
                0x00000040                CY_METADATA_SIZE = 0x40
                0x00000000                CY_APPL_LOADABLE = 0x0
                0x00000000                CY_CHECKSUM_EXCLUDE_SIZE = ALIGN (0x0, CY_FLASH_ROW_SIZE)
                [!provide]                PROVIDE (__cy_heap_start, _end)
                0x00000001                PROVIDE (__cy_region_num, ((__cy_regions_end - __cy_regions) / 0x10))
                0x20008000                PROVIDE (__cy_stack, (ORIGIN (ram) + LENGTH (ram)))
                [!provide]                PROVIDE (__cy_heap_end, (__cy_stack - 0x800))

.cybootloader   0x00000000        0x0
 *(.cybootloader)
                0x00000000                appl1_start = CY_APPL_ORIGIN?CY_APPL_ORIGIN:ALIGN (CY_FLASH_ROW_SIZE)
                0x0001ff00                appl2_start = (appl1_start + ALIGN ((((LENGTH (rom) - appl1_start) - (0x2 * CY_FLASH_ROW_SIZE)) / 0x2), CY_FLASH_ROW_SIZE))
                0x00000000                appl_start = (CY_APPL_NUM == 0x1)?appl1_start:appl2_start
                0x00000000                ecc_offset = ((appl_start / CY_FLASH_ROW_SIZE) * CY_ECC_ROW_SIZE)
                0x00000000                ee_offset = (CY_APPL_LOADABLE && ! (CY_EE_IN_BTLDR))?((CY_EE_SIZE / CY_APPL_MAX) * (CY_APPL_NUM - 0x1)):0x0
                0x00000800                ee_size = (CY_APPL_LOADABLE && ! (CY_EE_IN_BTLDR))?(CY_EE_SIZE / CY_APPL_MAX):CY_EE_SIZE
                [!provide]                PROVIDE (CY_ECC_OFFSET, ecc_offset)

.text           0x00000000     0x1c20
 CREATE_OBJECT_SYMBOLS
                0x00000000                PROVIDE (__cy_interrupt_vector, RomVectors)
 *(.romvectors)
 .romvectors    0x00000000       0x10 .\CortexM3\ARM_GCC_541\Debug\Cm3Start.o
                0x00000000                RomVectors
                0x00000001                ASSERT ((. != __cy_interrupt_vector), No interrupt vector)
                0x00000001                ASSERT (CY_APPL_ORIGIN?(SIZEOF (.cybootloader) <= CY_APPL_ORIGIN):0x1, Wrong image location)
                0x00000010                PROVIDE (__cy_reset, Reset)
 *(.text.Reset)
 .text.Reset    0x00000010       0x18 .\CortexM3\ARM_GCC_541\Debug\Cm3Start.o
                0x00000010                Reset
                0x00000001                ASSERT ((. != __cy_reset), No reset code)
 *(.dma_init)
                0x00000001                ASSERT ((((appl_start + .) <= 0x10000) || 0x1), DMA Init must be within the first 64k of flash)
 *(.text .text.* .gnu.linkonce.t.*)
 .text          0x00000028       0x5c e:/programmer/cypres/psoc creator/4.3/psoc creator/import/gnu/arm/5.4.1/bin/../lib/gcc/arm-none-eabi/5.4.1/armv7-m/crtbegin.o
 .text.isr_IR_Measure_handler
                0x00000084       0x18 .\CortexM3\ARM_GCC_541\Debug\main.o
                0x00000084                isr_IR_Measure_handler
 .text.freq_INT
                0x0000009c       0x24 .\CortexM3\ARM_GCC_541\Debug\main.o
                0x0000009c                freq_INT
 .text.colorInit
                0x000000c0       0x1c .\CortexM3\ARM_GCC_541\Debug\main.o
                0x000000c0                colorInit
 .text.getFreq  0x000000dc       0x40 .\CortexM3\ARM_GCC_541\Debug\main.o
                0x000000dc                getFreq
 .text.getColorFreq
                0x0000011c       0x2c .\CortexM3\ARM_GCC_541\Debug\main.o
                0x0000011c                getColorFreq
 .text.getColor
                0x00000148       0x60 .\CortexM3\ARM_GCC_541\Debug\main.o
                0x00000148                getColor
 .text.weightSensorInit
                0x000001a8        0xc .\CortexM3\ARM_GCC_541\Debug\main.o
                0x000001a8                weightSensorInit
 .text.adcToGram
                0x000001b4       0x38 .\CortexM3\ARM_GCC_541\Debug\main.o
                0x000001b4                adcToGram
 .text.getWeightInGrams
                0x000001ec       0x20 .\CortexM3\ARM_GCC_541\Debug\main.o
                0x000001ec                getWeightInGrams
 .text.getActualWeightValue
                0x0000020c       0x34 .\CortexM3\ARM_GCC_541\Debug\main.o
                0x0000020c                getActualWeightValue
 .text.sendData
                0x00000240       0x40 .\CortexM3\ARM_GCC_541\Debug\main.o
                0x00000240                sendData
 .text.handleMsg
                0x00000280       0x4c .\CortexM3\ARM_GCC_541\Debug\main.o
                0x00000280                handleMsg
 .text.main     0x000002cc       0x3c .\CortexM3\ARM_GCC_541\Debug\main.o
                0x000002cc                main
 .text.CyClockStartupError
                0x00000308        0x4 .\CortexM3\ARM_GCC_541\Debug\cyfitter_cfg.o
 .text.cfg_write_bytes32
                0x0000030c       0x34 .\CortexM3\ARM_GCC_541\Debug\cyfitter_cfg.o
 .text.CYMEMZERO
                0x00000340        0xc .\CortexM3\ARM_GCC_541\Debug\cyfitter_cfg.o
 .text.AnalogSetDefault
                0x0000034c       0x74 .\CortexM3\ARM_GCC_541\Debug\cyfitter_cfg.o
 .text.CYCONFIGCPY
                0x000003c0        0x8 .\CortexM3\ARM_GCC_541\Debug\cyfitter_cfg.o
 .text.ClockSetup
                0x000003c8      0x110 .\CortexM3\ARM_GCC_541\Debug\cyfitter_cfg.o
 .text.cyfitter_cfg
                0x000004d8      0x120 .\CortexM3\ARM_GCC_541\Debug\cyfitter_cfg.o
                0x000004d8                cyfitter_cfg
 .text.IntDefaultHandler
                0x000005f8       0x10 .\CortexM3\ARM_GCC_541\Debug\Cm3Start.o
                0x000005f8                IntDefaultHandler
 .text._sbrk    0x00000608       0x30 .\CortexM3\ARM_GCC_541\Debug\Cm3Start.o
                0x00000608                _sbrk
 .text.Start_c  0x00000638       0x4c .\CortexM3\ARM_GCC_541\Debug\Cm3Start.o
                0x00000638                Start_c
 .text.initialize_psoc
                0x00000684       0x68 .\CortexM3\ARM_GCC_541\Debug\Cm3Start.o
                0x00000684                initialize_psoc
 .text.isr_IR_Measure_SetVector
                0x000006ec        0xc .\CortexM3\ARM_GCC_541\Debug\PRJ3.a(isr_IR_Measure.o)
                0x000006ec                isr_IR_Measure_SetVector
 .text.isr_IR_Measure_SetPriority
                0x000006f8       0x10 .\CortexM3\ARM_GCC_541\Debug\PRJ3.a(isr_IR_Measure.o)
                0x000006f8                isr_IR_Measure_SetPriority
 .text.isr_IR_Measure_Enable
                0x00000708        0xc .\CortexM3\ARM_GCC_541\Debug\PRJ3.a(isr_IR_Measure.o)
                0x00000708                isr_IR_Measure_Enable
 .text.isr_IR_Measure_Disable
                0x00000714        0xc .\CortexM3\ARM_GCC_541\Debug\PRJ3.a(isr_IR_Measure.o)
                0x00000714                isr_IR_Measure_Disable
 .text.isr_IR_Measure_StartEx
                0x00000720       0x1c .\CortexM3\ARM_GCC_541\Debug\PRJ3.a(isr_IR_Measure.o)
                0x00000720                isr_IR_Measure_StartEx
 .text.RPI_UART_Init
                0x0000073c       0x28 .\CortexM3\ARM_GCC_541\Debug\PRJ3.a(RPI_UART.o)
                0x0000073c                RPI_UART_Init
 .text.RPI_UART_Enable
                0x00000764       0x38 .\CortexM3\ARM_GCC_541\Debug\PRJ3.a(RPI_UART.o)
                0x00000764                RPI_UART_Enable
 .text.RPI_UART_Start
                0x0000079c       0x1c .\CortexM3\ARM_GCC_541\Debug\PRJ3.a(RPI_UART.o)
                0x0000079c                RPI_UART_Start
 .text.RPI_UART_PutChar
                0x000007b8       0x18 .\CortexM3\ARM_GCC_541\Debug\PRJ3.a(RPI_UART.o)
                0x000007b8                RPI_UART_PutChar
 .text.RPI_UART_PutString
                0x000007d0       0x24 .\CortexM3\ARM_GCC_541\Debug\PRJ3.a(RPI_UART.o)
                0x000007d0                RPI_UART_PutString
 .text.Color_PWM_Enable
                0x000007f4       0x10 .\CortexM3\ARM_GCC_541\Debug\PRJ3.a(Color_PWM.o)
                0x000007f4                Color_PWM_Enable
 .text.Color_PWM_WriteCounter
                0x00000804        0xc .\CortexM3\ARM_GCC_541\Debug\PRJ3.a(Color_PWM.o)
                0x00000804                Color_PWM_WriteCounter
 .text.Color_PWM_WritePeriod
                0x00000810        0xc .\CortexM3\ARM_GCC_541\Debug\PRJ3.a(Color_PWM.o)
                0x00000810                Color_PWM_WritePeriod
 .text.Color_PWM_WriteCompare
                0x0000081c        0xc .\CortexM3\ARM_GCC_541\Debug\PRJ3.a(Color_PWM.o)
                0x0000081c                Color_PWM_WriteCompare
 .text.Color_PWM_SetInterruptMode
                0x00000828        0xc .\CortexM3\ARM_GCC_541\Debug\PRJ3.a(Color_PWM.o)
                0x00000828                Color_PWM_SetInterruptMode
 .text.Color_PWM_ReadStatusRegister
                0x00000834        0xc .\CortexM3\ARM_GCC_541\Debug\PRJ3.a(Color_PWM.o)
                0x00000834                Color_PWM_ReadStatusRegister
 .text.Color_PWM_ReadCapture
                0x00000840        0xc .\CortexM3\ARM_GCC_541\Debug\PRJ3.a(Color_PWM.o)
                0x00000840                Color_PWM_ReadCapture
 .text.Color_PWM_ClearFIFO
                0x0000084c       0x14 .\CortexM3\ARM_GCC_541\Debug\PRJ3.a(Color_PWM.o)
                0x0000084c                Color_PWM_ClearFIFO
 .text.Color_PWM_Init
                0x00000860       0x64 .\CortexM3\ARM_GCC_541\Debug\PRJ3.a(Color_PWM.o)
                0x00000860                Color_PWM_Init
 .text.Color_PWM_Start
                0x000008c4       0x1c .\CortexM3\ARM_GCC_541\Debug\PRJ3.a(Color_PWM.o)
                0x000008c4                Color_PWM_Start
 .text.Color_Counter_Enable
                0x000008e0       0x10 .\CortexM3\ARM_GCC_541\Debug\PRJ3.a(Color_Counter.o)
                0x000008e0                Color_Counter_Enable
 .text.Color_Counter_Stop
                0x000008f0       0x10 .\CortexM3\ARM_GCC_541\Debug\PRJ3.a(Color_Counter.o)
                0x000008f0                Color_Counter_Stop
 .text.Color_Counter_SetInterruptMode
                0x00000900        0xc .\CortexM3\ARM_GCC_541\Debug\PRJ3.a(Color_Counter.o)
                0x00000900                Color_Counter_SetInterruptMode
 .text.Color_Counter_ReadStatusRegister
                0x0000090c        0xc .\CortexM3\ARM_GCC_541\Debug\PRJ3.a(Color_Counter.o)
                0x0000090c                Color_Counter_ReadStatusRegister
 .text.Color_Counter_WriteCounter
                0x00000918        0xc .\CortexM3\ARM_GCC_541\Debug\PRJ3.a(Color_Counter.o)
                0x00000918                Color_Counter_WriteCounter
 .text.Color_Counter_ReadCounter
                0x00000924       0x14 .\CortexM3\ARM_GCC_541\Debug\PRJ3.a(Color_Counter.o)
                0x00000924                Color_Counter_ReadCounter
 .text.Color_Counter_ReadCapture
                0x00000938        0xc .\CortexM3\ARM_GCC_541\Debug\PRJ3.a(Color_Counter.o)
                0x00000938                Color_Counter_ReadCapture
 .text.Color_Counter_WritePeriod
                0x00000944        0xc .\CortexM3\ARM_GCC_541\Debug\PRJ3.a(Color_Counter.o)
                0x00000944                Color_Counter_WritePeriod
 .text.Color_Counter_WriteCompare
                0x00000950        0xc .\CortexM3\ARM_GCC_541\Debug\PRJ3.a(Color_Counter.o)
                0x00000950                Color_Counter_WriteCompare
 .text.Color_Counter_ClearFIFO
                0x0000095c       0x14 .\CortexM3\ARM_GCC_541\Debug\PRJ3.a(Color_Counter.o)
                0x0000095c                Color_Counter_ClearFIFO
 .text.Color_Counter_Init
                0x00000970       0x5c .\CortexM3\ARM_GCC_541\Debug\PRJ3.a(Color_Counter.o)
                0x00000970                Color_Counter_Init
 .text.Color_Counter_Start
                0x000009cc       0x1c .\CortexM3\ARM_GCC_541\Debug\PRJ3.a(Color_Counter.o)
                0x000009cc                Color_Counter_Start
 .text.isr_Color_SetVector
                0x000009e8        0xc .\CortexM3\ARM_GCC_541\Debug\PRJ3.a(isr_Color.o)
                0x000009e8                isr_Color_SetVector
 .text.isr_Color_SetPriority
                0x000009f4       0x10 .\CortexM3\ARM_GCC_541\Debug\PRJ3.a(isr_Color.o)
                0x000009f4                isr_Color_SetPriority
 .text.isr_Color_Enable
                0x00000a04        0xc .\CortexM3\ARM_GCC_541\Debug\PRJ3.a(isr_Color.o)
                0x00000a04                isr_Color_Enable
 .text.isr_Color_Disable
                0x00000a10        0xc .\CortexM3\ARM_GCC_541\Debug\PRJ3.a(isr_Color.o)
                0x00000a10                isr_Color_Disable
 .text.isr_Color_StartEx
                0x00000a1c       0x1c .\CortexM3\ARM_GCC_541\Debug\PRJ3.a(isr_Color.o)
                0x00000a1c                isr_Color_StartEx
 .text.isr_Color_ClearPending
                0x00000a38        0xc .\CortexM3\ARM_GCC_541\Debug\PRJ3.a(isr_Color.o)
                0x00000a38                isr_Color_ClearPending
 .text.Color_Pin_Freq_Scale_Write
                0x00000a44       0x18 .\CortexM3\ARM_GCC_541\Debug\PRJ3.a(Color_Pin_Freq_Scale.o)
                0x00000a44                Color_Pin_Freq_Scale_Write
 .text.Color_Reset_Write
                0x00000a5c        0xc .\CortexM3\ARM_GCC_541\Debug\PRJ3.a(Color_Reset.o)
                0x00000a5c                Color_Reset_Write
 .text.Color_Pin_Freq_Write
                0x00000a68       0x18 .\CortexM3\ARM_GCC_541\Debug\PRJ3.a(Color_Pin_Freq.o)
                0x00000a68                Color_Pin_Freq_Write
 .text.Color_Pin_Color_Ctrl_Write
                0x00000a80       0x18 .\CortexM3\ARM_GCC_541\Debug\PRJ3.a(Color_Pin_Color_Ctrl.o)
                0x00000a80                Color_Pin_Color_Ctrl_Write
 .text.Color_Pin_LED_Write
                0x00000a98       0x18 .\CortexM3\ARM_GCC_541\Debug\PRJ3.a(Color_Pin_LED.o)
                0x00000a98                Color_Pin_LED_Write
 .text.RPI_UART_IntClock_Start
                0x00000ab0       0x1c .\CortexM3\ARM_GCC_541\Debug\PRJ3.a(RPI_UART_IntClock.o)
                0x00000ab0                RPI_UART_IntClock_Start
 .text.CyHalt   0x00000acc        0x4 .\CortexM3\ARM_GCC_541\Debug\PRJ3.a(CyLib.o)
                0x00000acc                CyHalt
 .text.CyDelay  0x00000ad0       0x2c .\CortexM3\ARM_GCC_541\Debug\PRJ3.a(CyLib.o)
                0x00000ad0                CyDelay
 .text.CyDelayUs
                0x00000afc       0x14 .\CortexM3\ARM_GCC_541\Debug\PRJ3.a(CyLib.o)
                0x00000afc                CyDelayUs
 .text.CyIntSetVector
                0x00000b10       0x28 .\CortexM3\ARM_GCC_541\Debug\PRJ3.a(CyLib.o)
                0x00000b10                CyIntSetVector
 .text.CyIntSetPriority
                0x00000b38       0x30 .\CortexM3\ARM_GCC_541\Debug\PRJ3.a(CyLib.o)
                0x00000b38                CyIntSetPriority
 .text.Weight_ADC_CalcGain
                0x00000b68       0x5c .\CortexM3\ARM_GCC_541\Debug\PRJ3.a(Weight_ADC.o)
 .text.Weight_ADC_Enable
                0x00000bc4       0x94 .\CortexM3\ARM_GCC_541\Debug\PRJ3.a(Weight_ADC.o)
                0x00000bc4                Weight_ADC_Enable
 .text.Weight_ADC_SetResolution
                0x00000c58       0x38 .\CortexM3\ARM_GCC_541\Debug\PRJ3.a(Weight_ADC.o)
                0x00000c58                Weight_ADC_SetResolution
 .text.Weight_ADC_Init
                0x00000c90       0x3c .\CortexM3\ARM_GCC_541\Debug\PRJ3.a(Weight_ADC.o)
                0x00000c90                Weight_ADC_Init
 .text.Weight_ADC_Start
                0x00000ccc       0x1c .\CortexM3\ARM_GCC_541\Debug\PRJ3.a(Weight_ADC.o)
                0x00000ccc                Weight_ADC_Start
 .text.Weight_ADC_StartConvert
                0x00000ce8       0x10 .\CortexM3\ARM_GCC_541\Debug\PRJ3.a(Weight_ADC.o)
                0x00000ce8                Weight_ADC_StartConvert
 .text.Weight_ADC_IsEndConversion
                0x00000cf8       0x24 .\CortexM3\ARM_GCC_541\Debug\PRJ3.a(Weight_ADC.o)
                0x00000cf8                Weight_ADC_IsEndConversion
 .text.Weight_ADC_GetResult16
                0x00000d1c       0x18 .\CortexM3\ARM_GCC_541\Debug\PRJ3.a(Weight_ADC.o)
                0x00000d1c                Weight_ADC_GetResult16
 .text.Weight_ADC_ISR
                0x00000d34        0x4 .\CortexM3\ARM_GCC_541\Debug\PRJ3.a(Weight_ADC_INT.o)
                0x00000d34                Weight_ADC_ISR
 .text.Weight_ADC_theACLK_SetModeRegister
                0x00000d38       0x14 .\CortexM3\ARM_GCC_541\Debug\PRJ3.a(Weight_ADC_theACLK.o)
                0x00000d38                Weight_ADC_theACLK_SetModeRegister
 *fill*         0x00000d4c        0x4 
 .text          0x00000d50       0x20 .\CortexM3\ARM_GCC_541\Debug\PRJ3.a(CyBootAsmGnu.o)
                0x00000d50                CyDelayCycles
                0x00000d60                CyEnterCriticalSection
                0x00000d68                CyExitCriticalSection
 .text          0x00000d70      0x21c e:/programmer/cypres/psoc creator/4.3/psoc creator/import/gnu/arm/5.4.1/bin/../lib/gcc/arm-none-eabi/5.4.1/armv7-m\libgcc.a(_arm_addsubsf3.o)
                0x00000d70                __aeabi_frsub
                0x00000d78                __subsf3
                0x00000d78                __aeabi_fsub
                0x00000d7c                __aeabi_fadd
                0x00000d7c                __addsf3
                0x00000edc                __aeabi_ui2f
                0x00000edc                __floatunsisf
                0x00000ee4                __aeabi_i2f
                0x00000ee4                __floatsisf
                0x00000f00                __aeabi_ul2f
                0x00000f00                __floatundisf
                0x00000f10                __aeabi_l2f
                0x00000f10                __floatdisf
 .text          0x00000f8c      0x2a0 e:/programmer/cypres/psoc creator/4.3/psoc creator/import/gnu/arm/5.4.1/bin/../lib/gcc/arm-none-eabi/5.4.1/armv7-m\libgcc.a(_arm_muldivsf3.o)
                0x00000f8c                __mulsf3
                0x00000f8c                __aeabi_fmul
                0x000010f4                __aeabi_fdiv
                0x000010f4                __divsf3
 .text          0x0000122c       0xec e:/programmer/cypres/psoc creator/4.3/psoc creator/import/gnu/arm/5.4.1/bin/../lib/gcc/arm-none-eabi/5.4.1/armv7-m\libgcc.a(_arm_cmpsf2.o)
                0x0000122c                __gesf2
                0x0000122c                __gtsf2
                0x00001234                __lesf2
                0x00001234                __ltsf2
                0x0000123c                __nesf2
                0x0000123c                __eqsf2
                0x0000123c                __cmpsf2
                0x0000129c                __aeabi_cfrcmple
                0x000012a4                __aeabi_cfcmpeq
                0x000012a4                __aeabi_cfcmple
                0x000012b4                __aeabi_fcmpeq
                0x000012c8                __aeabi_fcmplt
                0x000012dc                __aeabi_fcmple
                0x000012f0                __aeabi_fcmpge
                0x00001304                __aeabi_fcmpgt
 .text          0x00001318       0x40 e:/programmer/cypres/psoc creator/4.3/psoc creator/import/gnu/arm/5.4.1/bin/../lib/gcc/arm-none-eabi/5.4.1/armv7-m\libgcc.a(_arm_fixunssfsi.o)
                0x00001318                __fixunssfsi
                0x00001318                __aeabi_f2uiz
 .text.__errno  0x00001358        0xc e:/programmer/cypres/psoc creator/4.3/psoc creator/import/gnu/arm/5.4.1/bin/../lib/gcc/arm-none-eabi/5.4.1/../../../../arm-none-eabi/lib/armv7-m\libg_nano.a(lib_a-errno.o)
                0x00001358                __errno
 .text.__libc_init_array
                0x00001364       0x4c e:/programmer/cypres/psoc creator/4.3/psoc creator/import/gnu/arm/5.4.1/bin/../lib/gcc/arm-none-eabi/5.4.1/../../../../arm-none-eabi/lib/armv7-m\libg_nano.a(lib_a-init.o)
                0x00001364                __libc_init_array
 .text.memcpy   0x000013b0       0x16 e:/programmer/cypres/psoc creator/4.3/psoc creator/import/gnu/arm/5.4.1/bin/../lib/gcc/arm-none-eabi/5.4.1/../../../../arm-none-eabi/lib/armv7-m\libg_nano.a(lib_a-memcpy-stub.o)
                0x000013b0                memcpy
 .text.memset   0x000013c6       0x10 e:/programmer/cypres/psoc creator/4.3/psoc creator/import/gnu/arm/5.4.1/bin/../lib/gcc/arm-none-eabi/5.4.1/../../../../arm-none-eabi/lib/armv7-m\libg_nano.a(lib_a-memset.o)
                0x000013c6                memset
 *fill*         0x000013d6        0x2 
 .text.sprintf  0x000013d8       0x48 e:/programmer/cypres/psoc creator/4.3/psoc creator/import/gnu/arm/5.4.1/bin/../lib/gcc/arm-none-eabi/5.4.1/../../../../arm-none-eabi/lib/armv7-m\libg_nano.a(lib_a-sprintf.o)
                0x000013d8                siprintf
                0x000013d8                sprintf
 .text.__ssputs_r
                0x00001420       0xb2 e:/programmer/cypres/psoc creator/4.3/psoc creator/import/gnu/arm/5.4.1/bin/../lib/gcc/arm-none-eabi/5.4.1/../../../../arm-none-eabi/lib/armv7-m\libg_nano.a(lib_a-nano-svfprintf.o)
                0x00001420                __ssputs_r
 *fill*         0x000014d2        0x2 
 .text._svfprintf_r
                0x000014d4      0x1e8 e:/programmer/cypres/psoc creator/4.3/psoc creator/import/gnu/arm/5.4.1/bin/../lib/gcc/arm-none-eabi/5.4.1/../../../../arm-none-eabi/lib/armv7-m\libg_nano.a(lib_a-nano-svfprintf.o)
                0x000014d4                _svfiprintf_r
                0x000014d4                _svfprintf_r
 .text._printf_common
                0x000016bc       0xec e:/programmer/cypres/psoc creator/4.3/psoc creator/import/gnu/arm/5.4.1/bin/../lib/gcc/arm-none-eabi/5.4.1/../../../../arm-none-eabi/lib/armv7-m\libg_nano.a(lib_a-nano-vfprintf_i.o)
                0x000016bc                _printf_common
 .text._printf_i
                0x000017a8      0x24c e:/programmer/cypres/psoc creator/4.3/psoc creator/import/gnu/arm/5.4.1/bin/../lib/gcc/arm-none-eabi/5.4.1/../../../../arm-none-eabi/lib/armv7-m\libg_nano.a(lib_a-nano-vfprintf_i.o)
                0x000017a8                _printf_i
 .text.memchr   0x000019f4       0x1c e:/programmer/cypres/psoc creator/4.3/psoc creator/import/gnu/arm/5.4.1/bin/../lib/gcc/arm-none-eabi/5.4.1/../../../../arm-none-eabi/lib/armv7-m\libg_nano.a(lib_a-memchr-stub.o)
                0x000019f4                memchr
 .text.memmove  0x00001a10       0x36 e:/programmer/cypres/psoc creator/4.3/psoc creator/import/gnu/arm/5.4.1/bin/../lib/gcc/arm-none-eabi/5.4.1/../../../../arm-none-eabi/lib/armv7-m\libg_nano.a(lib_a-memmove.o)
                0x00001a10                memmove
 *fill*         0x00001a46        0x2 
 .text._free_r  0x00001a48       0x98 e:/programmer/cypres/psoc creator/4.3/psoc creator/import/gnu/arm/5.4.1/bin/../lib/gcc/arm-none-eabi/5.4.1/../../../../arm-none-eabi/lib/armv7-m\libg_nano.a(lib_a-nano-freer.o)
                0x00001a48                _free_r
 .text._malloc_r
                0x00001ae0       0xbc e:/programmer/cypres/psoc creator/4.3/psoc creator/import/gnu/arm/5.4.1/bin/../lib/gcc/arm-none-eabi/5.4.1/../../../../arm-none-eabi/lib/armv7-m\libg_nano.a(lib_a-nano-mallocr.o)
                0x00001ae0                _malloc_r
 .text._realloc_r
                0x00001b9c       0x4c e:/programmer/cypres/psoc creator/4.3/psoc creator/import/gnu/arm/5.4.1/bin/../lib/gcc/arm-none-eabi/5.4.1/../../../../arm-none-eabi/lib/armv7-m\libg_nano.a(lib_a-nano-reallocr.o)
                0x00001b9c                _realloc_r
 .text._sbrk_r  0x00001be8       0x20 e:/programmer/cypres/psoc creator/4.3/psoc creator/import/gnu/arm/5.4.1/bin/../lib/gcc/arm-none-eabi/5.4.1/../../../../arm-none-eabi/lib/armv7-m\libg_nano.a(lib_a-sbrkr.o)
                0x00001be8                _sbrk_r
 .text.__malloc_lock
                0x00001c08        0x2 e:/programmer/cypres/psoc creator/4.3/psoc creator/import/gnu/arm/5.4.1/bin/../lib/gcc/arm-none-eabi/5.4.1/../../../../arm-none-eabi/lib/armv7-m\libg_nano.a(lib_a-mlock.o)
                0x00001c08                __malloc_lock
 .text.__malloc_unlock
                0x00001c0a        0x2 e:/programmer/cypres/psoc creator/4.3/psoc creator/import/gnu/arm/5.4.1/bin/../lib/gcc/arm-none-eabi/5.4.1/../../../../arm-none-eabi/lib/armv7-m\libg_nano.a(lib_a-mlock.o)
                0x00001c0a                __malloc_unlock
 .text._malloc_usable_size_r
                0x00001c0c       0x14 e:/programmer/cypres/psoc creator/4.3/psoc creator/import/gnu/arm/5.4.1/bin/../lib/gcc/arm-none-eabi/5.4.1/../../../../arm-none-eabi/lib/armv7-m\libg_nano.a(lib_a-nano-msizer.o)
                0x00001c0c                _malloc_usable_size_r
 *(.plt)
 *(.gnu.warning)
 *(.glue_7t)
 .glue_7t       0x00001c20        0x0 linker stubs
 *(.glue_7)
 .glue_7        0x00001c20        0x0 linker stubs
 *(.vfp11_veneer)
 .vfp11_veneer  0x00001c20        0x0 linker stubs
 *(.bootloader)
 *(.ARM.extab* .gnu.linkonce.armextab.*)
 *(.gcc_except_table)

.v4_bx          0x00001c20        0x0
 .v4_bx         0x00001c20        0x0 linker stubs

.iplt           0x00001c20        0x0
 .iplt          0x00001c20        0x0 e:/programmer/cypres/psoc creator/4.3/psoc creator/import/gnu/arm/5.4.1/bin/../lib/gcc/arm-none-eabi/5.4.1/armv7-m/crtbegin.o

.eh_frame_hdr
 *(.eh_frame_hdr)

.eh_frame       0x00001c20        0x4
 *(.eh_frame)
 .eh_frame      0x00001c20        0x0 e:/programmer/cypres/psoc creator/4.3/psoc creator/import/gnu/arm/5.4.1/bin/../lib/gcc/arm-none-eabi/5.4.1/armv7-m/crtbegin.o
 .eh_frame      0x00001c20        0x4 e:/programmer/cypres/psoc creator/4.3/psoc creator/import/gnu/arm/5.4.1/bin/../lib/gcc/arm-none-eabi/5.4.1/armv7-m/crtend.o
                [!provide]                PROVIDE (__exidx_start, .)

.ARM.exidx
 *(.ARM.exidx* .gnu.linkonce.armexidx.*)
                0x00001c24                __exidx_end = .

.rodata         0x00001c24      0x124
 *(.rodata .rodata.* .gnu.linkonce.r.*)
 .rodata.str1.4
                0x00001c24       0x80 .\CortexM3\ARM_GCC_541\Debug\main.o
                                 0x7e (size before relaxing)
 .rodata        0x00001ca4       0x3a .\CortexM3\ARM_GCC_541\Debug\cyfitter_cfg.o
 .rodata.str1.1
                0x00001cde        0x2 e:/programmer/cypres/psoc creator/4.3/psoc creator/import/gnu/arm/5.4.1/bin/../lib/gcc/arm-none-eabi/5.4.1/../../../../arm-none-eabi/lib/armv7-m\libg_nano.a(lib_a-impure.o)
 .rodata.str1.1
                0x00001ce0       0x11 e:/programmer/cypres/psoc creator/4.3/psoc creator/import/gnu/arm/5.4.1/bin/../lib/gcc/arm-none-eabi/5.4.1/../../../../arm-none-eabi/lib/armv7-m\libg_nano.a(lib_a-nano-svfprintf.o)
 .rodata.str1.1
                0x00001cf1       0x22 e:/programmer/cypres/psoc creator/4.3/psoc creator/import/gnu/arm/5.4.1/bin/../lib/gcc/arm-none-eabi/5.4.1/../../../../arm-none-eabi/lib/armv7-m\libg_nano.a(lib_a-nano-vfprintf_i.o)
                0x00001d14                . = ALIGN (0x4)
 *fill*         0x00001d13        0x1 
 *(.init)
 .init          0x00001d14        0x4 e:/programmer/cypres/psoc creator/4.3/psoc creator/import/gnu/arm/5.4.1/bin/../lib/gcc/arm-none-eabi/5.4.1/armv7-m/crti.o
                0x00001d14                _init
 .init          0x00001d18        0x8 e:/programmer/cypres/psoc creator/4.3/psoc creator/import/gnu/arm/5.4.1/bin/../lib/gcc/arm-none-eabi/5.4.1/armv7-m/crtn.o
                0x00001d20                . = ALIGN (0x4)
                0x00001d20                __preinit_array_start = .
 *(.preinit_array)
                0x00001d20                __preinit_array_end = .
                0x00001d20                . = ALIGN (0x4)
                0x00001d20                __init_array_start = .
 *(SORT(.init_array.*))
 *(.init_array)
 .init_array    0x00001d20        0x4 e:/programmer/cypres/psoc creator/4.3/psoc creator/import/gnu/arm/5.4.1/bin/../lib/gcc/arm-none-eabi/5.4.1/armv7-m/crtbegin.o
 .init_array    0x00001d24        0x4 .\CortexM3\ARM_GCC_541\Debug\Cm3Start.o
                0x00001d28                __init_array_end = .
                0x00001d28                . = ALIGN (0x4)
 *(.fini)
 .fini          0x00001d28        0x4 e:/programmer/cypres/psoc creator/4.3/psoc creator/import/gnu/arm/5.4.1/bin/../lib/gcc/arm-none-eabi/5.4.1/armv7-m/crti.o
                0x00001d28                _fini
 .fini          0x00001d2c        0x8 e:/programmer/cypres/psoc creator/4.3/psoc creator/import/gnu/arm/5.4.1/bin/../lib/gcc/arm-none-eabi/5.4.1/armv7-m/crtn.o
                0x00001d34                . = ALIGN (0x4)
                0x00001d34                __fini_array_start = .
 *(.fini_array)
 .fini_array    0x00001d34        0x4 e:/programmer/cypres/psoc creator/4.3/psoc creator/import/gnu/arm/5.4.1/bin/../lib/gcc/arm-none-eabi/5.4.1/armv7-m/crtbegin.o
 *(SORT(.fini_array.*))
                0x00001d38                __fini_array_end = .
                0x00001d38                . = ALIGN (0x4)
 *crtbegin.o(.ctors)
 *(EXCLUDE_FILE(*crtend.o) .ctors)
 *(SORT(.ctors.*))
 *crtend.o(.ctors)
                0x00001d38                . = ALIGN (0x4)
 *crtbegin.o(.dtors)
 *(EXCLUDE_FILE(*crtend.o) .dtors)
 *(SORT(.dtors.*))
 *crtend.o(.dtors)
                0x00001d38                . = ALIGN (0x4)
                0x00001d38                __cy_regions = .
                0x00001d38        0x4 LONG 0x1d48 __cy_region_init_ram
                0x00001d3c        0x4 LONG 0x1fff80c8 __cy_region_start_data
                0x00001d40        0x4 LONG 0x80 __cy_region_init_size_ram
                0x00001d44        0x4 LONG 0x170 __cy_region_zero_size_ram
                0x00001d48                __cy_regions_end = .
                0x00001d48                . = ALIGN (0x8)
                0x00001d48                _etext = .

.cy_checksum_exclude
                0x00001d48        0x0
 *(.cy_checksum_exclude)

.ramvectors     0x1fff8000       0xc0
                0x1fff8000                __cy_region_start_ram = .
 *(.ramvectors)
 .ramvectors    0x1fff8000       0xc0 .\CortexM3\ARM_GCC_541\Debug\Cm3Start.o
                0x1fff8000                CyRamVectors

.noinit         0x1fff80c0        0x1
 *(.noinit)
 .noinit        0x1fff80c0        0x1 .\CortexM3\ARM_GCC_541\Debug\PRJ3.a(CyLib.o)
                0x1fff80c0                CyResetStatus

.data           0x1fff80c8       0x80 load address 0x00001d48
                0x1fff80c8                __cy_region_start_data = .
 *(.jcr)
 .jcr           0x1fff80c8        0x0 e:/programmer/cypres/psoc creator/4.3/psoc creator/import/gnu/arm/5.4.1/bin/../lib/gcc/arm-none-eabi/5.4.1/armv7-m/crtbegin.o
 .jcr           0x1fff80c8        0x4 e:/programmer/cypres/psoc creator/4.3/psoc creator/import/gnu/arm/5.4.1/bin/../lib/gcc/arm-none-eabi/5.4.1/armv7-m/crtend.o
 *(.got.plt)
 *(.got)
 *(.shdata)
 *(.data .data.* .gnu.linkonce.d.*)
 .data          0x1fff80cc        0x4 .\CortexM3\ARM_GCC_541\Debug\main.o
                0x1fff80cc                gram_per_adc
 .data          0x1fff80d0        0x4 .\CortexM3\ARM_GCC_541\Debug\Cm3Start.o
 .data          0x1fff80d4       0x10 .\CortexM3\ARM_GCC_541\Debug\PRJ3.a(CyLib.o)
                0x1fff80d4                cydelay_32k_ms
                0x1fff80d8                cydelay_freq_khz
                0x1fff80dc                cydelay_freq_mhz
                0x1fff80e0                cydelay_freq_hz
 .data.impure_data
                0x1fff80e4       0x60 e:/programmer/cypres/psoc creator/4.3/psoc creator/import/gnu/arm/5.4.1/bin/../lib/gcc/arm-none-eabi/5.4.1/../../../../arm-none-eabi/lib/armv7-m\libg_nano.a(lib_a-impure.o)
 .data._impure_ptr
                0x1fff8144        0x4 e:/programmer/cypres/psoc creator/4.3/psoc creator/import/gnu/arm/5.4.1/bin/../lib/gcc/arm-none-eabi/5.4.1/../../../../arm-none-eabi/lib/armv7-m\libg_nano.a(lib_a-impure.o)
                0x1fff8144                _impure_ptr
                0x1fff8148                . = ALIGN (0x8)
 *(.ram)
                0x1fff8148                _edata = .

.igot.plt       0x1fff8148        0x0 load address 0x00001dc8
 .igot.plt      0x1fff8148        0x0 e:/programmer/cypres/psoc creator/4.3/psoc creator/import/gnu/arm/5.4.1/bin/../lib/gcc/arm-none-eabi/5.4.1/armv7-m/crtbegin.o

.bss            0x1fff8148      0x170 load address 0x00001dc8
                0x1fff8148                PROVIDE (__bss_start__, .)
 *(.shbss)
 *(.bss .bss.* .gnu.linkonce.b.*)
 .bss           0x1fff8148       0x1c e:/programmer/cypres/psoc creator/4.3/psoc creator/import/gnu/arm/5.4.1/bin/../lib/gcc/arm-none-eabi/5.4.1/armv7-m/crtbegin.o
 .bss           0x1fff8164        0xc .\CortexM3\ARM_GCC_541\Debug\main.o
                0x1fff8164                msgCount
                0x1fff8168                freq
                0x1fff816a                freqReady
                0x1fff816c                offset_err
 .bss           0x1fff8170        0x2 .\CortexM3\ARM_GCC_541\Debug\PRJ3.a(RPI_UART.o)
                0x1fff8170                RPI_UART_initVar
 .bss           0x1fff8172        0x1 .\CortexM3\ARM_GCC_541\Debug\PRJ3.a(Color_PWM.o)
                0x1fff8172                Color_PWM_initVar
 .bss           0x1fff8173        0x1 .\CortexM3\ARM_GCC_541\Debug\PRJ3.a(Color_Counter.o)
                0x1fff8173                Color_Counter_initVar
 .bss           0x1fff8174        0x1 .\CortexM3\ARM_GCC_541\Debug\PRJ3.a(Weight_ADC.o)
                0x1fff8174                Weight_ADC_initVar
 *fill*         0x1fff8175        0x3 
 .bss.__malloc_sbrk_start
                0x1fff8178        0x4 e:/programmer/cypres/psoc creator/4.3/psoc creator/import/gnu/arm/5.4.1/bin/../lib/gcc/arm-none-eabi/5.4.1/../../../../arm-none-eabi/lib/armv7-m\libg_nano.a(lib_a-nano-mallocr.o)
                0x1fff8178                __malloc_sbrk_start
 .bss.__malloc_free_list
                0x1fff817c        0x4 e:/programmer/cypres/psoc creator/4.3/psoc creator/import/gnu/arm/5.4.1/bin/../lib/gcc/arm-none-eabi/5.4.1/../../../../arm-none-eabi/lib/armv7-m\libg_nano.a(lib_a-nano-mallocr.o)
                0x1fff817c                __malloc_free_list
 *(COMMON)
 COMMON         0x1fff8180      0x126 .\CortexM3\ARM_GCC_541\Debug\main.o
                0x1fff8180                box
                0x1fff8198                sensorColor
                0x1fff81a0                id
                0x1fff81a4                buf
                0x1fff82a4                linearity
 *fill*         0x1fff82a6        0x2 
 COMMON         0x1fff82a8        0xc .\CortexM3\ARM_GCC_541\Debug\PRJ3.a(Weight_ADC.o)
                0x1fff82a8                Weight_ADC_offset
                0x1fff82ac                Weight_ADC_countsPer10Volt
                0x1fff82b0                Weight_ADC_shift
                0x1fff82b2                Weight_ADC_countsPerVolt
 COMMON         0x1fff82b4        0x4 e:/programmer/cypres/psoc creator/4.3/psoc creator/import/gnu/arm/5.4.1/bin/../lib/gcc/arm-none-eabi/5.4.1/../../../../arm-none-eabi/lib/armv7-m\libg_nano.a(lib_a-reent.o)
                0x1fff82b4                errno
                0x1fff82b8                . = ALIGN (0x8)
 *(.ram.b)
                0x1fff82b8                _end = .
                0x1fff82b8                __end = .
                0x1fff82b8                PROVIDE (end, .)
                0x1fff82b8                PROVIDE (__bss_end__, .)
                0x00001d48                __cy_region_init_ram = LOADADDR (.data)
                0x00000080                __cy_region_init_size_ram = (_edata - ADDR (.data))
                0x00000170                __cy_region_zero_size_ram = (_end - _edata)

.heap           0x1fff82b8       0x80 load address 0x00001dc8
                0x1fff82b8                . = _end
                0x1fff8338                . = (. + 0x80)
 *fill*         0x1fff82b8       0x80 
                0x1fff8338                __cy_heap_limit = .

.stack          0x20007800      0x800
                0x20007800                __cy_stack_limit = .
                0x20008000                . = (. + 0x800)
 *fill*         0x20007800      0x800 
                0x00000001                ASSERT ((__cy_stack_limit >= __cy_heap_limit), region RAM overflowed with stack)
                0x00000000                cy_checksum_exclude_size = (CY_APPL_LOADABLE == 0x1)?SIZEOF (.cy_checksum_exclude):0x0
                0x00000001                ASSERT ((cy_checksum_exclude_size <= CY_CHECKSUM_EXCLUDE_SIZE), CY_BOOT: Section .cy_checksum_exclude size exceedes specified limit.)

.cyloadermeta
 *(.cyloadermeta)

.cyloadablemeta
 *(.cyloadablemeta)

.cyconfigecc    0x80000000      0x718
 *(.cyconfigecc)
 .cyconfigecc   0x80000000      0x718 .\CortexM3\ARM_GCC_541\Debug\cymetadata.o
                0x80000000                cy_meta_configecc

.cycustnvl      0x90000000        0x4
 *(.cycustnvl)
 .cycustnvl     0x90000000        0x4 .\CortexM3\ARM_GCC_541\Debug\cymetadata.o
                0x90000000                cy_meta_custnvl

.cywolatch      0x90100000        0x4
 *(.cywolatch)
 .cywolatch     0x90100000        0x4 .\CortexM3\ARM_GCC_541\Debug\cymetadata.o
                0x90100000                cy_meta_wonvl

.cyeeprom       0x90200000        0x0
 *(.cyeeprom)
                0x00000001                ASSERT ((. <= ((0x90200000 + ee_offset) + ee_size)), .cyeeprom data will not fit in EEPROM)

.cyflashprotect
                0x90400000      0x100
 *(.cyflashprotect)
 .cyflashprotect
                0x90400000      0x100 .\CortexM3\ARM_GCC_541\Debug\cymetadata.o
                0x90400000                cy_meta_flashprotect

.cymeta         0x90500000        0xc
 *(.cymeta)
 .cymeta        0x90500000        0xc .\CortexM3\ARM_GCC_541\Debug\cymetadata.o
                0x90500000                cy_metadata

.rel.dyn        0x00001dc8        0x0 load address 0x9050000c
 .rel.iplt      0x00001dc8        0x0 e:/programmer/cypres/psoc creator/4.3/psoc creator/import/gnu/arm/5.4.1/bin/../lib/gcc/arm-none-eabi/5.4.1/armv7-m/crtbegin.o

.stab
 *(.stab)

.stabstr
 *(.stabstr)

.debug
 *(.debug)

.line
 *(.line)

.debug_srcinfo
 *(.debug_srcinfo)

.debug_sfnames
 *(.debug_sfnames)

.debug_aranges  0x00000000      0xc50
 *(.debug_aranges)
 .debug_aranges
                0x00000000       0xc0 .\CortexM3\ARM_GCC_541\Debug\main.o
 .debug_aranges
                0x000000c0       0x58 .\CortexM3\ARM_GCC_541\Debug\cyfitter_cfg.o
 .debug_aranges
                0x00000118       0x18 .\CortexM3\ARM_GCC_541\Debug\cymetadata.o
 .debug_aranges
                0x00000130       0x48 .\CortexM3\ARM_GCC_541\Debug\Cm3Start.o
 .debug_aranges
                0x00000178       0x80 .\CortexM3\ARM_GCC_541\Debug\PRJ3.a(isr_IR_Measure.o)
 .debug_aranges
                0x000001f8       0xf0 .\CortexM3\ARM_GCC_541\Debug\PRJ3.a(RPI_UART.o)
 .debug_aranges
                0x000002e8       0x98 .\CortexM3\ARM_GCC_541\Debug\PRJ3.a(Color_PWM.o)
 .debug_aranges
                0x00000380       0x98 .\CortexM3\ARM_GCC_541\Debug\PRJ3.a(Color_Counter.o)
 .debug_aranges
                0x00000418       0x80 .\CortexM3\ARM_GCC_541\Debug\PRJ3.a(isr_Color.o)
 .debug_aranges
                0x00000498       0x38 .\CortexM3\ARM_GCC_541\Debug\PRJ3.a(Color_Pin_Freq_Scale.o)
 .debug_aranges
                0x000004d0       0x28 .\CortexM3\ARM_GCC_541\Debug\PRJ3.a(Color_Reset.o)
 .debug_aranges
                0x000004f8       0x38 .\CortexM3\ARM_GCC_541\Debug\PRJ3.a(Color_Pin_Freq.o)
 .debug_aranges
                0x00000530       0x38 .\CortexM3\ARM_GCC_541\Debug\PRJ3.a(Color_Pin_Color_Ctrl.o)
 .debug_aranges
                0x00000568       0x38 .\CortexM3\ARM_GCC_541\Debug\PRJ3.a(Color_Pin_LED.o)
 .debug_aranges
                0x000005a0       0x98 .\CortexM3\ARM_GCC_541\Debug\PRJ3.a(Motor_PWM.o)
 .debug_aranges
                0x00000638       0x70 .\CortexM3\ARM_GCC_541\Debug\PRJ3.a(RPI_UART_IntClock.o)
 .debug_aranges
                0x000006a8      0x2a0 .\CortexM3\ARM_GCC_541\Debug\PRJ3.a(CyLib.o)
 .debug_aranges
                0x00000948       0x98 .\CortexM3\ARM_GCC_541\Debug\PRJ3.a(cyPm.o)
 .debug_aranges
                0x000009e0       0xa8 .\CortexM3\ARM_GCC_541\Debug\PRJ3.a(Weight_ADC.o)
 .debug_aranges
                0x00000a88       0x20 .\CortexM3\ARM_GCC_541\Debug\PRJ3.a(Weight_ADC_INT.o)
 .debug_aranges
                0x00000aa8       0x80 .\CortexM3\ARM_GCC_541\Debug\PRJ3.a(Weight_ADC_theACLK.o)
 .debug_aranges
                0x00000b28       0x20 .\CortexM3\ARM_GCC_541\Debug\PRJ3.a(CyBootAsmGnu.o)
 .debug_aranges
                0x00000b48       0x88 .\CortexM3\ARM_GCC_541\Debug\PRJ3.a(CyFlash.o)
 .debug_aranges
                0x00000bd0       0x80 .\CortexM3\ARM_GCC_541\Debug\PRJ3.a(CySpc.o)

.debug_pubnames
 *(.debug_pubnames)

.debug_info     0x00000000     0x6592
 *(.debug_info .gnu.linkonce.wi.*)
 .debug_info    0x00000000      0xa52 .\CortexM3\ARM_GCC_541\Debug\main.o
 .debug_info    0x00000a52      0x619 .\CortexM3\ARM_GCC_541\Debug\cyfitter_cfg.o
 .debug_info    0x0000106b      0x139 .\CortexM3\ARM_GCC_541\Debug\cymetadata.o
 .debug_info    0x000011a4      0x3bb .\CortexM3\ARM_GCC_541\Debug\Cm3Start.o
 .debug_info    0x0000155f      0x2d2 .\CortexM3\ARM_GCC_541\Debug\PRJ3.a(isr_IR_Measure.o)
 .debug_info    0x00001831      0x60c .\CortexM3\ARM_GCC_541\Debug\PRJ3.a(RPI_UART.o)
 .debug_info    0x00001e3d      0x354 .\CortexM3\ARM_GCC_541\Debug\PRJ3.a(Color_PWM.o)
 .debug_info    0x00002191      0x344 .\CortexM3\ARM_GCC_541\Debug\PRJ3.a(Color_Counter.o)
 .debug_info    0x000024d5      0x2d2 .\CortexM3\ARM_GCC_541\Debug\PRJ3.a(isr_Color.o)
 .debug_info    0x000027a7      0x11f .\CortexM3\ARM_GCC_541\Debug\PRJ3.a(Color_Pin_Freq_Scale.o)
 .debug_info    0x000028c6       0xd6 .\CortexM3\ARM_GCC_541\Debug\PRJ3.a(Color_Reset.o)
 .debug_info    0x0000299c      0x11f .\CortexM3\ARM_GCC_541\Debug\PRJ3.a(Color_Pin_Freq.o)
 .debug_info    0x00002abb      0x11f .\CortexM3\ARM_GCC_541\Debug\PRJ3.a(Color_Pin_Color_Ctrl.o)
 .debug_info    0x00002bda      0x11f .\CortexM3\ARM_GCC_541\Debug\PRJ3.a(Color_Pin_LED.o)
 .debug_info    0x00002cf9      0x334 .\CortexM3\ARM_GCC_541\Debug\PRJ3.a(Motor_PWM.o)
 .debug_info    0x0000302d      0x283 .\CortexM3\ARM_GCC_541\Debug\PRJ3.a(RPI_UART_IntClock.o)
 .debug_info    0x000032b0     0x1374 .\CortexM3\ARM_GCC_541\Debug\PRJ3.a(CyLib.o)
 .debug_info    0x00004624      0xa2a .\CortexM3\ARM_GCC_541\Debug\PRJ3.a(cyPm.o)
 .debug_info    0x0000504e      0x5c0 .\CortexM3\ARM_GCC_541\Debug\PRJ3.a(Weight_ADC.o)
 .debug_info    0x0000560e       0x92 .\CortexM3\ARM_GCC_541\Debug\PRJ3.a(Weight_ADC_INT.o)
 .debug_info    0x000056a0      0x2c4 .\CortexM3\ARM_GCC_541\Debug\PRJ3.a(Weight_ADC_theACLK.o)
 .debug_info    0x00005964       0x91 .\CortexM3\ARM_GCC_541\Debug\PRJ3.a(CyBootAsmGnu.o)
 .debug_info    0x000059f5      0x64d .\CortexM3\ARM_GCC_541\Debug\PRJ3.a(CyFlash.o)
 .debug_info    0x00006042      0x550 .\CortexM3\ARM_GCC_541\Debug\PRJ3.a(CySpc.o)

.debug_abbrev   0x00000000     0x1d0a
 *(.debug_abbrev)
 .debug_abbrev  0x00000000      0x26f .\CortexM3\ARM_GCC_541\Debug\main.o
 .debug_abbrev  0x0000026f      0x20d .\CortexM3\ARM_GCC_541\Debug\cyfitter_cfg.o
 .debug_abbrev  0x0000047c       0x77 .\CortexM3\ARM_GCC_541\Debug\cymetadata.o
 .debug_abbrev  0x000004f3      0x1e8 .\CortexM3\ARM_GCC_541\Debug\Cm3Start.o
 .debug_abbrev  0x000006db      0x173 .\CortexM3\ARM_GCC_541\Debug\PRJ3.a(isr_IR_Measure.o)
 .debug_abbrev  0x0000084e      0x175 .\CortexM3\ARM_GCC_541\Debug\PRJ3.a(RPI_UART.o)
 .debug_abbrev  0x000009c3      0x133 .\CortexM3\ARM_GCC_541\Debug\PRJ3.a(Color_PWM.o)
 .debug_abbrev  0x00000af6      0x117 .\CortexM3\ARM_GCC_541\Debug\PRJ3.a(Color_Counter.o)
 .debug_abbrev  0x00000c0d      0x173 .\CortexM3\ARM_GCC_541\Debug\PRJ3.a(isr_Color.o)
 .debug_abbrev  0x00000d80       0x90 .\CortexM3\ARM_GCC_541\Debug\PRJ3.a(Color_Pin_Freq_Scale.o)
 .debug_abbrev  0x00000e10       0x81 .\CortexM3\ARM_GCC_541\Debug\PRJ3.a(Color_Reset.o)
 .debug_abbrev  0x00000e91       0x90 .\CortexM3\ARM_GCC_541\Debug\PRJ3.a(Color_Pin_Freq.o)
 .debug_abbrev  0x00000f21       0x90 .\CortexM3\ARM_GCC_541\Debug\PRJ3.a(Color_Pin_Color_Ctrl.o)
 .debug_abbrev  0x00000fb1       0x90 .\CortexM3\ARM_GCC_541\Debug\PRJ3.a(Color_Pin_LED.o)
 .debug_abbrev  0x00001041      0x133 .\CortexM3\ARM_GCC_541\Debug\PRJ3.a(Motor_PWM.o)
 .debug_abbrev  0x00001174      0x139 .\CortexM3\ARM_GCC_541\Debug\PRJ3.a(RPI_UART_IntClock.o)
 .debug_abbrev  0x000012ad      0x254 .\CortexM3\ARM_GCC_541\Debug\PRJ3.a(CyLib.o)
 .debug_abbrev  0x00001501      0x1ab .\CortexM3\ARM_GCC_541\Debug\PRJ3.a(cyPm.o)
 .debug_abbrev  0x000016ac      0x1ac .\CortexM3\ARM_GCC_541\Debug\PRJ3.a(Weight_ADC.o)
 .debug_abbrev  0x00001858       0x42 .\CortexM3\ARM_GCC_541\Debug\PRJ3.a(Weight_ADC_INT.o)
 .debug_abbrev  0x0000189a      0x121 .\CortexM3\ARM_GCC_541\Debug\PRJ3.a(Weight_ADC_theACLK.o)
 .debug_abbrev  0x000019bb       0x14 .\CortexM3\ARM_GCC_541\Debug\PRJ3.a(CyBootAsmGnu.o)
 .debug_abbrev  0x000019cf      0x1a7 .\CortexM3\ARM_GCC_541\Debug\PRJ3.a(CyFlash.o)
 .debug_abbrev  0x00001b76      0x194 .\CortexM3\ARM_GCC_541\Debug\PRJ3.a(CySpc.o)

.debug_line     0x00000000     0x2cdb
 *(.debug_line)
 .debug_line    0x00000000      0x4d0 .\CortexM3\ARM_GCC_541\Debug\main.o
 .debug_line    0x000004d0      0x200 .\CortexM3\ARM_GCC_541\Debug\cyfitter_cfg.o
 .debug_line    0x000006d0      0x12d .\CortexM3\ARM_GCC_541\Debug\cymetadata.o
 .debug_line    0x000007fd      0x220 .\CortexM3\ARM_GCC_541\Debug\Cm3Start.o
 .debug_line    0x00000a1d      0x13b .\CortexM3\ARM_GCC_541\Debug\PRJ3.a(isr_IR_Measure.o)
 .debug_line    0x00000b58      0x2c4 .\CortexM3\ARM_GCC_541\Debug\PRJ3.a(RPI_UART.o)
 .debug_line    0x00000e1c      0x18c .\CortexM3\ARM_GCC_541\Debug\PRJ3.a(Color_PWM.o)
 .debug_line    0x00000fa8      0x18f .\CortexM3\ARM_GCC_541\Debug\PRJ3.a(Color_Counter.o)
 .debug_line    0x00001137      0x136 .\CortexM3\ARM_GCC_541\Debug\PRJ3.a(isr_Color.o)
 .debug_line    0x0000126d       0xa1 .\CortexM3\ARM_GCC_541\Debug\PRJ3.a(Color_Pin_Freq_Scale.o)
 .debug_line    0x0000130e       0x73 .\CortexM3\ARM_GCC_541\Debug\PRJ3.a(Color_Reset.o)
 .debug_line    0x00001381       0x9b .\CortexM3\ARM_GCC_541\Debug\PRJ3.a(Color_Pin_Freq.o)
 .debug_line    0x0000141c       0xa2 .\CortexM3\ARM_GCC_541\Debug\PRJ3.a(Color_Pin_Color_Ctrl.o)
 .debug_line    0x000014be       0x9a .\CortexM3\ARM_GCC_541\Debug\PRJ3.a(Color_Pin_LED.o)
 .debug_line    0x00001558      0x189 .\CortexM3\ARM_GCC_541\Debug\PRJ3.a(Motor_PWM.o)
 .debug_line    0x000016e1      0x180 .\CortexM3\ARM_GCC_541\Debug\PRJ3.a(RPI_UART_IntClock.o)
 .debug_line    0x00001861      0x816 .\CortexM3\ARM_GCC_541\Debug\PRJ3.a(CyLib.o)
 .debug_line    0x00002077      0x367 .\CortexM3\ARM_GCC_541\Debug\PRJ3.a(cyPm.o)
 .debug_line    0x000023de      0x222 .\CortexM3\ARM_GCC_541\Debug\PRJ3.a(Weight_ADC.o)
 .debug_line    0x00002600       0x57 .\CortexM3\ARM_GCC_541\Debug\PRJ3.a(Weight_ADC_INT.o)
 .debug_line    0x00002657      0x1a4 .\CortexM3\ARM_GCC_541\Debug\PRJ3.a(Weight_ADC_theACLK.o)
 .debug_line    0x000027fb       0x66 .\CortexM3\ARM_GCC_541\Debug\PRJ3.a(CyBootAsmGnu.o)
 .debug_line    0x00002861      0x21a .\CortexM3\ARM_GCC_541\Debug\PRJ3.a(CyFlash.o)
 .debug_line    0x00002a7b      0x260 .\CortexM3\ARM_GCC_541\Debug\PRJ3.a(CySpc.o)

.debug_frame    0x00000000     0x21b8
 *(.debug_frame)
 .debug_frame   0x00000000      0x24c .\CortexM3\ARM_GCC_541\Debug\main.o
 .debug_frame   0x0000024c       0xfc .\CortexM3\ARM_GCC_541\Debug\cyfitter_cfg.o
 .debug_frame   0x00000348       0xb8 .\CortexM3\ARM_GCC_541\Debug\Cm3Start.o
 .debug_frame   0x00000400      0x104 .\CortexM3\ARM_GCC_541\Debug\PRJ3.a(isr_IR_Measure.o)
 .debug_frame   0x00000504      0x250 .\CortexM3\ARM_GCC_541\Debug\PRJ3.a(RPI_UART.o)
 .debug_frame   0x00000754      0x134 .\CortexM3\ARM_GCC_541\Debug\PRJ3.a(Color_PWM.o)
 .debug_frame   0x00000888      0x134 .\CortexM3\ARM_GCC_541\Debug\PRJ3.a(Color_Counter.o)
 .debug_frame   0x000009bc      0x104 .\CortexM3\ARM_GCC_541\Debug\PRJ3.a(isr_Color.o)
 .debug_frame   0x00000ac0       0x50 .\CortexM3\ARM_GCC_541\Debug\PRJ3.a(Color_Pin_Freq_Scale.o)
 .debug_frame   0x00000b10       0x30 .\CortexM3\ARM_GCC_541\Debug\PRJ3.a(Color_Reset.o)
 .debug_frame   0x00000b40       0x50 .\CortexM3\ARM_GCC_541\Debug\PRJ3.a(Color_Pin_Freq.o)
 .debug_frame   0x00000b90       0x50 .\CortexM3\ARM_GCC_541\Debug\PRJ3.a(Color_Pin_Color_Ctrl.o)
 .debug_frame   0x00000be0       0x50 .\CortexM3\ARM_GCC_541\Debug\PRJ3.a(Color_Pin_LED.o)
 .debug_frame   0x00000c30      0x134 .\CortexM3\ARM_GCC_541\Debug\PRJ3.a(Motor_PWM.o)
 .debug_frame   0x00000d64       0xe0 .\CortexM3\ARM_GCC_541\Debug\PRJ3.a(RPI_UART_IntClock.o)
 .debug_frame   0x00000e44      0x738 .\CortexM3\ARM_GCC_541\Debug\PRJ3.a(CyLib.o)
 .debug_frame   0x0000157c      0x1f8 .\CortexM3\ARM_GCC_541\Debug\PRJ3.a(cyPm.o)
 .debug_frame   0x00001774      0x1b0 .\CortexM3\ARM_GCC_541\Debug\PRJ3.a(Weight_ADC.o)
 .debug_frame   0x00001924       0x20 .\CortexM3\ARM_GCC_541\Debug\PRJ3.a(Weight_ADC_INT.o)
 .debug_frame   0x00001944      0x100 .\CortexM3\ARM_GCC_541\Debug\PRJ3.a(Weight_ADC_theACLK.o)
 .debug_frame   0x00001a44      0x194 .\CortexM3\ARM_GCC_541\Debug\PRJ3.a(CyFlash.o)
 .debug_frame   0x00001bd8      0x180 .\CortexM3\ARM_GCC_541\Debug\PRJ3.a(CySpc.o)
 .debug_frame   0x00001d58       0x44 e:/programmer/cypres/psoc creator/4.3/psoc creator/import/gnu/arm/5.4.1/bin/../lib/gcc/arm-none-eabi/5.4.1/armv7-m\libgcc.a(_aeabi_ldivmod.o)
 .debug_frame   0x00001d9c       0x38 e:/programmer/cypres/psoc creator/4.3/psoc creator/import/gnu/arm/5.4.1/bin/../lib/gcc/arm-none-eabi/5.4.1/armv7-m\libgcc.a(_udivmoddi4.o)
 .debug_frame   0x00001dd4       0x20 e:/programmer/cypres/psoc creator/4.3/psoc creator/import/gnu/arm/5.4.1/bin/../lib/gcc/arm-none-eabi/5.4.1/../../../../arm-none-eabi/lib/armv7-m\libg_nano.a(lib_a-errno.o)
 .debug_frame   0x00001df4       0x28 e:/programmer/cypres/psoc creator/4.3/psoc creator/import/gnu/arm/5.4.1/bin/../lib/gcc/arm-none-eabi/5.4.1/../../../../arm-none-eabi/lib/armv7-m\libg_nano.a(lib_a-exit.o)
 .debug_frame   0x00001e1c       0x2c e:/programmer/cypres/psoc creator/4.3/psoc creator/import/gnu/arm/5.4.1/bin/../lib/gcc/arm-none-eabi/5.4.1/../../../../arm-none-eabi/lib/armv7-m\libg_nano.a(lib_a-init.o)
 .debug_frame   0x00001e48       0x28 e:/programmer/cypres/psoc creator/4.3/psoc creator/import/gnu/arm/5.4.1/bin/../lib/gcc/arm-none-eabi/5.4.1/../../../../arm-none-eabi/lib/armv7-m\libg_nano.a(lib_a-memcpy-stub.o)
 .debug_frame   0x00001e70       0x20 e:/programmer/cypres/psoc creator/4.3/psoc creator/import/gnu/arm/5.4.1/bin/../lib/gcc/arm-none-eabi/5.4.1/../../../../arm-none-eabi/lib/armv7-m\libg_nano.a(lib_a-memset.o)
 .debug_frame   0x00001e90       0x70 e:/programmer/cypres/psoc creator/4.3/psoc creator/import/gnu/arm/5.4.1/bin/../lib/gcc/arm-none-eabi/5.4.1/../../../../arm-none-eabi/lib/armv7-m\libg_nano.a(lib_a-sprintf.o)
 .debug_frame   0x00001f00       0x90 e:/programmer/cypres/psoc creator/4.3/psoc creator/import/gnu/arm/5.4.1/bin/../lib/gcc/arm-none-eabi/5.4.1/../../../../arm-none-eabi/lib/armv7-m\libg_nano.a(lib_a-nano-svfprintf.o)
 .debug_frame   0x00001f90       0x60 e:/programmer/cypres/psoc creator/4.3/psoc creator/import/gnu/arm/5.4.1/bin/../lib/gcc/arm-none-eabi/5.4.1/../../../../arm-none-eabi/lib/armv7-m\libg_nano.a(lib_a-nano-vfprintf_i.o)
 .debug_frame   0x00001ff0       0x28 e:/programmer/cypres/psoc creator/4.3/psoc creator/import/gnu/arm/5.4.1/bin/../lib/gcc/arm-none-eabi/5.4.1/../../../../arm-none-eabi/lib/armv7-m\libg_nano.a(lib_a-memchr-stub.o)
 .debug_frame   0x00002018       0x28 e:/programmer/cypres/psoc creator/4.3/psoc creator/import/gnu/arm/5.4.1/bin/../lib/gcc/arm-none-eabi/5.4.1/../../../../arm-none-eabi/lib/armv7-m\libg_nano.a(lib_a-memmove.o)
 .debug_frame   0x00002040       0x38 e:/programmer/cypres/psoc creator/4.3/psoc creator/import/gnu/arm/5.4.1/bin/../lib/gcc/arm-none-eabi/5.4.1/../../../../arm-none-eabi/lib/armv7-m\libg_nano.a(lib_a-nano-freer.o)
 .debug_frame   0x00002078       0x2c e:/programmer/cypres/psoc creator/4.3/psoc creator/import/gnu/arm/5.4.1/bin/../lib/gcc/arm-none-eabi/5.4.1/../../../../arm-none-eabi/lib/armv7-m\libg_nano.a(lib_a-nano-mallocr.o)
 .debug_frame   0x000020a4       0x3c e:/programmer/cypres/psoc creator/4.3/psoc creator/import/gnu/arm/5.4.1/bin/../lib/gcc/arm-none-eabi/5.4.1/../../../../arm-none-eabi/lib/armv7-m\libg_nano.a(lib_a-nano-reallocr.o)
 .debug_frame   0x000020e0       0x2c e:/programmer/cypres/psoc creator/4.3/psoc creator/import/gnu/arm/5.4.1/bin/../lib/gcc/arm-none-eabi/5.4.1/../../../../arm-none-eabi/lib/armv7-m\libg_nano.a(lib_a-sbrkr.o)
 .debug_frame   0x0000210c       0x30 e:/programmer/cypres/psoc creator/4.3/psoc creator/import/gnu/arm/5.4.1/bin/../lib/gcc/arm-none-eabi/5.4.1/../../../../arm-none-eabi/lib/armv7-m\libg_nano.a(lib_a-mlock.o)
 .debug_frame   0x0000213c       0x20 e:/programmer/cypres/psoc creator/4.3/psoc creator/import/gnu/arm/5.4.1/bin/../lib/gcc/arm-none-eabi/5.4.1/../../../../arm-none-eabi/lib/armv7-m\libg_nano.a(lib_a-nano-msizer.o)
 .debug_frame   0x0000215c       0x5c e:/programmer/cypres/psoc creator/4.3/psoc creator/import/gnu/arm/5.4.1/bin/../lib/gcc/arm-none-eabi/5.4.1/../../../../arm-none-eabi/lib/armv7-m\libg_nano.a(lib_a-reent.o)

.debug_str      0x00000000     0x28ee
 *(.debug_str)
 .debug_str     0x00000000      0x518 .\CortexM3\ARM_GCC_541\Debug\main.o
                                0x57e (size before relaxing)
 .debug_str     0x00000518      0x1ab .\CortexM3\ARM_GCC_541\Debug\cyfitter_cfg.o
                                0x34f (size before relaxing)
 .debug_str     0x000006c3       0x7f .\CortexM3\ARM_GCC_541\Debug\cymetadata.o
                                0x1e5 (size before relaxing)
 .debug_str     0x00000742      0x144 .\CortexM3\ARM_GCC_541\Debug\Cm3Start.o
                                0x30b (size before relaxing)
 .debug_str     0x00000886      0x165 .\CortexM3\ARM_GCC_541\Debug\PRJ3.a(isr_IR_Measure.o)
                                0x325 (size before relaxing)
 .debug_str     0x000009eb      0x32e .\CortexM3\ARM_GCC_541\Debug\PRJ3.a(RPI_UART.o)
                                0x4f2 (size before relaxing)
 .debug_str     0x00000d19      0x1cb .\CortexM3\ARM_GCC_541\Debug\PRJ3.a(Color_PWM.o)
                                0x3ab (size before relaxing)
 .debug_str     0x00000ee4      0x1cb .\CortexM3\ARM_GCC_541\Debug\PRJ3.a(Color_Counter.o)
                                0x3f1 (size before relaxing)
 .debug_str     0x000010af       0xf5 .\CortexM3\ARM_GCC_541\Debug\PRJ3.a(isr_Color.o)
                                0x2df (size before relaxing)
 .debug_str     0x000011a4       0x9b .\CortexM3\ARM_GCC_541\Debug\PRJ3.a(Color_Pin_Freq_Scale.o)
                                0x22e (size before relaxing)
 .debug_str     0x0000123f       0x36 .\CortexM3\ARM_GCC_541\Debug\PRJ3.a(Color_Reset.o)
                                0x1c2 (size before relaxing)
 .debug_str     0x00001275       0x73 .\CortexM3\ARM_GCC_541\Debug\PRJ3.a(Color_Pin_Freq.o)
                                0x210 (size before relaxing)
 .debug_str     0x000012e8       0x8b .\CortexM3\ARM_GCC_541\Debug\PRJ3.a(Color_Pin_Color_Ctrl.o)
                                0x22e (size before relaxing)
 .debug_str     0x00001373       0x6f .\CortexM3\ARM_GCC_541\Debug\PRJ3.a(Color_Pin_LED.o)
                                0x20b (size before relaxing)
 .debug_str     0x000013e2      0x18a .\CortexM3\ARM_GCC_541\Debug\PRJ3.a(Motor_PWM.o)
                                0x39e (size before relaxing)
 .debug_str     0x0000156c      0x1b1 .\CortexM3\ARM_GCC_541\Debug\PRJ3.a(RPI_UART_IntClock.o)
                                0x367 (size before relaxing)
 .debug_str     0x0000171d      0x7de .\CortexM3\ARM_GCC_541\Debug\PRJ3.a(CyLib.o)
                                0xa48 (size before relaxing)
 .debug_str     0x00001efb      0x365 .\CortexM3\ARM_GCC_541\Debug\PRJ3.a(cyPm.o)
                                0x734 (size before relaxing)
 .debug_str     0x00002260      0x227 .\CortexM3\ARM_GCC_541\Debug\PRJ3.a(Weight_ADC.o)
                                0x4d7 (size before relaxing)
 .debug_str     0x00002487       0x37 .\CortexM3\ARM_GCC_541\Debug\PRJ3.a(Weight_ADC_INT.o)
                                0x19e (size before relaxing)
 .debug_str     0x000024be      0x1c9 .\CortexM3\ARM_GCC_541\Debug\PRJ3.a(Weight_ADC_theACLK.o)
                                0x3c4 (size before relaxing)
 .debug_str     0x00002687      0x1bb .\CortexM3\ARM_GCC_541\Debug\PRJ3.a(CyFlash.o)
                                0x3c1 (size before relaxing)
 .debug_str     0x00002842       0xac .\CortexM3\ARM_GCC_541\Debug\PRJ3.a(CySpc.o)
                                0x339 (size before relaxing)

.debug_loc      0x00000000     0x25b6
 *(.debug_loc)
 .debug_loc     0x00000000      0x1b3 .\CortexM3\ARM_GCC_541\Debug\main.o
 .debug_loc     0x000001b3      0x280 .\CortexM3\ARM_GCC_541\Debug\cyfitter_cfg.o
 .debug_loc     0x00000433      0x144 .\CortexM3\ARM_GCC_541\Debug\Cm3Start.o
 .debug_loc     0x00000577       0x56 .\CortexM3\ARM_GCC_541\Debug\PRJ3.a(isr_IR_Measure.o)
 .debug_loc     0x000005cd      0x258 .\CortexM3\ARM_GCC_541\Debug\PRJ3.a(RPI_UART.o)
 .debug_loc     0x00000825       0x26 .\CortexM3\ARM_GCC_541\Debug\PRJ3.a(Color_PWM.o)
 .debug_loc     0x0000084b       0x31 .\CortexM3\ARM_GCC_541\Debug\PRJ3.a(Color_Counter.o)
 .debug_loc     0x0000087c       0x56 .\CortexM3\ARM_GCC_541\Debug\PRJ3.a(isr_Color.o)
 .debug_loc     0x000008d2       0x42 .\CortexM3\ARM_GCC_541\Debug\PRJ3.a(Color_Pin_Freq_Scale.o)
 .debug_loc     0x00000914       0x42 .\CortexM3\ARM_GCC_541\Debug\PRJ3.a(Color_Pin_Freq.o)
 .debug_loc     0x00000956       0x42 .\CortexM3\ARM_GCC_541\Debug\PRJ3.a(Color_Pin_Color_Ctrl.o)
 .debug_loc     0x00000998       0x42 .\CortexM3\ARM_GCC_541\Debug\PRJ3.a(Color_Pin_LED.o)
 .debug_loc     0x000009da       0x26 .\CortexM3\ARM_GCC_541\Debug\PRJ3.a(Motor_PWM.o)
 .debug_loc     0x00000a00      0x128 .\CortexM3\ARM_GCC_541\Debug\PRJ3.a(RPI_UART_IntClock.o)
 .debug_loc     0x00000b28      0xa11 .\CortexM3\ARM_GCC_541\Debug\PRJ3.a(CyLib.o)
 .debug_loc     0x00001539      0x1e4 .\CortexM3\ARM_GCC_541\Debug\PRJ3.a(cyPm.o)
 .debug_loc     0x0000171d      0x295 .\CortexM3\ARM_GCC_541\Debug\PRJ3.a(Weight_ADC.o)
 .debug_loc     0x000019b2      0x14d .\CortexM3\ARM_GCC_541\Debug\PRJ3.a(Weight_ADC_theACLK.o)
 .debug_loc     0x00001aff      0x3b2 .\CortexM3\ARM_GCC_541\Debug\PRJ3.a(CyFlash.o)
 .debug_loc     0x00001eb1      0x705 .\CortexM3\ARM_GCC_541\Debug\PRJ3.a(CySpc.o)

.debug_macinfo
 *(.debug_macinfo)

.debug_ranges   0x00000000      0xad0
 *(.debug_ranges)
 .debug_ranges  0x00000000       0xc8 .\CortexM3\ARM_GCC_541\Debug\main.o
 .debug_ranges  0x000000c8       0x48 .\CortexM3\ARM_GCC_541\Debug\cyfitter_cfg.o
 .debug_ranges  0x00000110       0x38 .\CortexM3\ARM_GCC_541\Debug\Cm3Start.o
 .debug_ranges  0x00000148       0x70 .\CortexM3\ARM_GCC_541\Debug\PRJ3.a(isr_IR_Measure.o)
 .debug_ranges  0x000001b8       0xe0 .\CortexM3\ARM_GCC_541\Debug\PRJ3.a(RPI_UART.o)
 .debug_ranges  0x00000298       0x88 .\CortexM3\ARM_GCC_541\Debug\PRJ3.a(Color_PWM.o)
 .debug_ranges  0x00000320       0x88 .\CortexM3\ARM_GCC_541\Debug\PRJ3.a(Color_Counter.o)
 .debug_ranges  0x000003a8       0x70 .\CortexM3\ARM_GCC_541\Debug\PRJ3.a(isr_Color.o)
 .debug_ranges  0x00000418       0x28 .\CortexM3\ARM_GCC_541\Debug\PRJ3.a(Color_Pin_Freq_Scale.o)
 .debug_ranges  0x00000440       0x18 .\CortexM3\ARM_GCC_541\Debug\PRJ3.a(Color_Reset.o)
 .debug_ranges  0x00000458       0x28 .\CortexM3\ARM_GCC_541\Debug\PRJ3.a(Color_Pin_Freq.o)
 .debug_ranges  0x00000480       0x28 .\CortexM3\ARM_GCC_541\Debug\PRJ3.a(Color_Pin_Color_Ctrl.o)
 .debug_ranges  0x000004a8       0x28 .\CortexM3\ARM_GCC_541\Debug\PRJ3.a(Color_Pin_LED.o)
 .debug_ranges  0x000004d0       0x88 .\CortexM3\ARM_GCC_541\Debug\PRJ3.a(Motor_PWM.o)
 .debug_ranges  0x00000558       0x60 .\CortexM3\ARM_GCC_541\Debug\PRJ3.a(RPI_UART_IntClock.o)
 .debug_ranges  0x000005b8      0x290 .\CortexM3\ARM_GCC_541\Debug\PRJ3.a(CyLib.o)
 .debug_ranges  0x00000848       0x88 .\CortexM3\ARM_GCC_541\Debug\PRJ3.a(cyPm.o)
 .debug_ranges  0x000008d0       0x98 .\CortexM3\ARM_GCC_541\Debug\PRJ3.a(Weight_ADC.o)
 .debug_ranges  0x00000968       0x10 .\CortexM3\ARM_GCC_541\Debug\PRJ3.a(Weight_ADC_INT.o)
 .debug_ranges  0x00000978       0x70 .\CortexM3\ARM_GCC_541\Debug\PRJ3.a(Weight_ADC_theACLK.o)
 .debug_ranges  0x000009e8       0x78 .\CortexM3\ARM_GCC_541\Debug\PRJ3.a(CyFlash.o)
 .debug_ranges  0x00000a60       0x70 .\CortexM3\ARM_GCC_541\Debug\PRJ3.a(CySpc.o)

.comment        0x00000000       0x6e
 .comment       0x00000000       0x6e .\CortexM3\ARM_GCC_541\Debug\main.o
                                 0x6f (size before relaxing)
 .comment       0x0000006e       0x6f .\CortexM3\ARM_GCC_541\Debug\cyfitter_cfg.o
 .comment       0x0000006e       0x6f .\CortexM3\ARM_GCC_541\Debug\cymetadata.o
 .comment       0x0000006e       0x6f .\CortexM3\ARM_GCC_541\Debug\Cm3Start.o
 .comment       0x0000006e       0x6f .\CortexM3\ARM_GCC_541\Debug\PRJ3.a(isr_IR_Measure.o)
 .comment       0x0000006e       0x6f .\CortexM3\ARM_GCC_541\Debug\PRJ3.a(RPI_UART.o)
 .comment       0x0000006e       0x6f .\CortexM3\ARM_GCC_541\Debug\PRJ3.a(Color_PWM.o)
 .comment       0x0000006e       0x6f .\CortexM3\ARM_GCC_541\Debug\PRJ3.a(Color_Counter.o)
 .comment       0x0000006e       0x6f .\CortexM3\ARM_GCC_541\Debug\PRJ3.a(isr_Color.o)
 .comment       0x0000006e       0x6f .\CortexM3\ARM_GCC_541\Debug\PRJ3.a(Color_Pin_Freq_Scale.o)
 .comment       0x0000006e       0x6f .\CortexM3\ARM_GCC_541\Debug\PRJ3.a(Color_Reset.o)
 .comment       0x0000006e       0x6f .\CortexM3\ARM_GCC_541\Debug\PRJ3.a(Color_Pin_Freq.o)
 .comment       0x0000006e       0x6f .\CortexM3\ARM_GCC_541\Debug\PRJ3.a(Color_Pin_Color_Ctrl.o)
 .comment       0x0000006e       0x6f .\CortexM3\ARM_GCC_541\Debug\PRJ3.a(Color_Pin_LED.o)
 .comment       0x0000006e       0x6f .\CortexM3\ARM_GCC_541\Debug\PRJ3.a(Motor_PWM.o)
 .comment       0x0000006e       0x6f .\CortexM3\ARM_GCC_541\Debug\PRJ3.a(RPI_UART_IntClock.o)
 .comment       0x0000006e       0x6f .\CortexM3\ARM_GCC_541\Debug\PRJ3.a(CyLib.o)
 .comment       0x0000006e       0x6f .\CortexM3\ARM_GCC_541\Debug\PRJ3.a(cyPm.o)
 .comment       0x0000006e       0x6f .\CortexM3\ARM_GCC_541\Debug\PRJ3.a(Weight_ADC.o)
 .comment       0x0000006e       0x6f .\CortexM3\ARM_GCC_541\Debug\PRJ3.a(Weight_ADC_INT.o)
 .comment       0x0000006e       0x6f .\CortexM3\ARM_GCC_541\Debug\PRJ3.a(Weight_ADC_theACLK.o)
 .comment       0x0000006e       0x6f .\CortexM3\ARM_GCC_541\Debug\PRJ3.a(CyFlash.o)
 .comment       0x0000006e       0x6f .\CortexM3\ARM_GCC_541\Debug\PRJ3.a(CySpc.o)

.debug_weaknames
 *(.debug_weaknames)

.debug_funcnames
 *(.debug_funcnames)

.debug_typenames
 *(.debug_typenames)

.debug_varnames
 *(.debug_varnames)

.note.gnu.arm.ident
 *(.note.gnu.arm.ident)

.ARM.attributes
                0x00000000       0x29
 *(.ARM.attributes)
 .ARM.attributes
                0x00000000       0x1d e:/programmer/cypres/psoc creator/4.3/psoc creator/import/gnu/arm/5.4.1/bin/../lib/gcc/arm-none-eabi/5.4.1/armv7-m/crti.o
 .ARM.attributes
                0x0000001d       0x2d e:/programmer/cypres/psoc creator/4.3/psoc creator/import/gnu/arm/5.4.1/bin/../lib/gcc/arm-none-eabi/5.4.1/armv7-m/crtbegin.o
 .ARM.attributes
                0x0000004a       0x1b e:/programmer/cypres/psoc creator/4.3/psoc creator/import/gnu/arm/5.4.1/bin/../lib/gcc/arm-none-eabi/5.4.1/../../../../arm-none-eabi/lib/armv7-m/crt0.o
 .ARM.attributes
                0x00000065       0x33 .\CortexM3\ARM_GCC_541\Debug\main.o
 .ARM.attributes
                0x00000098       0x33 .\CortexM3\ARM_GCC_541\Debug\cyfitter_cfg.o
 .ARM.attributes
                0x000000cb       0x33 .\CortexM3\ARM_GCC_541\Debug\cymetadata.o
 .ARM.attributes
                0x000000fe       0x33 .\CortexM3\ARM_GCC_541\Debug\Cm3Start.o
 .ARM.attributes
                0x00000131       0x33 .\CortexM3\ARM_GCC_541\Debug\PRJ3.a(isr_IR_Measure.o)
 .ARM.attributes
                0x00000164       0x33 .\CortexM3\ARM_GCC_541\Debug\PRJ3.a(RPI_UART.o)
 .ARM.attributes
                0x00000197       0x33 .\CortexM3\ARM_GCC_541\Debug\PRJ3.a(Color_PWM.o)
 .ARM.attributes
                0x000001ca       0x33 .\CortexM3\ARM_GCC_541\Debug\PRJ3.a(Color_Counter.o)
 .ARM.attributes
                0x000001fd       0x33 .\CortexM3\ARM_GCC_541\Debug\PRJ3.a(isr_Color.o)
 .ARM.attributes
                0x00000230       0x33 .\CortexM3\ARM_GCC_541\Debug\PRJ3.a(Color_Pin_Freq_Scale.o)
 .ARM.attributes
                0x00000263       0x33 .\CortexM3\ARM_GCC_541\Debug\PRJ3.a(Color_Reset.o)
 .ARM.attributes
                0x00000296       0x33 .\CortexM3\ARM_GCC_541\Debug\PRJ3.a(Color_Pin_Freq.o)
 .ARM.attributes
                0x000002c9       0x33 .\CortexM3\ARM_GCC_541\Debug\PRJ3.a(Color_Pin_Color_Ctrl.o)
 .ARM.attributes
                0x000002fc       0x33 .\CortexM3\ARM_GCC_541\Debug\PRJ3.a(Color_Pin_LED.o)
 .ARM.attributes
                0x0000032f       0x33 .\CortexM3\ARM_GCC_541\Debug\PRJ3.a(Motor_PWM.o)
 .ARM.attributes
                0x00000362       0x33 .\CortexM3\ARM_GCC_541\Debug\PRJ3.a(RPI_UART_IntClock.o)
 .ARM.attributes
                0x00000395       0x33 .\CortexM3\ARM_GCC_541\Debug\PRJ3.a(CyLib.o)
 .ARM.attributes
                0x000003c8       0x33 .\CortexM3\ARM_GCC_541\Debug\PRJ3.a(cyPm.o)
 .ARM.attributes
                0x000003fb       0x33 .\CortexM3\ARM_GCC_541\Debug\PRJ3.a(Weight_ADC.o)
 .ARM.attributes
                0x0000042e       0x33 .\CortexM3\ARM_GCC_541\Debug\PRJ3.a(Weight_ADC_INT.o)
 .ARM.attributes
                0x00000461       0x33 .\CortexM3\ARM_GCC_541\Debug\PRJ3.a(Weight_ADC_theACLK.o)
 .ARM.attributes
                0x00000494       0x21 .\CortexM3\ARM_GCC_541\Debug\PRJ3.a(CyBootAsmGnu.o)
 .ARM.attributes
                0x000004b5       0x33 .\CortexM3\ARM_GCC_541\Debug\PRJ3.a(CyFlash.o)
 .ARM.attributes
                0x000004e8       0x33 .\CortexM3\ARM_GCC_541\Debug\PRJ3.a(CySpc.o)
 .ARM.attributes
                0x0000051b       0x1d e:/programmer/cypres/psoc creator/4.3/psoc creator/import/gnu/arm/5.4.1/bin/../lib/gcc/arm-none-eabi/5.4.1/armv7-m\libgcc.a(_arm_addsubsf3.o)
 .ARM.attributes
                0x00000538       0x1d e:/programmer/cypres/psoc creator/4.3/psoc creator/import/gnu/arm/5.4.1/bin/../lib/gcc/arm-none-eabi/5.4.1/armv7-m\libgcc.a(_arm_muldivsf3.o)
 .ARM.attributes
                0x00000555       0x1d e:/programmer/cypres/psoc creator/4.3/psoc creator/import/gnu/arm/5.4.1/bin/../lib/gcc/arm-none-eabi/5.4.1/armv7-m\libgcc.a(_arm_cmpsf2.o)
 .ARM.attributes
                0x00000572       0x1d e:/programmer/cypres/psoc creator/4.3/psoc creator/import/gnu/arm/5.4.1/bin/../lib/gcc/arm-none-eabi/5.4.1/armv7-m\libgcc.a(_arm_fixunssfsi.o)
 .ARM.attributes
                0x0000058f       0x1d e:/programmer/cypres/psoc creator/4.3/psoc creator/import/gnu/arm/5.4.1/bin/../lib/gcc/arm-none-eabi/5.4.1/armv7-m\libgcc.a(_aeabi_ldivmod.o)
 .ARM.attributes
                0x000005ac       0x2d e:/programmer/cypres/psoc creator/4.3/psoc creator/import/gnu/arm/5.4.1/bin/../lib/gcc/arm-none-eabi/5.4.1/armv7-m\libgcc.a(_udivmoddi4.o)
 .ARM.attributes
                0x000005d9       0x1d e:/programmer/cypres/psoc creator/4.3/psoc creator/import/gnu/arm/5.4.1/bin/../lib/gcc/arm-none-eabi/5.4.1/armv7-m\libgcc.a(_dvmd_tls.o)
 .ARM.attributes
                0x000005f6       0x2d e:/programmer/cypres/psoc creator/4.3/psoc creator/import/gnu/arm/5.4.1/bin/../lib/gcc/arm-none-eabi/5.4.1/../../../../arm-none-eabi/lib/armv7-m\libg_nano.a(lib_a-errno.o)
 .ARM.attributes
                0x00000623       0x2d e:/programmer/cypres/psoc creator/4.3/psoc creator/import/gnu/arm/5.4.1/bin/../lib/gcc/arm-none-eabi/5.4.1/../../../../arm-none-eabi/lib/armv7-m\libg_nano.a(lib_a-exit.o)
 .ARM.attributes
                0x00000650       0x2d e:/programmer/cypres/psoc creator/4.3/psoc creator/import/gnu/arm/5.4.1/bin/../lib/gcc/arm-none-eabi/5.4.1/../../../../arm-none-eabi/lib/armv7-m\libg_nano.a(lib_a-impure.o)
 .ARM.attributes
                0x0000067d       0x2d e:/programmer/cypres/psoc creator/4.3/psoc creator/import/gnu/arm/5.4.1/bin/../lib/gcc/arm-none-eabi/5.4.1/../../../../arm-none-eabi/lib/armv7-m\libg_nano.a(lib_a-init.o)
 .ARM.attributes
                0x000006aa       0x2d e:/programmer/cypres/psoc creator/4.3/psoc creator/import/gnu/arm/5.4.1/bin/../lib/gcc/arm-none-eabi/5.4.1/../../../../arm-none-eabi/lib/armv7-m\libg_nano.a(lib_a-memcpy-stub.o)
 .ARM.attributes
                0x000006d7       0x2d e:/programmer/cypres/psoc creator/4.3/psoc creator/import/gnu/arm/5.4.1/bin/../lib/gcc/arm-none-eabi/5.4.1/../../../../arm-none-eabi/lib/armv7-m\libg_nano.a(lib_a-memset.o)
 .ARM.attributes
                0x00000704       0x2d e:/programmer/cypres/psoc creator/4.3/psoc creator/import/gnu/arm/5.4.1/bin/../lib/gcc/arm-none-eabi/5.4.1/../../../../arm-none-eabi/lib/armv7-m\libg_nano.a(lib_a-sprintf.o)
 .ARM.attributes
                0x00000731       0x2d e:/programmer/cypres/psoc creator/4.3/psoc creator/import/gnu/arm/5.4.1/bin/../lib/gcc/arm-none-eabi/5.4.1/../../../../arm-none-eabi/lib/armv7-m\libg_nano.a(lib_a-nano-svfprintf.o)
 .ARM.attributes
                0x0000075e       0x2d e:/programmer/cypres/psoc creator/4.3/psoc creator/import/gnu/arm/5.4.1/bin/../lib/gcc/arm-none-eabi/5.4.1/../../../../arm-none-eabi/lib/armv7-m\libg_nano.a(lib_a-nano-vfprintf_i.o)
 .ARM.attributes
                0x0000078b       0x2d e:/programmer/cypres/psoc creator/4.3/psoc creator/import/gnu/arm/5.4.1/bin/../lib/gcc/arm-none-eabi/5.4.1/../../../../arm-none-eabi/lib/armv7-m\libg_nano.a(lib_a-memchr-stub.o)
 .ARM.attributes
                0x000007b8       0x2d e:/programmer/cypres/psoc creator/4.3/psoc creator/import/gnu/arm/5.4.1/bin/../lib/gcc/arm-none-eabi/5.4.1/../../../../arm-none-eabi/lib/armv7-m\libg_nano.a(lib_a-memmove.o)
 .ARM.attributes
                0x000007e5       0x2d e:/programmer/cypres/psoc creator/4.3/psoc creator/import/gnu/arm/5.4.1/bin/../lib/gcc/arm-none-eabi/5.4.1/../../../../arm-none-eabi/lib/armv7-m\libg_nano.a(lib_a-nano-freer.o)
 .ARM.attributes
                0x00000812       0x2d e:/programmer/cypres/psoc creator/4.3/psoc creator/import/gnu/arm/5.4.1/bin/../lib/gcc/arm-none-eabi/5.4.1/../../../../arm-none-eabi/lib/armv7-m\libg_nano.a(lib_a-nano-mallocr.o)
 .ARM.attributes
                0x0000083f       0x2d e:/programmer/cypres/psoc creator/4.3/psoc creator/import/gnu/arm/5.4.1/bin/../lib/gcc/arm-none-eabi/5.4.1/../../../../arm-none-eabi/lib/armv7-m\libg_nano.a(lib_a-nano-reallocr.o)
 .ARM.attributes
                0x0000086c       0x2d e:/programmer/cypres/psoc creator/4.3/psoc creator/import/gnu/arm/5.4.1/bin/../lib/gcc/arm-none-eabi/5.4.1/../../../../arm-none-eabi/lib/armv7-m\libg_nano.a(lib_a-sbrkr.o)
 .ARM.attributes
                0x00000899       0x2d e:/programmer/cypres/psoc creator/4.3/psoc creator/import/gnu/arm/5.4.1/bin/../lib/gcc/arm-none-eabi/5.4.1/../../../../arm-none-eabi/lib/armv7-m\libg_nano.a(lib_a-mlock.o)
 .ARM.attributes
                0x000008c6       0x2d e:/programmer/cypres/psoc creator/4.3/psoc creator/import/gnu/arm/5.4.1/bin/../lib/gcc/arm-none-eabi/5.4.1/../../../../arm-none-eabi/lib/armv7-m\libg_nano.a(lib_a-nano-msizer.o)
 .ARM.attributes
                0x000008f3       0x2d e:/programmer/cypres/psoc creator/4.3/psoc creator/import/gnu/arm/5.4.1/bin/../lib/gcc/arm-none-eabi/5.4.1/../../../../arm-none-eabi/lib/armv7-m\libg_nano.a(lib_a-reent.o)
 .ARM.attributes
                0x00000920       0x2d e:/programmer/cypres/psoc creator/4.3/psoc creator/import/gnu/arm/5.4.1/bin/../lib/gcc/arm-none-eabi/5.4.1/armv7-m/crtend.o
 .ARM.attributes
                0x0000094d       0x1d e:/programmer/cypres/psoc creator/4.3/psoc creator/import/gnu/arm/5.4.1/bin/../lib/gcc/arm-none-eabi/5.4.1/armv7-m/crtn.o

/DISCARD/
 *(.note.GNU-stack)
OUTPUT(C:\Users\Gustav\source\PRJ3-Group-13\Code\PRJ3-FULLv0.3\PRJ3.cydsn\CortexM3\ARM_GCC_541\Debug\PRJ3.elf elf32-littlearm)
