Archive member included to satisfy reference by file (symbol)

.\CortexM3\ARM_GCC_541\Debug\Sorting_Controller.a(RPI_UART.o)
                              .\CortexM3\ARM_GCC_541\Debug\main.o (RPI_UART_Start)
.\CortexM3\ARM_GCC_541\Debug\Sorting_Controller.a(isr_Actuator.o)
                              .\CortexM3\ARM_GCC_541\Debug\main.o (isr_Actuator_StartEx)
.\CortexM3\ARM_GCC_541\Debug\Sorting_Controller.a(Color_PWM.o)
                              .\CortexM3\ARM_GCC_541\Debug\main.o (Color_PWM_Start)
.\CortexM3\ARM_GCC_541\Debug\Sorting_Controller.a(Color_Counter.o)
                              .\CortexM3\ARM_GCC_541\Debug\main.o (Color_Counter_Stop)
.\CortexM3\ARM_GCC_541\Debug\Sorting_Controller.a(isr_Color.o)
                              .\CortexM3\ARM_GCC_541\Debug\main.o (isr_Color_StartEx)
.\CortexM3\ARM_GCC_541\Debug\Sorting_Controller.a(Color_Reset.o)
                              .\CortexM3\ARM_GCC_541\Debug\main.o (Color_Reset_Write)
.\CortexM3\ARM_GCC_541\Debug\Sorting_Controller.a(Color_Pin_LED.o)
                              .\CortexM3\ARM_GCC_541\Debug\main.o (Color_Pin_LED_Write)
.\CortexM3\ARM_GCC_541\Debug\Sorting_Controller.a(Motor_PWM.o)
                              .\CortexM3\ARM_GCC_541\Debug\main.o (Motor_PWM_Start)
.\CortexM3\ARM_GCC_541\Debug\Sorting_Controller.a(RPI_UART_IntClock.o)
                              .\CortexM3\ARM_GCC_541\Debug\Sorting_Controller.a(RPI_UART.o) (RPI_UART_IntClock_Start)
.\CortexM3\ARM_GCC_541\Debug\Sorting_Controller.a(CyLib.o)
                              .\CortexM3\ARM_GCC_541\Debug\Cm3Start.o (CyHalt)
.\CortexM3\ARM_GCC_541\Debug\Sorting_Controller.a(cyPm.o)
                              .\CortexM3\ARM_GCC_541\Debug\Sorting_Controller.a(CyLib.o) (CyPmReadStatus)
.\CortexM3\ARM_GCC_541\Debug\Sorting_Controller.a(isr_rx.o)
                              .\CortexM3\ARM_GCC_541\Debug\main.o (isr_rx_StartEx)
.\CortexM3\ARM_GCC_541\Debug\Sorting_Controller.a(Weight_ADC.o)
                              .\CortexM3\ARM_GCC_541\Debug\main.o (Weight_ADC_Start)
.\CortexM3\ARM_GCC_541\Debug\Sorting_Controller.a(Weight_ADC_INT.o)
                              .\CortexM3\ARM_GCC_541\Debug\Sorting_Controller.a(Weight_ADC.o) (Weight_ADC_ISR)
.\CortexM3\ARM_GCC_541\Debug\Sorting_Controller.a(Weight_ADC_theACLK.o)
                              .\CortexM3\ARM_GCC_541\Debug\Sorting_Controller.a(Weight_ADC.o) (Weight_ADC_theACLK_SetModeRegister)
.\CortexM3\ARM_GCC_541\Debug\Sorting_Controller.a(Actuator_PWM.o)
                              .\CortexM3\ARM_GCC_541\Debug\main.o (Actuator_PWM_Stop)
.\CortexM3\ARM_GCC_541\Debug\Sorting_Controller.a(Actuator_Pin_Dir.o)
                              .\CortexM3\ARM_GCC_541\Debug\main.o (Actuator_Pin_Dir_Write)
.\CortexM3\ARM_GCC_541\Debug\Sorting_Controller.a(Color_Pin_Freq_Select.o)
                              .\CortexM3\ARM_GCC_541\Debug\main.o (Color_Pin_Freq_Select_Write)
.\CortexM3\ARM_GCC_541\Debug\Sorting_Controller.a(Color_Pin_Color_Select.o)
                              .\CortexM3\ARM_GCC_541\Debug\main.o (Color_Pin_Color_Select_Write)
.\CortexM3\ARM_GCC_541\Debug\Sorting_Controller.a(isr_Measure.o)
                              .\CortexM3\ARM_GCC_541\Debug\main.o (isr_Measure_StartEx)
.\CortexM3\ARM_GCC_541\Debug\Sorting_Controller.a(CyBootAsmGnu.o)
                              .\CortexM3\ARM_GCC_541\Debug\cyfitter_cfg.o (CyDelayCycles)
.\CortexM3\ARM_GCC_541\Debug\Sorting_Controller.a(CyFlash.o)
                              .\CortexM3\ARM_GCC_541\Debug\Sorting_Controller.a(cyPm.o) (CyFlash_SetWaitCycles)
.\CortexM3\ARM_GCC_541\Debug\Sorting_Controller.a(CySpc.o)
                              .\CortexM3\ARM_GCC_541\Debug\Sorting_Controller.a(CyFlash.o) (CySpcStart)
e:/programmer/cypres/psoc creator/4.3/psoc creator/import/gnu/arm/5.4.1/bin/../lib/gcc/arm-none-eabi/5.4.1/armv7-m\libgcc.a(_arm_addsubsf3.o)
                              .\CortexM3\ARM_GCC_541\Debug\main.o (__aeabi_fsub)
e:/programmer/cypres/psoc creator/4.3/psoc creator/import/gnu/arm/5.4.1/bin/../lib/gcc/arm-none-eabi/5.4.1/armv7-m\libgcc.a(_arm_muldivsf3.o)
                              .\CortexM3\ARM_GCC_541\Debug\Sorting_Controller.a(Weight_ADC.o) (__aeabi_fmul)
e:/programmer/cypres/psoc creator/4.3/psoc creator/import/gnu/arm/5.4.1/bin/../lib/gcc/arm-none-eabi/5.4.1/armv7-m\libgcc.a(_arm_cmpsf2.o)
                              .\CortexM3\ARM_GCC_541\Debug\main.o (__aeabi_fcmpge)
e:/programmer/cypres/psoc creator/4.3/psoc creator/import/gnu/arm/5.4.1/bin/../lib/gcc/arm-none-eabi/5.4.1/armv7-m\libgcc.a(_arm_fixunssfsi.o)
                              .\CortexM3\ARM_GCC_541\Debug\main.o (__aeabi_f2uiz)
e:/programmer/cypres/psoc creator/4.3/psoc creator/import/gnu/arm/5.4.1/bin/../lib/gcc/arm-none-eabi/5.4.1/armv7-m\libgcc.a(_aeabi_ldivmod.o)
                              .\CortexM3\ARM_GCC_541\Debug\Sorting_Controller.a(Weight_ADC.o) (__aeabi_ldivmod)
[...]
Memory Configuration

Name             Origin             Length             Attributes
rom              0x00000000         0x00040000         xr
ram              0x1fff8000         0x00010000         xrw
*default*        0x00000000         0xffffffff

Linker script and memory map

LOAD e:/programmer/cypres/psoc creator/4.3/psoc creator/import/gnu/arm/5.4.1/bin/../lib/gcc/arm-none-eabi/5.4.1/armv7-m/crti.o
LOAD e:/programmer/cypres/psoc creator/4.3/psoc creator/import/gnu/arm/5.4.1/bin/../lib/gcc/arm-none-eabi/5.4.1/armv7-m/crtbegin.o
LOAD e:/programmer/cypres/psoc creator/4.3/psoc creator/import/gnu/arm/5.4.1/bin/../lib/gcc/arm-none-eabi/5.4.1/../../../../arm-none-eabi/lib/armv7-m/crt0.o
START GROUP
LOAD .\CortexM3\ARM_GCC_541\Debug\main.o
LOAD .\CortexM3\ARM_GCC_541\Debug\cyfitter_cfg.o
LOAD .\CortexM3\ARM_GCC_541\Debug\cymetadata.o
LOAD .\CortexM3\ARM_GCC_541\Debug\Cm3Start.o
LOAD .\CortexM3\ARM_GCC_541\Debug\Sorting_Controller.a
LOAD E:\Programmer\Cypres\PSoC Creator\4.3\PSoC Creator\psoc\content\cycomponentlibrary\CyComponentLibrary.cylib\CortexM3\ARM_GCC_541\Debug\CyComponentLibrary.a
END GROUP
START GROUP
LOAD e:/programmer/cypres/psoc creator/4.3/psoc creator/import/gnu/arm/5.4.1/bin/../lib/gcc/arm-none-eabi/5.4.1/armv7-m\libgcc.a
LOAD e:/programmer/cypres/psoc creator/4.3/psoc creator/import/gnu/arm/5.4.1/bin/../lib/gcc/arm-none-eabi/5.4.1/../../../../arm-none-eabi/lib/armv7-m\libg_nano.a
LOAD e:/programmer/cypres/psoc creator/4.3/psoc creator/import/gnu/arm/5.4.1/bin/../lib/gcc/arm-none-eabi/5.4.1/../../../../arm-none-eabi/lib/armv7-m\libc_nano.a
END GROUP
START GROUP
LOAD e:/programmer/cypres/psoc creator/4.3/psoc creator/import/gnu/arm/5.4.1/bin/../lib/gcc/arm-none-eabi/5.4.1/armv7-m\libgcc.a
LOAD e:/programmer/cypres/psoc creator/4.3/psoc creator/import/gnu/arm/5.4.1/bin/../lib/gcc/arm-none-eabi/5.4.1/../../../../arm-none-eabi/lib/armv7-m\libc_nano.a
END GROUP
LOAD e:/programmer/cypres/psoc creator/4.3/psoc creator/import/gnu/arm/5.4.1/bin/../lib/gcc/arm-none-eabi/5.4.1/armv7-m/crtend.o
LOAD e:/programmer/cypres/psoc creator/4.3/psoc creator/import/gnu/arm/5.4.1/bin/../lib/gcc/arm-none-eabi/5.4.1/armv7-m/crtn.o
START GROUP
LOAD e:/programmer/cypres/psoc creator/4.3/psoc creator/import/gnu/arm/5.4.1/bin/../lib/gcc/arm-none-eabi/5.4.1/armv7-m\libgcc.a
LOAD e:/programmer/cypres/psoc creator/4.3/psoc creator/import/gnu/arm/5.4.1/bin/../lib/gcc/arm-none-eabi/5.4.1/../../../../arm-none-eabi/lib/armv7-m\libc.a
LOAD e:/programmer/cypres/psoc creator/4.3/psoc creator/import/gnu/arm/5.4.1/bin/../lib/gcc/arm-none-eabi/5.4.1/../../../../arm-none-eabi/lib/armv7-m\libnosys.a
END GROUP
                0x00000000                CY_APPL_ORIGIN = 0x0
                0x00000100                CY_FLASH_ROW_SIZE = 0x100
                0x00000020                CY_ECC_ROW_SIZE = 0x20
                0x00000000                CY_EE_IN_BTLDR = 0x0
                0x00000000                CY_APPL_LOADABLE = 0x0
                0x00000800                CY_EE_SIZE = 0x800
                0x00000001                CY_APPL_NUM = 0x1
                0x00000001                CY_APPL_MAX = 0x1
                0x00000040                CY_METADATA_SIZE = 0x40
                0x00000000                CY_APPL_LOADABLE = 0x0
                0x00000000                CY_CHECKSUM_EXCLUDE_SIZE = ALIGN (0x0, CY_FLASH_ROW_SIZE)
                [!provide]                PROVIDE (__cy_heap_start, _end)
                0x00000001                PROVIDE (__cy_region_num, ((__cy_regions_end - __cy_regions) / 0x10))
                0x20008000                PROVIDE (__cy_stack, (ORIGIN (ram) + LENGTH (ram)))
                [!provide]                PROVIDE (__cy_heap_end, (__cy_stack - 0x800))

.cybootloader   0x00000000        0x0
 *(.cybootloader)
                0x00000000                appl1_start = CY_APPL_ORIGIN?CY_APPL_ORIGIN:ALIGN (CY_FLASH_ROW_SIZE)
                0x0001ff00                appl2_start = (appl1_start + ALIGN ((((LENGTH (rom) - appl1_start) - (0x2 * CY_FLASH_ROW_SIZE)) / 0x2), CY_FLASH_ROW_SIZE))
                0x00000000                appl_start = (CY_APPL_NUM == 0x1)?appl1_start:appl2_start
                0x00000000                ecc_offset = ((appl_start / CY_FLASH_ROW_SIZE) * CY_ECC_ROW_SIZE)
                0x00000000                ee_offset = (CY_APPL_LOADABLE && ! (CY_EE_IN_BTLDR))?((CY_EE_SIZE / CY_APPL_MAX) * (CY_APPL_NUM - 0x1)):0x0
                0x00000800                ee_size = (CY_APPL_LOADABLE && ! (CY_EE_IN_BTLDR))?(CY_EE_SIZE / CY_APPL_MAX):CY_EE_SIZE
                [!provide]                PROVIDE (CY_ECC_OFFSET, ecc_offset)

.text           0x00000000     0x1ee6
 CREATE_OBJECT_SYMBOLS
                0x00000000                PROVIDE (__cy_interrupt_vector, RomVectors)
 *(.romvectors)
 .romvectors    0x00000000       0x10 .\CortexM3\ARM_GCC_541\Debug\Cm3Start.o
                0x00000000                RomVectors
                0x00000001                ASSERT ((. != __cy_interrupt_vector), No interrupt vector)
                0x00000001                ASSERT (CY_APPL_ORIGIN?(SIZEOF (.cybootloader) <= CY_APPL_ORIGIN):0x1, Wrong image location)
                0x00000010                PROVIDE (__cy_reset, Reset)
 *(.text.Reset)
 .text.Reset    0x00000010       0x18 .\CortexM3\ARM_GCC_541\Debug\Cm3Start.o
                0x00000010                Reset
                0x00000001                ASSERT ((. != __cy_reset), No reset code)
 *(.dma_init)
                0x00000001                ASSERT ((((appl_start + .) <= 0x10000) || 0x1), DMA Init must be within the first 64k of flash)
 *(.text .text.* .gnu.linkonce.t.*)
 .text          0x00000028       0x5c e:/programmer/cypres/psoc creator/4.3/psoc creator/import/gnu/arm/5.4.1/bin/../lib/gcc/arm-none-eabi/5.4.1/armv7-m/crtbegin.o
 .text.freq_INT
                0x00000084       0x24 .\CortexM3\ARM_GCC_541\Debug\main.o
                0x00000084                freq_INT
 .text.Color_Sensor_Start
                0x000000a8       0x14 .\CortexM3\ARM_GCC_541\Debug\main.o
                0x000000a8                Color_Sensor_Start
 .text.Color_Sensor_Read_Freq
                0x000000bc       0x40 .\CortexM3\ARM_GCC_541\Debug\main.o
                0x000000bc                Color_Sensor_Read_Freq
 .text.Color_Sensor_Read_All_Freq
                0x000000fc       0x2c .\CortexM3\ARM_GCC_541\Debug\main.o
                0x000000fc                Color_Sensor_Read_All_Freq
 .text.Color_Sensor_Read_Color
                0x00000128       0x60 .\CortexM3\ARM_GCC_541\Debug\main.o
                0x00000128                Color_Sensor_Read_Color
 .text.Weight_Sensor_Start
                0x00000188        0xc .\CortexM3\ARM_GCC_541\Debug\main.o
                0x00000188                Weight_Sensor_Start
 .text.Weight_Sensor_ADC_To_Grams
                0x00000194       0x20 .\CortexM3\ARM_GCC_541\Debug\main.o
                0x00000194                Weight_Sensor_ADC_To_Grams
 .text.Weight_Sensor_Read_Grams
                0x000001b4       0x20 .\CortexM3\ARM_GCC_541\Debug\main.o
                0x000001b4                Weight_Sensor_Read_Grams
 .text.Weight_Sensor_Read
                0x000001d4       0x34 .\CortexM3\ARM_GCC_541\Debug\main.o
                0x000001d4                Weight_Sensor_Read
 .text.Actuator_Extend
                0x00000208       0x1c .\CortexM3\ARM_GCC_541\Debug\main.o
                0x00000208                Actuator_Extend
 .text.Actuator_Retract
                0x00000224       0x1c .\CortexM3\ARM_GCC_541\Debug\main.o
                0x00000224                Actuator_Retract
 .text.UART_Start
                0x00000240        0x8 .\CortexM3\ARM_GCC_541\Debug\main.o
                0x00000240                UART_Start
 .text.UART_Send
                0x00000248       0x40 .\CortexM3\ARM_GCC_541\Debug\main.o
                0x00000248                UART_Send
 .text.createQueue
                0x00000288       0x24 .\CortexM3\ARM_GCC_541\Debug\main.o
                0x00000288                createQueue
 .text.isFull   0x000002ac       0x10 .\CortexM3\ARM_GCC_541\Debug\main.o
                0x000002ac                isFull
 .text.isEmpty  0x000002bc        0xc .\CortexM3\ARM_GCC_541\Debug\main.o
                0x000002bc                isEmpty
 .text.enqueue  0x000002c8       0x2c .\CortexM3\ARM_GCC_541\Debug\main.o
                0x000002c8                enqueue
 .text.isr_Measure_handler
                0x000002f4       0x20 .\CortexM3\ARM_GCC_541\Debug\main.o
                0x000002f4                isr_Measure_handler
 .text.isr_Actuator_handler
                0x00000314       0x20 .\CortexM3\ARM_GCC_541\Debug\main.o
                0x00000314                isr_Actuator_handler
 .text.isr_rx_handler
                0x00000334       0x20 .\CortexM3\ARM_GCC_541\Debug\main.o
                0x00000334                isr_rx_handler
 .text.dequeue  0x00000354       0x30 .\CortexM3\ARM_GCC_541\Debug\main.o
                0x00000354                dequeue
 .text.handleMsg
                0x00000384       0x70 .\CortexM3\ARM_GCC_541\Debug\main.o
                0x00000384                handleMsg
 .text.main     0x000003f4       0x5c .\CortexM3\ARM_GCC_541\Debug\main.o
                0x000003f4                main
 .text.CyClockStartupError
                0x00000450        0x4 .\CortexM3\ARM_GCC_541\Debug\cyfitter_cfg.o
 .text.cfg_write_bytes32
                0x00000454       0x34 .\CortexM3\ARM_GCC_541\Debug\cyfitter_cfg.o
 .text.CYMEMZERO
                0x00000488        0xc .\CortexM3\ARM_GCC_541\Debug\cyfitter_cfg.o
 .text.AnalogSetDefault
                0x00000494       0x74 .\CortexM3\ARM_GCC_541\Debug\cyfitter_cfg.o
 .text.CYCONFIGCPY
                0x00000508        0x8 .\CortexM3\ARM_GCC_541\Debug\cyfitter_cfg.o
 .text.ClockSetup
                0x00000510      0x118 .\CortexM3\ARM_GCC_541\Debug\cyfitter_cfg.o
 .text.cyfitter_cfg
                0x00000628      0x100 .\CortexM3\ARM_GCC_541\Debug\cyfitter_cfg.o
                0x00000628                cyfitter_cfg
 .text.IntDefaultHandler
                0x00000728       0x10 .\CortexM3\ARM_GCC_541\Debug\Cm3Start.o
                0x00000728                IntDefaultHandler
 .text._sbrk    0x00000738       0x30 .\CortexM3\ARM_GCC_541\Debug\Cm3Start.o
                0x00000738                _sbrk
 .text.Start_c  0x00000768       0x4c .\CortexM3\ARM_GCC_541\Debug\Cm3Start.o
                0x00000768                Start_c
 .text.initialize_psoc
                0x000007b4       0x68 .\CortexM3\ARM_GCC_541\Debug\Cm3Start.o
                0x000007b4                initialize_psoc
 .text.RPI_UART_Init
                0x0000081c       0x28 .\CortexM3\ARM_GCC_541\Debug\Sorting_Controller.a(RPI_UART.o)
                0x0000081c                RPI_UART_Init
 .text.RPI_UART_Enable
                0x00000844       0x3c .\CortexM3\ARM_GCC_541\Debug\Sorting_Controller.a(RPI_UART.o)
                0x00000844                RPI_UART_Enable
 .text.RPI_UART_Start
                0x00000880       0x1c .\CortexM3\ARM_GCC_541\Debug\Sorting_Controller.a(RPI_UART.o)
                0x00000880                RPI_UART_Start
 .text.RPI_UART_PutChar
                0x0000089c       0x18 .\CortexM3\ARM_GCC_541\Debug\Sorting_Controller.a(RPI_UART.o)
                0x0000089c                RPI_UART_PutChar
 .text.RPI_UART_PutString
                0x000008b4       0x24 .\CortexM3\ARM_GCC_541\Debug\Sorting_Controller.a(RPI_UART.o)
                0x000008b4                RPI_UART_PutString
 .text.isr_Actuator_SetVector
                0x000008d8        0xc .\CortexM3\ARM_GCC_541\Debug\Sorting_Controller.a(isr_Actuator.o)
                0x000008d8                isr_Actuator_SetVector
 .text.isr_Actuator_SetPriority
                0x000008e4       0x10 .\CortexM3\ARM_GCC_541\Debug\Sorting_Controller.a(isr_Actuator.o)
                0x000008e4                isr_Actuator_SetPriority
 .text.isr_Actuator_Enable
                0x000008f4        0xc .\CortexM3\ARM_GCC_541\Debug\Sorting_Controller.a(isr_Actuator.o)
                0x000008f4                isr_Actuator_Enable
 .text.isr_Actuator_Disable
                0x00000900        0xc .\CortexM3\ARM_GCC_541\Debug\Sorting_Controller.a(isr_Actuator.o)
                0x00000900                isr_Actuator_Disable
 .text.isr_Actuator_StartEx
                0x0000090c       0x1c .\CortexM3\ARM_GCC_541\Debug\Sorting_Controller.a(isr_Actuator.o)
                0x0000090c                isr_Actuator_StartEx
 .text.Color_PWM_Enable
                0x00000928       0x10 .\CortexM3\ARM_GCC_541\Debug\Sorting_Controller.a(Color_PWM.o)
                0x00000928                Color_PWM_Enable
 .text.Color_PWM_WriteCounter
                0x00000938        0xc .\CortexM3\ARM_GCC_541\Debug\Sorting_Controller.a(Color_PWM.o)
                0x00000938                Color_PWM_WriteCounter
 .text.Color_PWM_WritePeriod
                0x00000944        0xc .\CortexM3\ARM_GCC_541\Debug\Sorting_Controller.a(Color_PWM.o)
                0x00000944                Color_PWM_WritePeriod
 .text.Color_PWM_WriteCompare
                0x00000950        0xc .\CortexM3\ARM_GCC_541\Debug\Sorting_Controller.a(Color_PWM.o)
                0x00000950                Color_PWM_WriteCompare
 .text.Color_PWM_SetInterruptMode
                0x0000095c        0xc .\CortexM3\ARM_GCC_541\Debug\Sorting_Controller.a(Color_PWM.o)
                0x0000095c                Color_PWM_SetInterruptMode
 .text.Color_PWM_ReadStatusRegister
                0x00000968        0xc .\CortexM3\ARM_GCC_541\Debug\Sorting_Controller.a(Color_PWM.o)
                0x00000968                Color_PWM_ReadStatusRegister
 .text.Color_PWM_ReadCapture
                0x00000974        0xc .\CortexM3\ARM_GCC_541\Debug\Sorting_Controller.a(Color_PWM.o)
                0x00000974                Color_PWM_ReadCapture
 .text.Color_PWM_ClearFIFO
                0x00000980       0x14 .\CortexM3\ARM_GCC_541\Debug\Sorting_Controller.a(Color_PWM.o)
                0x00000980                Color_PWM_ClearFIFO
 .text.Color_PWM_Init
                0x00000994       0x60 .\CortexM3\ARM_GCC_541\Debug\Sorting_Controller.a(Color_PWM.o)
                0x00000994                Color_PWM_Init
 .text.Color_PWM_Start
                0x000009f4       0x1c .\CortexM3\ARM_GCC_541\Debug\Sorting_Controller.a(Color_PWM.o)
                0x000009f4                Color_PWM_Start
 .text.Color_Counter_Enable
                0x00000a10       0x10 .\CortexM3\ARM_GCC_541\Debug\Sorting_Controller.a(Color_Counter.o)
                0x00000a10                Color_Counter_Enable
 .text.Color_Counter_Stop
                0x00000a20       0x10 .\CortexM3\ARM_GCC_541\Debug\Sorting_Controller.a(Color_Counter.o)
                0x00000a20                Color_Counter_Stop
 .text.Color_Counter_SetInterruptMode
                0x00000a30        0xc .\CortexM3\ARM_GCC_541\Debug\Sorting_Controller.a(Color_Counter.o)
                0x00000a30                Color_Counter_SetInterruptMode
 .text.Color_Counter_ReadStatusRegister
                0x00000a3c        0xc .\CortexM3\ARM_GCC_541\Debug\Sorting_Controller.a(Color_Counter.o)
                0x00000a3c                Color_Counter_ReadStatusRegister
 .text.Color_Counter_WriteCounter
                0x00000a48        0xc .\CortexM3\ARM_GCC_541\Debug\Sorting_Controller.a(Color_Counter.o)
                0x00000a48                Color_Counter_WriteCounter
 .text.Color_Counter_ReadCounter
                0x00000a54       0x14 .\CortexM3\ARM_GCC_541\Debug\Sorting_Controller.a(Color_Counter.o)
                0x00000a54                Color_Counter_ReadCounter
 .text.Color_Counter_ReadCapture
                0x00000a68        0xc .\CortexM3\ARM_GCC_541\Debug\Sorting_Controller.a(Color_Counter.o)
                0x00000a68                Color_Counter_ReadCapture
 .text.Color_Counter_WritePeriod
                0x00000a74        0xc .\CortexM3\ARM_GCC_541\Debug\Sorting_Controller.a(Color_Counter.o)
                0x00000a74                Color_Counter_WritePeriod
 .text.Color_Counter_WriteCompare
                0x00000a80        0xc .\CortexM3\ARM_GCC_541\Debug\Sorting_Controller.a(Color_Counter.o)
                0x00000a80                Color_Counter_WriteCompare
 .text.Color_Counter_ClearFIFO
                0x00000a8c       0x14 .\CortexM3\ARM_GCC_541\Debug\Sorting_Controller.a(Color_Counter.o)
                0x00000a8c                Color_Counter_ClearFIFO
 .text.Color_Counter_Init
                0x00000aa0       0x5c .\CortexM3\ARM_GCC_541\Debug\Sorting_Controller.a(Color_Counter.o)
                0x00000aa0                Color_Counter_Init
 .text.Color_Counter_Start
                0x00000afc       0x1c .\CortexM3\ARM_GCC_541\Debug\Sorting_Controller.a(Color_Counter.o)
                0x00000afc                Color_Counter_Start
 .text.isr_Color_SetVector
                0x00000b18        0xc .\CortexM3\ARM_GCC_541\Debug\Sorting_Controller.a(isr_Color.o)
                0x00000b18                isr_Color_SetVector
 .text.isr_Color_SetPriority
                0x00000b24       0x10 .\CortexM3\ARM_GCC_541\Debug\Sorting_Controller.a(isr_Color.o)
                0x00000b24                isr_Color_SetPriority
 .text.isr_Color_Enable
                0x00000b34        0xc .\CortexM3\ARM_GCC_541\Debug\Sorting_Controller.a(isr_Color.o)
                0x00000b34                isr_Color_Enable
 .text.isr_Color_Disable
                0x00000b40        0xc .\CortexM3\ARM_GCC_541\Debug\Sorting_Controller.a(isr_Color.o)
                0x00000b40                isr_Color_Disable
 .text.isr_Color_StartEx
                0x00000b4c       0x1c .\CortexM3\ARM_GCC_541\Debug\Sorting_Controller.a(isr_Color.o)
                0x00000b4c                isr_Color_StartEx
 .text.isr_Color_ClearPending
                0x00000b68        0xc .\CortexM3\ARM_GCC_541\Debug\Sorting_Controller.a(isr_Color.o)
                0x00000b68                isr_Color_ClearPending
 .text.Color_Reset_Write
                0x00000b74        0xc .\CortexM3\ARM_GCC_541\Debug\Sorting_Controller.a(Color_Reset.o)
                0x00000b74                Color_Reset_Write
 .text.Color_Pin_LED_Write
                0x00000b80       0x18 .\CortexM3\ARM_GCC_541\Debug\Sorting_Controller.a(Color_Pin_LED.o)
                0x00000b80                Color_Pin_LED_Write
 .text.RPI_UART_IntClock_Start
                0x00000b98       0x1c .\CortexM3\ARM_GCC_541\Debug\Sorting_Controller.a(RPI_UART_IntClock.o)
                0x00000b98                RPI_UART_IntClock_Start
 .text.CyHalt   0x00000bb4        0x4 .\CortexM3\ARM_GCC_541\Debug\Sorting_Controller.a(CyLib.o)
                0x00000bb4                CyHalt
 .text.CyDelay  0x00000bb8       0x2c .\CortexM3\ARM_GCC_541\Debug\Sorting_Controller.a(CyLib.o)
                0x00000bb8                CyDelay
 .text.CyDelayUs
                0x00000be4       0x14 .\CortexM3\ARM_GCC_541\Debug\Sorting_Controller.a(CyLib.o)
                0x00000be4                CyDelayUs
 .text.CyIntSetVector
                0x00000bf8       0x28 .\CortexM3\ARM_GCC_541\Debug\Sorting_Controller.a(CyLib.o)
                0x00000bf8                CyIntSetVector
 .text.CyIntSetPriority
                0x00000c20       0x30 .\CortexM3\ARM_GCC_541\Debug\Sorting_Controller.a(CyLib.o)
                0x00000c20                CyIntSetPriority
 .text.isr_rx_SetVector
                0x00000c50        0xc .\CortexM3\ARM_GCC_541\Debug\Sorting_Controller.a(isr_rx.o)
                0x00000c50                isr_rx_SetVector
 .text.isr_rx_SetPriority
                0x00000c5c       0x10 .\CortexM3\ARM_GCC_541\Debug\Sorting_Controller.a(isr_rx.o)
                0x00000c5c                isr_rx_SetPriority
 .text.isr_rx_Enable
                0x00000c6c        0xc .\CortexM3\ARM_GCC_541\Debug\Sorting_Controller.a(isr_rx.o)
                0x00000c6c                isr_rx_Enable
 .text.isr_rx_Disable
                0x00000c78        0xc .\CortexM3\ARM_GCC_541\Debug\Sorting_Controller.a(isr_rx.o)
                0x00000c78                isr_rx_Disable
 .text.isr_rx_StartEx
                0x00000c84       0x1c .\CortexM3\ARM_GCC_541\Debug\Sorting_Controller.a(isr_rx.o)
                0x00000c84                isr_rx_StartEx
 .text.Weight_ADC_CalcGain
                0x00000ca0       0x5c .\CortexM3\ARM_GCC_541\Debug\Sorting_Controller.a(Weight_ADC.o)
 .text.Weight_ADC_Enable
                0x00000cfc       0x94 .\CortexM3\ARM_GCC_541\Debug\Sorting_Controller.a(Weight_ADC.o)
                0x00000cfc                Weight_ADC_Enable
 .text.Weight_ADC_SetResolution
                0x00000d90       0x38 .\CortexM3\ARM_GCC_541\Debug\Sorting_Controller.a(Weight_ADC.o)
                0x00000d90                Weight_ADC_SetResolution
 .text.Weight_ADC_Init
                0x00000dc8       0x3c .\CortexM3\ARM_GCC_541\Debug\Sorting_Controller.a(Weight_ADC.o)
                0x00000dc8                Weight_ADC_Init
 .text.Weight_ADC_Start
                0x00000e04       0x1c .\CortexM3\ARM_GCC_541\Debug\Sorting_Controller.a(Weight_ADC.o)
                0x00000e04                Weight_ADC_Start
 .text.Weight_ADC_StartConvert
                0x00000e20       0x10 .\CortexM3\ARM_GCC_541\Debug\Sorting_Controller.a(Weight_ADC.o)
                0x00000e20                Weight_ADC_StartConvert
 .text.Weight_ADC_IsEndConversion
                0x00000e30       0x24 .\CortexM3\ARM_GCC_541\Debug\Sorting_Controller.a(Weight_ADC.o)
                0x00000e30                Weight_ADC_IsEndConversion
 .text.Weight_ADC_GetResult16
                0x00000e54       0x18 .\CortexM3\ARM_GCC_541\Debug\Sorting_Controller.a(Weight_ADC.o)
                0x00000e54                Weight_ADC_GetResult16
 .text.Weight_ADC_ISR
                0x00000e6c        0x4 .\CortexM3\ARM_GCC_541\Debug\Sorting_Controller.a(Weight_ADC_INT.o)
                0x00000e6c                Weight_ADC_ISR
 .text.Weight_ADC_theACLK_SetModeRegister
                0x00000e70       0x14 .\CortexM3\ARM_GCC_541\Debug\Sorting_Controller.a(Weight_ADC_theACLK.o)
                0x00000e70                Weight_ADC_theACLK_SetModeRegister
 .text.Actuator_PWM_Enable
                0x00000e84       0x10 .\CortexM3\ARM_GCC_541\Debug\Sorting_Controller.a(Actuator_PWM.o)
                0x00000e84                Actuator_PWM_Enable
 .text.Actuator_PWM_Stop
                0x00000e94       0x10 .\CortexM3\ARM_GCC_541\Debug\Sorting_Controller.a(Actuator_PWM.o)
                0x00000e94                Actuator_PWM_Stop
 .text.Actuator_PWM_WriteCounter
                0x00000ea4        0xc .\CortexM3\ARM_GCC_541\Debug\Sorting_Controller.a(Actuator_PWM.o)
                0x00000ea4                Actuator_PWM_WriteCounter
 .text.Actuator_PWM_WritePeriod
                0x00000eb0        0xc .\CortexM3\ARM_GCC_541\Debug\Sorting_Controller.a(Actuator_PWM.o)
                0x00000eb0                Actuator_PWM_WritePeriod
 .text.Actuator_PWM_WriteCompare
                0x00000ebc        0xc .\CortexM3\ARM_GCC_541\Debug\Sorting_Controller.a(Actuator_PWM.o)
                0x00000ebc                Actuator_PWM_WriteCompare
 .text.Actuator_PWM_SetInterruptMode
                0x00000ec8        0xc .\CortexM3\ARM_GCC_541\Debug\Sorting_Controller.a(Actuator_PWM.o)
                0x00000ec8                Actuator_PWM_SetInterruptMode
 .text.Actuator_PWM_ReadStatusRegister
                0x00000ed4        0xc .\CortexM3\ARM_GCC_541\Debug\Sorting_Controller.a(Actuator_PWM.o)
                0x00000ed4                Actuator_PWM_ReadStatusRegister
 .text.Actuator_PWM_ReadCapture
                0x00000ee0        0xc .\CortexM3\ARM_GCC_541\Debug\Sorting_Controller.a(Actuator_PWM.o)
                0x00000ee0                Actuator_PWM_ReadCapture
 .text.Actuator_PWM_ClearFIFO
                0x00000eec       0x14 .\CortexM3\ARM_GCC_541\Debug\Sorting_Controller.a(Actuator_PWM.o)
                0x00000eec                Actuator_PWM_ClearFIFO
 .text.Actuator_PWM_Init
                0x00000f00       0x50 .\CortexM3\ARM_GCC_541\Debug\Sorting_Controller.a(Actuator_PWM.o)
                0x00000f00                Actuator_PWM_Init
 .text.Actuator_PWM_Start
                0x00000f50       0x1c .\CortexM3\ARM_GCC_541\Debug\Sorting_Controller.a(Actuator_PWM.o)
                0x00000f50                Actuator_PWM_Start
 .text.Actuator_Pin_Dir_Write
                0x00000f6c       0x18 .\CortexM3\ARM_GCC_541\Debug\Sorting_Controller.a(Actuator_Pin_Dir.o)
                0x00000f6c                Actuator_Pin_Dir_Write
 .text.Color_Pin_Freq_Select_Write
                0x00000f84       0x18 .\CortexM3\ARM_GCC_541\Debug\Sorting_Controller.a(Color_Pin_Freq_Select.o)
                0x00000f84                Color_Pin_Freq_Select_Write
 .text.Color_Pin_Color_Select_Write
                0x00000f9c       0x18 .\CortexM3\ARM_GCC_541\Debug\Sorting_Controller.a(Color_Pin_Color_Select.o)
                0x00000f9c                Color_Pin_Color_Select_Write
 .text.isr_Measure_SetVector
                0x00000fb4        0xc .\CortexM3\ARM_GCC_541\Debug\Sorting_Controller.a(isr_Measure.o)
                0x00000fb4                isr_Measure_SetVector
 .text.isr_Measure_SetPriority
                0x00000fc0       0x10 .\CortexM3\ARM_GCC_541\Debug\Sorting_Controller.a(isr_Measure.o)
                0x00000fc0                isr_Measure_SetPriority
 .text.isr_Measure_Enable
                0x00000fd0        0xc .\CortexM3\ARM_GCC_541\Debug\Sorting_Controller.a(isr_Measure.o)
                0x00000fd0                isr_Measure_Enable
 .text.isr_Measure_Disable
                0x00000fdc        0xc .\CortexM3\ARM_GCC_541\Debug\Sorting_Controller.a(isr_Measure.o)
                0x00000fdc                isr_Measure_Disable
 .text.isr_Measure_StartEx
                0x00000fe8       0x1c .\CortexM3\ARM_GCC_541\Debug\Sorting_Controller.a(isr_Measure.o)
                0x00000fe8                isr_Measure_StartEx
 *fill*         0x00001004        0x4 
 .text          0x00001008       0x20 .\CortexM3\ARM_GCC_541\Debug\Sorting_Controller.a(CyBootAsmGnu.o)
                0x00001008                CyDelayCycles
                0x00001018                CyEnterCriticalSection
                0x00001020                CyExitCriticalSection
 .text          0x00001028      0x21c e:/programmer/cypres/psoc creator/4.3/psoc creator/import/gnu/arm/5.4.1/bin/../lib/gcc/arm-none-eabi/5.4.1/armv7-m\libgcc.a(_arm_addsubsf3.o)
                0x00001028                __aeabi_frsub
                0x00001030                __subsf3
                0x00001030                __aeabi_fsub
                0x00001034                __aeabi_fadd
                0x00001034                __addsf3
                0x00001194                __aeabi_ui2f
                0x00001194                __floatunsisf
                0x0000119c                __aeabi_i2f
                0x0000119c                __floatsisf
                0x000011b8                __aeabi_ul2f
                0x000011b8                __floatundisf
                0x000011c8                __aeabi_l2f
                0x000011c8                __floatdisf
 .text          0x00001244      0x2a0 e:/programmer/cypres/psoc creator/4.3/psoc creator/import/gnu/arm/5.4.1/bin/../lib/gcc/arm-none-eabi/5.4.1/armv7-m\libgcc.a(_arm_muldivsf3.o)
                0x00001244                __mulsf3
                0x00001244                __aeabi_fmul
                0x000013ac                __aeabi_fdiv
                0x000013ac                __divsf3
 .text          0x000014e4       0xec e:/programmer/cypres/psoc creator/4.3/psoc creator/import/gnu/arm/5.4.1/bin/../lib/gcc/arm-none-eabi/5.4.1/armv7-m\libgcc.a(_arm_cmpsf2.o)
                0x000014e4                __gesf2
                0x000014e4                __gtsf2
                0x000014ec                __lesf2
                0x000014ec                __ltsf2
                0x000014f4                __nesf2
                0x000014f4                __eqsf2
                0x000014f4                __cmpsf2
                0x00001554                __aeabi_cfrcmple
                0x0000155c                __aeabi_cfcmpeq
                0x0000155c                __aeabi_cfcmple
                0x0000156c                __aeabi_fcmpeq
                0x00001580                __aeabi_fcmplt
                0x00001594                __aeabi_fcmple
                0x000015a8                __aeabi_fcmpge
                0x000015bc                __aeabi_fcmpgt
 .text          0x000015d0       0x40 e:/programmer/cypres/psoc creator/4.3/psoc creator/import/gnu/arm/5.4.1/bin/../lib/gcc/arm-none-eabi/5.4.1/armv7-m\libgcc.a(_arm_fixunssfsi.o)
                0x000015d0                __fixunssfsi
                0x000015d0                __aeabi_f2uiz
 .text.__errno  0x00001610        0xc e:/programmer/cypres/psoc creator/4.3/psoc creator/import/gnu/arm/5.4.1/bin/../lib/gcc/arm-none-eabi/5.4.1/../../../../arm-none-eabi/lib/armv7-m\libg_nano.a(lib_a-errno.o)
                0x00001610                __errno
 .text.__libc_init_array
                0x0000161c       0x4c e:/programmer/cypres/psoc creator/4.3/psoc creator/import/gnu/arm/5.4.1/bin/../lib/gcc/arm-none-eabi/5.4.1/../../../../arm-none-eabi/lib/armv7-m\libg_nano.a(lib_a-init.o)
                0x0000161c                __libc_init_array
 .text.malloc   0x00001668       0x10 e:/programmer/cypres/psoc creator/4.3/psoc creator/import/gnu/arm/5.4.1/bin/../lib/gcc/arm-none-eabi/5.4.1/../../../../arm-none-eabi/lib/armv7-m\libg_nano.a(lib_a-malloc.o)
                0x00001668                malloc
 .text.memcpy   0x00001678       0x16 e:/programmer/cypres/psoc creator/4.3/psoc creator/import/gnu/arm/5.4.1/bin/../lib/gcc/arm-none-eabi/5.4.1/../../../../arm-none-eabi/lib/armv7-m\libg_nano.a(lib_a-memcpy-stub.o)
                0x00001678                memcpy
 .text.memset   0x0000168e       0x10 e:/programmer/cypres/psoc creator/4.3/psoc creator/import/gnu/arm/5.4.1/bin/../lib/gcc/arm-none-eabi/5.4.1/../../../../arm-none-eabi/lib/armv7-m\libg_nano.a(lib_a-memset.o)
                0x0000168e                memset
 *fill*         0x0000169e        0x2 
 .text._free_r  0x000016a0       0x98 e:/programmer/cypres/psoc creator/4.3/psoc creator/import/gnu/arm/5.4.1/bin/../lib/gcc/arm-none-eabi/5.4.1/../../../../arm-none-eabi/lib/armv7-m\libg_nano.a(lib_a-nano-freer.o)
                0x000016a0                _free_r
 .text._malloc_r
                0x00001738       0xbc e:/programmer/cypres/psoc creator/4.3/psoc creator/import/gnu/arm/5.4.1/bin/../lib/gcc/arm-none-eabi/5.4.1/../../../../arm-none-eabi/lib/armv7-m\libg_nano.a(lib_a-nano-mallocr.o)
                0x00001738                _malloc_r
 .text._sbrk_r  0x000017f4       0x20 e:/programmer/cypres/psoc creator/4.3/psoc creator/import/gnu/arm/5.4.1/bin/../lib/gcc/arm-none-eabi/5.4.1/../../../../arm-none-eabi/lib/armv7-m\libg_nano.a(lib_a-sbrkr.o)
                0x000017f4                _sbrk_r
 .text.sprintf  0x00001814       0x48 e:/programmer/cypres/psoc creator/4.3/psoc creator/import/gnu/arm/5.4.1/bin/../lib/gcc/arm-none-eabi/5.4.1/../../../../arm-none-eabi/lib/armv7-m\libg_nano.a(lib_a-sprintf.o)
                0x00001814                siprintf
                0x00001814                sprintf
 .text.__malloc_lock
                0x0000185c        0x2 e:/programmer/cypres/psoc creator/4.3/psoc creator/import/gnu/arm/5.4.1/bin/../lib/gcc/arm-none-eabi/5.4.1/../../../../arm-none-eabi/lib/armv7-m\libg_nano.a(lib_a-mlock.o)
                0x0000185c                __malloc_lock
 .text.__malloc_unlock
                0x0000185e        0x2 e:/programmer/cypres/psoc creator/4.3/psoc creator/import/gnu/arm/5.4.1/bin/../lib/gcc/arm-none-eabi/5.4.1/../../../../arm-none-eabi/lib/armv7-m\libg_nano.a(lib_a-mlock.o)
                0x0000185e                __malloc_unlock
 .text.__ssputs_r
                0x00001860       0xb2 e:/programmer/cypres/psoc creator/4.3/psoc creator/import/gnu/arm/5.4.1/bin/../lib/gcc/arm-none-eabi/5.4.1/../../../../arm-none-eabi/lib/armv7-m\libg_nano.a(lib_a-nano-svfprintf.o)
                0x00001860                __ssputs_r
 *fill*         0x00001912        0x2 
 .text._svfprintf_r
                0x00001914      0x1e8 e:/programmer/cypres/psoc creator/4.3/psoc creator/import/gnu/arm/5.4.1/bin/../lib/gcc/arm-none-eabi/5.4.1/../../../../arm-none-eabi/lib/armv7-m\libg_nano.a(lib_a-nano-svfprintf.o)
                0x00001914                _svfiprintf_r
                0x00001914                _svfprintf_r
 .text._printf_common
                0x00001afc       0xec e:/programmer/cypres/psoc creator/4.3/psoc creator/import/gnu/arm/5.4.1/bin/../lib/gcc/arm-none-eabi/5.4.1/../../../../arm-none-eabi/lib/armv7-m\libg_nano.a(lib_a-nano-vfprintf_i.o)
                0x00001afc                _printf_common
 .text._printf_i
                0x00001be8      0x24c e:/programmer/cypres/psoc creator/4.3/psoc creator/import/gnu/arm/5.4.1/bin/../lib/gcc/arm-none-eabi/5.4.1/../../../../arm-none-eabi/lib/armv7-m\libg_nano.a(lib_a-nano-vfprintf_i.o)
                0x00001be8                _printf_i
 .text.memchr   0x00001e34       0x1c e:/programmer/cypres/psoc creator/4.3/psoc creator/import/gnu/arm/5.4.1/bin/../lib/gcc/arm-none-eabi/5.4.1/../../../../arm-none-eabi/lib/armv7-m\libg_nano.a(lib_a-memchr-stub.o)
                0x00001e34                memchr
 .text.memmove  0x00001e50       0x36 e:/programmer/cypres/psoc creator/4.3/psoc creator/import/gnu/arm/5.4.1/bin/../lib/gcc/arm-none-eabi/5.4.1/../../../../arm-none-eabi/lib/armv7-m\libg_nano.a(lib_a-memmove.o)
                0x00001e50                memmove
 .text._realloc_r
                0x00001e86       0x4c e:/programmer/cypres/psoc creator/4.3/psoc creator/import/gnu/arm/5.4.1/bin/../lib/gcc/arm-none-eabi/5.4.1/../../../../arm-none-eabi/lib/armv7-m\libg_nano.a(lib_a-nano-reallocr.o)
                0x00001e86                _realloc_r
 .text._malloc_usable_size_r
                0x00001ed2       0x14 e:/programmer/cypres/psoc creator/4.3/psoc creator/import/gnu/arm/5.4.1/bin/../lib/gcc/arm-none-eabi/5.4.1/../../../../arm-none-eabi/lib/armv7-m\libg_nano.a(lib_a-nano-msizer.o)
                0x00001ed2                _malloc_usable_size_r
 *(.plt)
 *(.gnu.warning)
 *(.glue_7t)
 .glue_7t       0x00001ee6        0x0 linker stubs
 *(.glue_7)
 .glue_7        0x00001ee6        0x0 linker stubs
 *(.vfp11_veneer)
 .vfp11_veneer  0x00001ee6        0x0 linker stubs
 *(.bootloader)
 *(.ARM.extab* .gnu.linkonce.armextab.*)
 *(.gcc_except_table)

.v4_bx          0x00001ee8        0x0
 .v4_bx         0x00001ee8        0x0 linker stubs

.iplt           0x00001ee8        0x0
 .iplt          0x00001ee8        0x0 e:/programmer/cypres/psoc creator/4.3/psoc creator/import/gnu/arm/5.4.1/bin/../lib/gcc/arm-none-eabi/5.4.1/armv7-m/crtbegin.o

.eh_frame_hdr
 *(.eh_frame_hdr)

.eh_frame       0x00001ee8        0x4
 *(.eh_frame)
 .eh_frame      0x00001ee8        0x0 e:/programmer/cypres/psoc creator/4.3/psoc creator/import/gnu/arm/5.4.1/bin/../lib/gcc/arm-none-eabi/5.4.1/armv7-m/crtbegin.o
 .eh_frame      0x00001ee8        0x4 e:/programmer/cypres/psoc creator/4.3/psoc creator/import/gnu/arm/5.4.1/bin/../lib/gcc/arm-none-eabi/5.4.1/armv7-m/crtend.o
                [!provide]                PROVIDE (__exidx_start, .)

.ARM.exidx
 *(.ARM.exidx* .gnu.linkonce.armexidx.*)
                0x00001eec                __exidx_end = .

.rodata         0x00001eec       0xcc
 *(.rodata .rodata.* .gnu.linkonce.r.*)
 .rodata.str1.4
                0x00001eec       0x38 .\CortexM3\ARM_GCC_541\Debug\main.o
                                 0x36 (size before relaxing)
 .rodata        0x00001f24       0x2a .\CortexM3\ARM_GCC_541\Debug\cyfitter_cfg.o
 .rodata.str1.1
                0x00001f4e        0x2 e:/programmer/cypres/psoc creator/4.3/psoc creator/import/gnu/arm/5.4.1/bin/../lib/gcc/arm-none-eabi/5.4.1/../../../../arm-none-eabi/lib/armv7-m\libg_nano.a(lib_a-impure.o)
 .rodata.str1.1
                0x00001f50       0x11 e:/programmer/cypres/psoc creator/4.3/psoc creator/import/gnu/arm/5.4.1/bin/../lib/gcc/arm-none-eabi/5.4.1/../../../../arm-none-eabi/lib/armv7-m\libg_nano.a(lib_a-nano-svfprintf.o)
 .rodata.str1.1
                0x00001f61       0x22 e:/programmer/cypres/psoc creator/4.3/psoc creator/import/gnu/arm/5.4.1/bin/../lib/gcc/arm-none-eabi/5.4.1/../../../../arm-none-eabi/lib/armv7-m\libg_nano.a(lib_a-nano-vfprintf_i.o)
                0x00001f84                . = ALIGN (0x4)
 *fill*         0x00001f83        0x1 
 *(.init)
 .init          0x00001f84        0x4 e:/programmer/cypres/psoc creator/4.3/psoc creator/import/gnu/arm/5.4.1/bin/../lib/gcc/arm-none-eabi/5.4.1/armv7-m/crti.o
                0x00001f84                _init
 .init          0x00001f88        0x8 e:/programmer/cypres/psoc creator/4.3/psoc creator/import/gnu/arm/5.4.1/bin/../lib/gcc/arm-none-eabi/5.4.1/armv7-m/crtn.o
                0x00001f90                . = ALIGN (0x4)
                0x00001f90                __preinit_array_start = .
 *(.preinit_array)
                0x00001f90                __preinit_array_end = .
                0x00001f90                . = ALIGN (0x4)
                0x00001f90                __init_array_start = .
 *(SORT(.init_array.*))
 *(.init_array)
 .init_array    0x00001f90        0x4 e:/programmer/cypres/psoc creator/4.3/psoc creator/import/gnu/arm/5.4.1/bin/../lib/gcc/arm-none-eabi/5.4.1/armv7-m/crtbegin.o
 .init_array    0x00001f94        0x4 .\CortexM3\ARM_GCC_541\Debug\Cm3Start.o
                0x00001f98                __init_array_end = .
                0x00001f98                . = ALIGN (0x4)
 *(.fini)
 .fini          0x00001f98        0x4 e:/programmer/cypres/psoc creator/4.3/psoc creator/import/gnu/arm/5.4.1/bin/../lib/gcc/arm-none-eabi/5.4.1/armv7-m/crti.o
                0x00001f98                _fini
 .fini          0x00001f9c        0x8 e:/programmer/cypres/psoc creator/4.3/psoc creator/import/gnu/arm/5.4.1/bin/../lib/gcc/arm-none-eabi/5.4.1/armv7-m/crtn.o
                0x00001fa4                . = ALIGN (0x4)
                0x00001fa4                __fini_array_start = .
 *(.fini_array)
 .fini_array    0x00001fa4        0x4 e:/programmer/cypres/psoc creator/4.3/psoc creator/import/gnu/arm/5.4.1/bin/../lib/gcc/arm-none-eabi/5.4.1/armv7-m/crtbegin.o
 *(SORT(.fini_array.*))
                0x00001fa8                __fini_array_end = .
                0x00001fa8                . = ALIGN (0x4)
 *crtbegin.o(.ctors)
 *(EXCLUDE_FILE(*crtend.o) .ctors)
 *(SORT(.ctors.*))
 *crtend.o(.ctors)
                0x00001fa8                . = ALIGN (0x4)
 *crtbegin.o(.dtors)
 *(EXCLUDE_FILE(*crtend.o) .dtors)
 *(SORT(.dtors.*))
 *crtend.o(.dtors)
                0x00001fa8                . = ALIGN (0x4)
                0x00001fa8                __cy_regions = .
                0x00001fa8        0x4 LONG 0x1fb8 __cy_region_init_ram
                0x00001fac        0x4 LONG 0x1fff80c8 __cy_region_start_data
                0x00001fb0        0x4 LONG 0x80 __cy_region_init_size_ram
                0x00001fb4        0x4 LONG 0x170 __cy_region_zero_size_ram
                0x00001fb8                __cy_regions_end = .
                0x00001fb8                . = ALIGN (0x8)
                0x00001fb8                _etext = .

.cy_checksum_exclude
                0x00001fb8        0x0
 *(.cy_checksum_exclude)

.ramvectors     0x1fff8000       0xc0
                0x1fff8000                __cy_region_start_ram = .
 *(.ramvectors)
 .ramvectors    0x1fff8000       0xc0 .\CortexM3\ARM_GCC_541\Debug\Cm3Start.o
                0x1fff8000                CyRamVectors

.noinit         0x1fff80c0        0x1
 *(.noinit)
 .noinit        0x1fff80c0        0x1 .\CortexM3\ARM_GCC_541\Debug\Sorting_Controller.a(CyLib.o)
                0x1fff80c0                CyResetStatus

.data           0x1fff80c8       0x80 load address 0x00001fb8
                0x1fff80c8                __cy_region_start_data = .
 *(.jcr)
 .jcr           0x1fff80c8        0x0 e:/programmer/cypres/psoc creator/4.3/psoc creator/import/gnu/arm/5.4.1/bin/../lib/gcc/arm-none-eabi/5.4.1/armv7-m/crtbegin.o
 .jcr           0x1fff80c8        0x4 e:/programmer/cypres/psoc creator/4.3/psoc creator/import/gnu/arm/5.4.1/bin/../lib/gcc/arm-none-eabi/5.4.1/armv7-m/crtend.o
 *(.got.plt)
 *(.got)
 *(.shdata)
 *(.data .data.* .gnu.linkonce.d.*)
 .data          0x1fff80cc        0x4 .\CortexM3\ARM_GCC_541\Debug\Cm3Start.o
 .data          0x1fff80d0       0x10 .\CortexM3\ARM_GCC_541\Debug\Sorting_Controller.a(CyLib.o)
                0x1fff80d0                cydelay_32k_ms
                0x1fff80d4                cydelay_freq_khz
                0x1fff80d8                cydelay_freq_mhz
                0x1fff80dc                cydelay_freq_hz
 .data.impure_data
                0x1fff80e0       0x60 e:/programmer/cypres/psoc creator/4.3/psoc creator/import/gnu/arm/5.4.1/bin/../lib/gcc/arm-none-eabi/5.4.1/../../../../arm-none-eabi/lib/armv7-m\libg_nano.a(lib_a-impure.o)
 .data._impure_ptr
                0x1fff8140        0x4 e:/programmer/cypres/psoc creator/4.3/psoc creator/import/gnu/arm/5.4.1/bin/../lib/gcc/arm-none-eabi/5.4.1/../../../../arm-none-eabi/lib/armv7-m\libg_nano.a(lib_a-impure.o)
                0x1fff8140                _impure_ptr
                0x1fff8148                . = ALIGN (0x8)
 *fill*         0x1fff8144        0x4 
 *(.ram)
                0x1fff8148                _edata = .

.igot.plt       0x1fff8148        0x0 load address 0x00002038
 .igot.plt      0x1fff8148        0x0 e:/programmer/cypres/psoc creator/4.3/psoc creator/import/gnu/arm/5.4.1/bin/../lib/gcc/arm-none-eabi/5.4.1/armv7-m/crtbegin.o

.bss            0x1fff8148      0x170 load address 0x00002038
                0x1fff8148                PROVIDE (__bss_start__, .)
 *(.shbss)
 *(.bss .bss.* .gnu.linkonce.b.*)
 .bss           0x1fff8148       0x1c e:/programmer/cypres/psoc creator/4.3/psoc creator/import/gnu/arm/5.4.1/bin/../lib/gcc/arm-none-eabi/5.4.1/armv7-m/crtbegin.o
 .bss           0x1fff8164        0x8 .\CortexM3\ARM_GCC_541\Debug\main.o
                0x1fff8164                freq
                0x1fff8166                freqReady
                0x1fff8168                msgCount
 .bss           0x1fff816c        0x2 .\CortexM3\ARM_GCC_541\Debug\Sorting_Controller.a(RPI_UART.o)
                0x1fff816c                RPI_UART_initVar
 .bss           0x1fff816e        0x1 .\CortexM3\ARM_GCC_541\Debug\Sorting_Controller.a(Color_PWM.o)
                0x1fff816e                Color_PWM_initVar
 .bss           0x1fff816f        0x1 .\CortexM3\ARM_GCC_541\Debug\Sorting_Controller.a(Color_Counter.o)
                0x1fff816f                Color_Counter_initVar
 .bss           0x1fff8170        0x1 .\CortexM3\ARM_GCC_541\Debug\Sorting_Controller.a(Weight_ADC.o)
                0x1fff8170                Weight_ADC_initVar
 .bss           0x1fff8171        0x1 .\CortexM3\ARM_GCC_541\Debug\Sorting_Controller.a(Actuator_PWM.o)
                0x1fff8171                Actuator_PWM_initVar
 *fill*         0x1fff8172        0x2 
 .bss.__malloc_sbrk_start
                0x1fff8174        0x4 e:/programmer/cypres/psoc creator/4.3/psoc creator/import/gnu/arm/5.4.1/bin/../lib/gcc/arm-none-eabi/5.4.1/../../../../arm-none-eabi/lib/armv7-m\libg_nano.a(lib_a-nano-mallocr.o)
                0x1fff8174                __malloc_sbrk_start
 .bss.__malloc_free_list
                0x1fff8178        0x4 e:/programmer/cypres/psoc creator/4.3/psoc creator/import/gnu/arm/5.4.1/bin/../lib/gcc/arm-none-eabi/5.4.1/../../../../arm-none-eabi/lib/armv7-m\libg_nano.a(lib_a-nano-mallocr.o)
                0x1fff8178                __malloc_free_list
 *(COMMON)
 COMMON         0x1fff817c      0x12a .\CortexM3\ARM_GCC_541\Debug\main.o
                0x1fff817c                BELT_SPEED_NORMAL
                0x1fff8180                box
                0x1fff8198                sensorColor
                0x1fff819e                BELT_SPEED_MAX
                0x1fff81a0                msgQueue
                0x1fff81a4                buf
                0x1fff82a4                linearity
 *fill*         0x1fff82a6        0x2 
 COMMON         0x1fff82a8        0xc .\CortexM3\ARM_GCC_541\Debug\Sorting_Controller.a(Weight_ADC.o)
                0x1fff82a8                Weight_ADC_offset
                0x1fff82ac                Weight_ADC_countsPer10Volt
                0x1fff82b0                Weight_ADC_shift
                0x1fff82b2                Weight_ADC_countsPerVolt
 COMMON         0x1fff82b4        0x4 e:/programmer/cypres/psoc creator/4.3/psoc creator/import/gnu/arm/5.4.1/bin/../lib/gcc/arm-none-eabi/5.4.1/../../../../arm-none-eabi/lib/armv7-m\libg_nano.a(lib_a-reent.o)
                0x1fff82b4                errno
                0x1fff82b8                . = ALIGN (0x8)
 *(.ram.b)
                0x1fff82b8                _end = .
                0x1fff82b8                __end = .
                0x1fff82b8                PROVIDE (end, .)
                0x1fff82b8                PROVIDE (__bss_end__, .)
                0x00001fb8                __cy_region_init_ram = LOADADDR (.data)
                0x00000080                __cy_region_init_size_ram = (_edata - ADDR (.data))
                0x00000170                __cy_region_zero_size_ram = (_end - _edata)

.heap           0x1fff82b8       0x80 load address 0x00002038
                0x1fff82b8                . = _end
                0x1fff8338                . = (. + 0x80)
 *fill*         0x1fff82b8       0x80 
                0x1fff8338                __cy_heap_limit = .

.stack          0x20007800      0x800
                0x20007800                __cy_stack_limit = .
                0x20008000                . = (. + 0x800)
 *fill*         0x20007800      0x800 
                0x00000001                ASSERT ((__cy_stack_limit >= __cy_heap_limit), region RAM overflowed with stack)
                0x00000000                cy_checksum_exclude_size = (CY_APPL_LOADABLE == 0x1)?SIZEOF (.cy_checksum_exclude):0x0
                0x00000001                ASSERT ((cy_checksum_exclude_size <= CY_CHECKSUM_EXCLUDE_SIZE), CY_BOOT: Section .cy_checksum_exclude size exceedes specified limit.)

.cyloadermeta
 *(.cyloadermeta)

.cyloadablemeta
 *(.cyloadablemeta)

.cyconfigecc    0x80000000      0x7d0
 *(.cyconfigecc)
 .cyconfigecc   0x80000000      0x7d0 .\CortexM3\ARM_GCC_541\Debug\cymetadata.o
                0x80000000                cy_meta_configecc

.cycustnvl      0x90000000        0x4
 *(.cycustnvl)
 .cycustnvl     0x90000000        0x4 .\CortexM3\ARM_GCC_541\Debug\cymetadata.o
                0x90000000                cy_meta_custnvl

.cywolatch      0x90100000        0x4
 *(.cywolatch)
 .cywolatch     0x90100000        0x4 .\CortexM3\ARM_GCC_541\Debug\cymetadata.o
                0x90100000                cy_meta_wonvl

.cyeeprom       0x90200000        0x0
 *(.cyeeprom)
                0x00000001                ASSERT ((. <= ((0x90200000 + ee_offset) + ee_size)), .cyeeprom data will not fit in EEPROM)

.cyflashprotect
                0x90400000      0x100
 *(.cyflashprotect)
 .cyflashprotect
                0x90400000      0x100 .\CortexM3\ARM_GCC_541\Debug\cymetadata.o
                0x90400000                cy_meta_flashprotect

.cymeta         0x90500000        0xc
 *(.cymeta)
 .cymeta        0x90500000        0xc .\CortexM3\ARM_GCC_541\Debug\cymetadata.o
                0x90500000                cy_metadata

.rel.dyn        0x00002038        0x0 load address 0x9050000c
 .rel.iplt      0x00002038        0x0 e:/programmer/cypres/psoc creator/4.3/psoc creator/import/gnu/arm/5.4.1/bin/../lib/gcc/arm-none-eabi/5.4.1/armv7-m/crtbegin.o

.stab
 *(.stab)

.stabstr
 *(.stabstr)

.debug
 *(.debug)

.line
 *(.line)

.debug_srcinfo
 *(.debug_srcinfo)

.debug_sfnames
 *(.debug_sfnames)

.debug_aranges  0x00000000      0xe30
 *(.debug_aranges)
 .debug_aranges
                0x00000000       0xf8 .\CortexM3\ARM_GCC_541\Debug\main.o
 .debug_aranges
                0x000000f8       0x58 .\CortexM3\ARM_GCC_541\Debug\cyfitter_cfg.o
 .debug_aranges
                0x00000150       0x18 .\CortexM3\ARM_GCC_541\Debug\cymetadata.o
 .debug_aranges
                0x00000168       0x48 .\CortexM3\ARM_GCC_541\Debug\Cm3Start.o
 .debug_aranges
                0x000001b0       0xf0 .\CortexM3\ARM_GCC_541\Debug\Sorting_Controller.a(RPI_UART.o)
 .debug_aranges
                0x000002a0       0x80 .\CortexM3\ARM_GCC_541\Debug\Sorting_Controller.a(isr_Actuator.o)
 .debug_aranges
                0x00000320       0x98 .\CortexM3\ARM_GCC_541\Debug\Sorting_Controller.a(Color_PWM.o)
 .debug_aranges
                0x000003b8       0x98 .\CortexM3\ARM_GCC_541\Debug\Sorting_Controller.a(Color_Counter.o)
 .debug_aranges
                0x00000450       0x80 .\CortexM3\ARM_GCC_541\Debug\Sorting_Controller.a(isr_Color.o)
 .debug_aranges
                0x000004d0       0x28 .\CortexM3\ARM_GCC_541\Debug\Sorting_Controller.a(Color_Reset.o)
 .debug_aranges
                0x000004f8       0x38 .\CortexM3\ARM_GCC_541\Debug\Sorting_Controller.a(Color_Pin_LED.o)
 .debug_aranges
                0x00000530       0xa8 .\CortexM3\ARM_GCC_541\Debug\Sorting_Controller.a(Motor_PWM.o)
 .debug_aranges
                0x000005d8       0x70 .\CortexM3\ARM_GCC_541\Debug\Sorting_Controller.a(RPI_UART_IntClock.o)
 .debug_aranges
                0x00000648      0x2a0 .\CortexM3\ARM_GCC_541\Debug\Sorting_Controller.a(CyLib.o)
 .debug_aranges
                0x000008e8       0x98 .\CortexM3\ARM_GCC_541\Debug\Sorting_Controller.a(cyPm.o)
 .debug_aranges
                0x00000980       0x80 .\CortexM3\ARM_GCC_541\Debug\Sorting_Controller.a(isr_rx.o)
 .debug_aranges
                0x00000a00       0xa8 .\CortexM3\ARM_GCC_541\Debug\Sorting_Controller.a(Weight_ADC.o)
 .debug_aranges
                0x00000aa8       0x20 .\CortexM3\ARM_GCC_541\Debug\Sorting_Controller.a(Weight_ADC_INT.o)
 .debug_aranges
                0x00000ac8       0x80 .\CortexM3\ARM_GCC_541\Debug\Sorting_Controller.a(Weight_ADC_theACLK.o)
 .debug_aranges
                0x00000b48       0x98 .\CortexM3\ARM_GCC_541\Debug\Sorting_Controller.a(Actuator_PWM.o)
 .debug_aranges
                0x00000be0       0x38 .\CortexM3\ARM_GCC_541\Debug\Sorting_Controller.a(Actuator_Pin_Dir.o)
 .debug_aranges
                0x00000c18       0x38 .\CortexM3\ARM_GCC_541\Debug\Sorting_Controller.a(Color_Pin_Freq_Select.o)
 .debug_aranges
                0x00000c50       0x38 .\CortexM3\ARM_GCC_541\Debug\Sorting_Controller.a(Color_Pin_Color_Select.o)
 .debug_aranges
                0x00000c88       0x80 .\CortexM3\ARM_GCC_541\Debug\Sorting_Controller.a(isr_Measure.o)
 .debug_aranges
                0x00000d08       0x20 .\CortexM3\ARM_GCC_541\Debug\Sorting_Controller.a(CyBootAsmGnu.o)
 .debug_aranges
                0x00000d28       0x88 .\CortexM3\ARM_GCC_541\Debug\Sorting_Controller.a(CyFlash.o)
 .debug_aranges
                0x00000db0       0x80 .\CortexM3\ARM_GCC_541\Debug\Sorting_Controller.a(CySpc.o)

.debug_pubnames
 *(.debug_pubnames)

.debug_info     0x00000000     0x710d
 *(.debug_info .gnu.linkonce.wi.*)
 .debug_info    0x00000000      0xd5f .\CortexM3\ARM_GCC_541\Debug\main.o
 .debug_info    0x00000d5f      0x54d .\CortexM3\ARM_GCC_541\Debug\cyfitter_cfg.o
 .debug_info    0x000012ac      0x139 .\CortexM3\ARM_GCC_541\Debug\cymetadata.o
 .debug_info    0x000013e5      0x3bb .\CortexM3\ARM_GCC_541\Debug\Cm3Start.o
 .debug_info    0x000017a0      0x60c .\CortexM3\ARM_GCC_541\Debug\Sorting_Controller.a(RPI_UART.o)
 .debug_info    0x00001dac      0x2d2 .\CortexM3\ARM_GCC_541\Debug\Sorting_Controller.a(isr_Actuator.o)
 .debug_info    0x0000207e      0x354 .\CortexM3\ARM_GCC_541\Debug\Sorting_Controller.a(Color_PWM.o)
 .debug_info    0x000023d2      0x344 .\CortexM3\ARM_GCC_541\Debug\Sorting_Controller.a(Color_Counter.o)
 .debug_info    0x00002716      0x2d2 .\CortexM3\ARM_GCC_541\Debug\Sorting_Controller.a(isr_Color.o)
 .debug_info    0x000029e8       0xd6 .\CortexM3\ARM_GCC_541\Debug\Sorting_Controller.a(Color_Reset.o)
 .debug_info    0x00002abe      0x11f .\CortexM3\ARM_GCC_541\Debug\Sorting_Controller.a(Color_Pin_LED.o)
 .debug_info    0x00002bdd      0x383 .\CortexM3\ARM_GCC_541\Debug\Sorting_Controller.a(Motor_PWM.o)
 .debug_info    0x00002f60      0x283 .\CortexM3\ARM_GCC_541\Debug\Sorting_Controller.a(RPI_UART_IntClock.o)
 .debug_info    0x000031e3     0x1374 .\CortexM3\ARM_GCC_541\Debug\Sorting_Controller.a(CyLib.o)
 .debug_info    0x00004557      0xa2a .\CortexM3\ARM_GCC_541\Debug\Sorting_Controller.a(cyPm.o)
 .debug_info    0x00004f81      0x2d2 .\CortexM3\ARM_GCC_541\Debug\Sorting_Controller.a(isr_rx.o)
 .debug_info    0x00005253      0x5c0 .\CortexM3\ARM_GCC_541\Debug\Sorting_Controller.a(Weight_ADC.o)
 .debug_info    0x00005813       0x92 .\CortexM3\ARM_GCC_541\Debug\Sorting_Controller.a(Weight_ADC_INT.o)
 .debug_info    0x000058a5      0x2c4 .\CortexM3\ARM_GCC_541\Debug\Sorting_Controller.a(Weight_ADC_theACLK.o)
 .debug_info    0x00005b69      0x334 .\CortexM3\ARM_GCC_541\Debug\Sorting_Controller.a(Actuator_PWM.o)
 .debug_info    0x00005e9d      0x11f .\CortexM3\ARM_GCC_541\Debug\Sorting_Controller.a(Actuator_Pin_Dir.o)
 .debug_info    0x00005fbc      0x11f .\CortexM3\ARM_GCC_541\Debug\Sorting_Controller.a(Color_Pin_Freq_Select.o)
 .debug_info    0x000060db      0x11f .\CortexM3\ARM_GCC_541\Debug\Sorting_Controller.a(Color_Pin_Color_Select.o)
 .debug_info    0x000061fa      0x2d2 .\CortexM3\ARM_GCC_541\Debug\Sorting_Controller.a(isr_Measure.o)
 .debug_info    0x000064cc       0xa4 .\CortexM3\ARM_GCC_541\Debug\Sorting_Controller.a(CyBootAsmGnu.o)
 .debug_info    0x00006570      0x64d .\CortexM3\ARM_GCC_541\Debug\Sorting_Controller.a(CyFlash.o)
 .debug_info    0x00006bbd      0x550 .\CortexM3\ARM_GCC_541\Debug\Sorting_Controller.a(CySpc.o)

.debug_abbrev   0x00000000     0x215b
 *(.debug_abbrev)
 .debug_abbrev  0x00000000      0x2b6 .\CortexM3\ARM_GCC_541\Debug\main.o
 .debug_abbrev  0x000002b6      0x1fe .\CortexM3\ARM_GCC_541\Debug\cyfitter_cfg.o
 .debug_abbrev  0x000004b4       0x77 .\CortexM3\ARM_GCC_541\Debug\cymetadata.o
 .debug_abbrev  0x0000052b      0x1e8 .\CortexM3\ARM_GCC_541\Debug\Cm3Start.o
 .debug_abbrev  0x00000713      0x175 .\CortexM3\ARM_GCC_541\Debug\Sorting_Controller.a(RPI_UART.o)
 .debug_abbrev  0x00000888      0x173 .\CortexM3\ARM_GCC_541\Debug\Sorting_Controller.a(isr_Actuator.o)
 .debug_abbrev  0x000009fb      0x133 .\CortexM3\ARM_GCC_541\Debug\Sorting_Controller.a(Color_PWM.o)
 .debug_abbrev  0x00000b2e      0x117 .\CortexM3\ARM_GCC_541\Debug\Sorting_Controller.a(Color_Counter.o)
 .debug_abbrev  0x00000c45      0x173 .\CortexM3\ARM_GCC_541\Debug\Sorting_Controller.a(isr_Color.o)
 .debug_abbrev  0x00000db8       0x81 .\CortexM3\ARM_GCC_541\Debug\Sorting_Controller.a(Color_Reset.o)
 .debug_abbrev  0x00000e39       0x90 .\CortexM3\ARM_GCC_541\Debug\Sorting_Controller.a(Color_Pin_LED.o)
 .debug_abbrev  0x00000ec9      0x133 .\CortexM3\ARM_GCC_541\Debug\Sorting_Controller.a(Motor_PWM.o)
 .debug_abbrev  0x00000ffc      0x139 .\CortexM3\ARM_GCC_541\Debug\Sorting_Controller.a(RPI_UART_IntClock.o)
 .debug_abbrev  0x00001135      0x254 .\CortexM3\ARM_GCC_541\Debug\Sorting_Controller.a(CyLib.o)
 .debug_abbrev  0x00001389      0x1ab .\CortexM3\ARM_GCC_541\Debug\Sorting_Controller.a(cyPm.o)
 .debug_abbrev  0x00001534      0x173 .\CortexM3\ARM_GCC_541\Debug\Sorting_Controller.a(isr_rx.o)
 .debug_abbrev  0x000016a7      0x1ac .\CortexM3\ARM_GCC_541\Debug\Sorting_Controller.a(Weight_ADC.o)
 .debug_abbrev  0x00001853       0x42 .\CortexM3\ARM_GCC_541\Debug\Sorting_Controller.a(Weight_ADC_INT.o)
 .debug_abbrev  0x00001895      0x121 .\CortexM3\ARM_GCC_541\Debug\Sorting_Controller.a(Weight_ADC_theACLK.o)
 .debug_abbrev  0x000019b6      0x133 .\CortexM3\ARM_GCC_541\Debug\Sorting_Controller.a(Actuator_PWM.o)
 .debug_abbrev  0x00001ae9       0x90 .\CortexM3\ARM_GCC_541\Debug\Sorting_Controller.a(Actuator_Pin_Dir.o)
 .debug_abbrev  0x00001b79       0x90 .\CortexM3\ARM_GCC_541\Debug\Sorting_Controller.a(Color_Pin_Freq_Select.o)
 .debug_abbrev  0x00001c09       0x90 .\CortexM3\ARM_GCC_541\Debug\Sorting_Controller.a(Color_Pin_Color_Select.o)
 .debug_abbrev  0x00001c99      0x173 .\CortexM3\ARM_GCC_541\Debug\Sorting_Controller.a(isr_Measure.o)
 .debug_abbrev  0x00001e0c       0x14 .\CortexM3\ARM_GCC_541\Debug\Sorting_Controller.a(CyBootAsmGnu.o)
 .debug_abbrev  0x00001e20      0x1a7 .\CortexM3\ARM_GCC_541\Debug\Sorting_Controller.a(CyFlash.o)
 .debug_abbrev  0x00001fc7      0x194 .\CortexM3\ARM_GCC_541\Debug\Sorting_Controller.a(CySpc.o)

.debug_line     0x00000000     0x31e0
 *(.debug_line)
 .debug_line    0x00000000      0x5d0 .\CortexM3\ARM_GCC_541\Debug\main.o
 .debug_line    0x000005d0      0x1e6 .\CortexM3\ARM_GCC_541\Debug\cyfitter_cfg.o
 .debug_line    0x000007b6      0x12d .\CortexM3\ARM_GCC_541\Debug\cymetadata.o
 .debug_line    0x000008e3      0x220 .\CortexM3\ARM_GCC_541\Debug\Cm3Start.o
 .debug_line    0x00000b03      0x2c4 .\CortexM3\ARM_GCC_541\Debug\Sorting_Controller.a(RPI_UART.o)
 .debug_line    0x00000dc7      0x139 .\CortexM3\ARM_GCC_541\Debug\Sorting_Controller.a(isr_Actuator.o)
 .debug_line    0x00000f00      0x18c .\CortexM3\ARM_GCC_541\Debug\Sorting_Controller.a(Color_PWM.o)
 .debug_line    0x0000108c      0x18f .\CortexM3\ARM_GCC_541\Debug\Sorting_Controller.a(Color_Counter.o)
 .debug_line    0x0000121b      0x136 .\CortexM3\ARM_GCC_541\Debug\Sorting_Controller.a(isr_Color.o)
 .debug_line    0x00001351       0x73 .\CortexM3\ARM_GCC_541\Debug\Sorting_Controller.a(Color_Reset.o)
 .debug_line    0x000013c4       0x9a .\CortexM3\ARM_GCC_541\Debug\Sorting_Controller.a(Color_Pin_LED.o)
 .debug_line    0x0000145e      0x1ad .\CortexM3\ARM_GCC_541\Debug\Sorting_Controller.a(Motor_PWM.o)
 .debug_line    0x0000160b      0x180 .\CortexM3\ARM_GCC_541\Debug\Sorting_Controller.a(RPI_UART_IntClock.o)
 .debug_line    0x0000178b      0x816 .\CortexM3\ARM_GCC_541\Debug\Sorting_Controller.a(CyLib.o)
 .debug_line    0x00001fa1      0x367 .\CortexM3\ARM_GCC_541\Debug\Sorting_Controller.a(cyPm.o)
 .debug_line    0x00002308      0x133 .\CortexM3\ARM_GCC_541\Debug\Sorting_Controller.a(isr_rx.o)
 .debug_line    0x0000243b      0x222 .\CortexM3\ARM_GCC_541\Debug\Sorting_Controller.a(Weight_ADC.o)
 .debug_line    0x0000265d       0x57 .\CortexM3\ARM_GCC_541\Debug\Sorting_Controller.a(Weight_ADC_INT.o)
 .debug_line    0x000026b4      0x1a4 .\CortexM3\ARM_GCC_541\Debug\Sorting_Controller.a(Weight_ADC_theACLK.o)
 .debug_line    0x00002858      0x18c .\CortexM3\ARM_GCC_541\Debug\Sorting_Controller.a(Actuator_PWM.o)
 .debug_line    0x000029e4       0x9d .\CortexM3\ARM_GCC_541\Debug\Sorting_Controller.a(Actuator_Pin_Dir.o)
 .debug_line    0x00002a81       0xa3 .\CortexM3\ARM_GCC_541\Debug\Sorting_Controller.a(Color_Pin_Freq_Select.o)
 .debug_line    0x00002b24       0xa4 .\CortexM3\ARM_GCC_541\Debug\Sorting_Controller.a(Color_Pin_Color_Select.o)
 .debug_line    0x00002bc8      0x138 .\CortexM3\ARM_GCC_541\Debug\Sorting_Controller.a(isr_Measure.o)
 .debug_line    0x00002d00       0x66 .\CortexM3\ARM_GCC_541\Debug\Sorting_Controller.a(CyBootAsmGnu.o)
 .debug_line    0x00002d66      0x21a .\CortexM3\ARM_GCC_541\Debug\Sorting_Controller.a(CyFlash.o)
 .debug_line    0x00002f80      0x260 .\CortexM3\ARM_GCC_541\Debug\Sorting_Controller.a(CySpc.o)

.debug_frame    0x00000000     0x2610
 *(.debug_frame)
 .debug_frame   0x00000000      0x318 .\CortexM3\ARM_GCC_541\Debug\main.o
 .debug_frame   0x00000318       0xfc .\CortexM3\ARM_GCC_541\Debug\cyfitter_cfg.o
 .debug_frame   0x00000414       0xb8 .\CortexM3\ARM_GCC_541\Debug\Cm3Start.o
 .debug_frame   0x000004cc      0x250 .\CortexM3\ARM_GCC_541\Debug\Sorting_Controller.a(RPI_UART.o)
 .debug_frame   0x0000071c      0x104 .\CortexM3\ARM_GCC_541\Debug\Sorting_Controller.a(isr_Actuator.o)
 .debug_frame   0x00000820      0x134 .\CortexM3\ARM_GCC_541\Debug\Sorting_Controller.a(Color_PWM.o)
 .debug_frame   0x00000954      0x134 .\CortexM3\ARM_GCC_541\Debug\Sorting_Controller.a(Color_Counter.o)
 .debug_frame   0x00000a88      0x104 .\CortexM3\ARM_GCC_541\Debug\Sorting_Controller.a(isr_Color.o)
 .debug_frame   0x00000b8c       0x30 .\CortexM3\ARM_GCC_541\Debug\Sorting_Controller.a(Color_Reset.o)
 .debug_frame   0x00000bbc       0x50 .\CortexM3\ARM_GCC_541\Debug\Sorting_Controller.a(Color_Pin_LED.o)
 .debug_frame   0x00000c0c      0x154 .\CortexM3\ARM_GCC_541\Debug\Sorting_Controller.a(Motor_PWM.o)
 .debug_frame   0x00000d60       0xe0 .\CortexM3\ARM_GCC_541\Debug\Sorting_Controller.a(RPI_UART_IntClock.o)
 .debug_frame   0x00000e40      0x738 .\CortexM3\ARM_GCC_541\Debug\Sorting_Controller.a(CyLib.o)
 .debug_frame   0x00001578      0x1f8 .\CortexM3\ARM_GCC_541\Debug\Sorting_Controller.a(cyPm.o)
 .debug_frame   0x00001770      0x104 .\CortexM3\ARM_GCC_541\Debug\Sorting_Controller.a(isr_rx.o)
 .debug_frame   0x00001874      0x1b0 .\CortexM3\ARM_GCC_541\Debug\Sorting_Controller.a(Weight_ADC.o)
 .debug_frame   0x00001a24       0x20 .\CortexM3\ARM_GCC_541\Debug\Sorting_Controller.a(Weight_ADC_INT.o)
 .debug_frame   0x00001a44      0x100 .\CortexM3\ARM_GCC_541\Debug\Sorting_Controller.a(Weight_ADC_theACLK.o)
 .debug_frame   0x00001b44      0x134 .\CortexM3\ARM_GCC_541\Debug\Sorting_Controller.a(Actuator_PWM.o)
 .debug_frame   0x00001c78       0x50 .\CortexM3\ARM_GCC_541\Debug\Sorting_Controller.a(Actuator_Pin_Dir.o)
 .debug_frame   0x00001cc8       0x50 .\CortexM3\ARM_GCC_541\Debug\Sorting_Controller.a(Color_Pin_Freq_Select.o)
 .debug_frame   0x00001d18       0x50 .\CortexM3\ARM_GCC_541\Debug\Sorting_Controller.a(Color_Pin_Color_Select.o)
 .debug_frame   0x00001d68      0x104 .\CortexM3\ARM_GCC_541\Debug\Sorting_Controller.a(isr_Measure.o)
 .debug_frame   0x00001e6c      0x194 .\CortexM3\ARM_GCC_541\Debug\Sorting_Controller.a(CyFlash.o)
 .debug_frame   0x00002000      0x180 .\CortexM3\ARM_GCC_541\Debug\Sorting_Controller.a(CySpc.o)
 .debug_frame   0x00002180       0x44 e:/programmer/cypres/psoc creator/4.3/psoc creator/import/gnu/arm/5.4.1/bin/../lib/gcc/arm-none-eabi/5.4.1/armv7-m\libgcc.a(_aeabi_ldivmod.o)
 .debug_frame   0x000021c4       0x38 e:/programmer/cypres/psoc creator/4.3/psoc creator/import/gnu/arm/5.4.1/bin/../lib/gcc/arm-none-eabi/5.4.1/armv7-m\libgcc.a(_udivmoddi4.o)
 .debug_frame   0x000021fc       0x20 e:/programmer/cypres/psoc creator/4.3/psoc creator/import/gnu/arm/5.4.1/bin/../lib/gcc/arm-none-eabi/5.4.1/../../../../arm-none-eabi/lib/armv7-m\libg_nano.a(lib_a-errno.o)
 .debug_frame   0x0000221c       0x28 e:/programmer/cypres/psoc creator/4.3/psoc creator/import/gnu/arm/5.4.1/bin/../lib/gcc/arm-none-eabi/5.4.1/../../../../arm-none-eabi/lib/armv7-m\libg_nano.a(lib_a-exit.o)
 .debug_frame   0x00002244       0x2c e:/programmer/cypres/psoc creator/4.3/psoc creator/import/gnu/arm/5.4.1/bin/../lib/gcc/arm-none-eabi/5.4.1/../../../../arm-none-eabi/lib/armv7-m\libg_nano.a(lib_a-init.o)
 .debug_frame   0x00002270       0x30 e:/programmer/cypres/psoc creator/4.3/psoc creator/import/gnu/arm/5.4.1/bin/../lib/gcc/arm-none-eabi/5.4.1/../../../../arm-none-eabi/lib/armv7-m\libg_nano.a(lib_a-malloc.o)
 .debug_frame   0x000022a0       0x28 e:/programmer/cypres/psoc creator/4.3/psoc creator/import/gnu/arm/5.4.1/bin/../lib/gcc/arm-none-eabi/5.4.1/../../../../arm-none-eabi/lib/armv7-m\libg_nano.a(lib_a-memcpy-stub.o)
 .debug_frame   0x000022c8       0x20 e:/programmer/cypres/psoc creator/4.3/psoc creator/import/gnu/arm/5.4.1/bin/../lib/gcc/arm-none-eabi/5.4.1/../../../../arm-none-eabi/lib/armv7-m\libg_nano.a(lib_a-memset.o)
 .debug_frame   0x000022e8       0x38 e:/programmer/cypres/psoc creator/4.3/psoc creator/import/gnu/arm/5.4.1/bin/../lib/gcc/arm-none-eabi/5.4.1/../../../../arm-none-eabi/lib/armv7-m\libg_nano.a(lib_a-nano-freer.o)
 .debug_frame   0x00002320       0x2c e:/programmer/cypres/psoc creator/4.3/psoc creator/import/gnu/arm/5.4.1/bin/../lib/gcc/arm-none-eabi/5.4.1/../../../../arm-none-eabi/lib/armv7-m\libg_nano.a(lib_a-nano-mallocr.o)
 .debug_frame   0x0000234c       0x2c e:/programmer/cypres/psoc creator/4.3/psoc creator/import/gnu/arm/5.4.1/bin/../lib/gcc/arm-none-eabi/5.4.1/../../../../arm-none-eabi/lib/armv7-m\libg_nano.a(lib_a-sbrkr.o)
 .debug_frame   0x00002378       0x70 e:/programmer/cypres/psoc creator/4.3/psoc creator/import/gnu/arm/5.4.1/bin/../lib/gcc/arm-none-eabi/5.4.1/../../../../arm-none-eabi/lib/armv7-m\libg_nano.a(lib_a-sprintf.o)
 .debug_frame   0x000023e8       0x30 e:/programmer/cypres/psoc creator/4.3/psoc creator/import/gnu/arm/5.4.1/bin/../lib/gcc/arm-none-eabi/5.4.1/../../../../arm-none-eabi/lib/armv7-m\libg_nano.a(lib_a-mlock.o)
 .debug_frame   0x00002418       0x90 e:/programmer/cypres/psoc creator/4.3/psoc creator/import/gnu/arm/5.4.1/bin/../lib/gcc/arm-none-eabi/5.4.1/../../../../arm-none-eabi/lib/armv7-m\libg_nano.a(lib_a-nano-svfprintf.o)
 .debug_frame   0x000024a8       0x60 e:/programmer/cypres/psoc creator/4.3/psoc creator/import/gnu/arm/5.4.1/bin/../lib/gcc/arm-none-eabi/5.4.1/../../../../arm-none-eabi/lib/armv7-m\libg_nano.a(lib_a-nano-vfprintf_i.o)
 .debug_frame   0x00002508       0x5c e:/programmer/cypres/psoc creator/4.3/psoc creator/import/gnu/arm/5.4.1/bin/../lib/gcc/arm-none-eabi/5.4.1/../../../../arm-none-eabi/lib/armv7-m\libg_nano.a(lib_a-reent.o)
 .debug_frame   0x00002564       0x28 e:/programmer/cypres/psoc creator/4.3/psoc creator/import/gnu/arm/5.4.1/bin/../lib/gcc/arm-none-eabi/5.4.1/../../../../arm-none-eabi/lib/armv7-m\libg_nano.a(lib_a-memchr-stub.o)
 .debug_frame   0x0000258c       0x28 e:/programmer/cypres/psoc creator/4.3/psoc creator/import/gnu/arm/5.4.1/bin/../lib/gcc/arm-none-eabi/5.4.1/../../../../arm-none-eabi/lib/armv7-m\libg_nano.a(lib_a-memmove.o)
 .debug_frame   0x000025b4       0x3c e:/programmer/cypres/psoc creator/4.3/psoc creator/import/gnu/arm/5.4.1/bin/../lib/gcc/arm-none-eabi/5.4.1/../../../../arm-none-eabi/lib/armv7-m\libg_nano.a(lib_a-nano-reallocr.o)
 .debug_frame   0x000025f0       0x20 e:/programmer/cypres/psoc creator/4.3/psoc creator/import/gnu/arm/5.4.1/bin/../lib/gcc/arm-none-eabi/5.4.1/../../../../arm-none-eabi/lib/armv7-m\libg_nano.a(lib_a-nano-msizer.o)

.debug_str      0x00000000     0x2e17
 *(.debug_str)
 .debug_str     0x00000000      0x679 .\CortexM3\ARM_GCC_541\Debug\main.o
                                0x6f7 (size before relaxing)
 .debug_str     0x00000679      0x176 .\CortexM3\ARM_GCC_541\Debug\cyfitter_cfg.o
                                0x32d (size before relaxing)
 .debug_str     0x000007ef       0x7f .\CortexM3\ARM_GCC_541\Debug\cymetadata.o
                                0x1f8 (size before relaxing)
 .debug_str     0x0000086e      0x144 .\CortexM3\ARM_GCC_541\Debug\Cm3Start.o
                                0x31e (size before relaxing)
 .debug_str     0x000009b2      0x32e .\CortexM3\ARM_GCC_541\Debug\Sorting_Controller.a(RPI_UART.o)
                                0x505 (size before relaxing)
 .debug_str     0x00000ce0      0x14b .\CortexM3\ARM_GCC_541\Debug\Sorting_Controller.a(isr_Actuator.o)
                                0x31c (size before relaxing)
 .debug_str     0x00000e2b      0x1cb .\CortexM3\ARM_GCC_541\Debug\Sorting_Controller.a(Color_PWM.o)
                                0x3be (size before relaxing)
 .debug_str     0x00000ff6      0x1cb .\CortexM3\ARM_GCC_541\Debug\Sorting_Controller.a(Color_Counter.o)
                                0x404 (size before relaxing)
 .debug_str     0x000011c1       0xf5 .\CortexM3\ARM_GCC_541\Debug\Sorting_Controller.a(isr_Color.o)
                                0x2f2 (size before relaxing)
 .debug_str     0x000012b6       0x36 .\CortexM3\ARM_GCC_541\Debug\Sorting_Controller.a(Color_Reset.o)
                                0x1d5 (size before relaxing)
 .debug_str     0x000012ec       0x7f .\CortexM3\ARM_GCC_541\Debug\Sorting_Controller.a(Color_Pin_LED.o)
                                0x21e (size before relaxing)
 .debug_str     0x0000136b      0x1bd .\CortexM3\ARM_GCC_541\Debug\Sorting_Controller.a(Motor_PWM.o)
                                0x3e2 (size before relaxing)
 .debug_str     0x00001528      0x1b1 .\CortexM3\ARM_GCC_541\Debug\Sorting_Controller.a(RPI_UART_IntClock.o)
                                0x37a (size before relaxing)
 .debug_str     0x000016d9      0x7de .\CortexM3\ARM_GCC_541\Debug\Sorting_Controller.a(CyLib.o)
                                0xa5b (size before relaxing)
 .debug_str     0x00001eb7      0x365 .\CortexM3\ARM_GCC_541\Debug\Sorting_Controller.a(cyPm.o)
                                0x747 (size before relaxing)
 .debug_str     0x0000221c       0xe5 .\CortexM3\ARM_GCC_541\Debug\Sorting_Controller.a(isr_rx.o)
                                0x2c8 (size before relaxing)
 .debug_str     0x00002301      0x227 .\CortexM3\ARM_GCC_541\Debug\Sorting_Controller.a(Weight_ADC.o)
                                0x4ea (size before relaxing)
 .debug_str     0x00002528       0x37 .\CortexM3\ARM_GCC_541\Debug\Sorting_Controller.a(Weight_ADC_INT.o)
                                0x1b1 (size before relaxing)
 .debug_str     0x0000255f      0x1c9 .\CortexM3\ARM_GCC_541\Debug\Sorting_Controller.a(Weight_ADC_theACLK.o)
                                0x3d7 (size before relaxing)
 .debug_str     0x00002728      0x1c5 .\CortexM3\ARM_GCC_541\Debug\Sorting_Controller.a(Actuator_PWM.o)
                                0x3ea (size before relaxing)
 .debug_str     0x000028ed       0x7b .\CortexM3\ARM_GCC_541\Debug\Sorting_Controller.a(Actuator_Pin_Dir.o)
                                0x22d (size before relaxing)
 .debug_str     0x00002968       0x8f .\CortexM3\ARM_GCC_541\Debug\Sorting_Controller.a(Color_Pin_Freq_Select.o)
                                0x246 (size before relaxing)
 .debug_str     0x000029f7       0x93 .\CortexM3\ARM_GCC_541\Debug\Sorting_Controller.a(Color_Pin_Color_Select.o)
                                0x24b (size before relaxing)
 .debug_str     0x00002a8a      0x126 .\CortexM3\ARM_GCC_541\Debug\Sorting_Controller.a(isr_Measure.o)
                                0x30e (size before relaxing)
 .debug_str     0x00002bb0      0x1bb .\CortexM3\ARM_GCC_541\Debug\Sorting_Controller.a(CyFlash.o)
                                0x3d4 (size before relaxing)
 .debug_str     0x00002d6b       0xac .\CortexM3\ARM_GCC_541\Debug\Sorting_Controller.a(CySpc.o)
                                0x34c (size before relaxing)

.debug_loc      0x00000000     0x2742
 *(.debug_loc)
 .debug_loc     0x00000000      0x2f0 .\CortexM3\ARM_GCC_541\Debug\main.o
 .debug_loc     0x000002f0      0x1fd .\CortexM3\ARM_GCC_541\Debug\cyfitter_cfg.o
 .debug_loc     0x000004ed      0x144 .\CortexM3\ARM_GCC_541\Debug\Cm3Start.o
 .debug_loc     0x00000631      0x258 .\CortexM3\ARM_GCC_541\Debug\Sorting_Controller.a(RPI_UART.o)
 .debug_loc     0x00000889       0x56 .\CortexM3\ARM_GCC_541\Debug\Sorting_Controller.a(isr_Actuator.o)
 .debug_loc     0x000008df       0x26 .\CortexM3\ARM_GCC_541\Debug\Sorting_Controller.a(Color_PWM.o)
 .debug_loc     0x00000905       0x31 .\CortexM3\ARM_GCC_541\Debug\Sorting_Controller.a(Color_Counter.o)
 .debug_loc     0x00000936       0x56 .\CortexM3\ARM_GCC_541\Debug\Sorting_Controller.a(isr_Color.o)
 .debug_loc     0x0000098c       0x42 .\CortexM3\ARM_GCC_541\Debug\Sorting_Controller.a(Color_Pin_LED.o)
 .debug_loc     0x000009ce       0x26 .\CortexM3\ARM_GCC_541\Debug\Sorting_Controller.a(Motor_PWM.o)
 .debug_loc     0x000009f4      0x128 .\CortexM3\ARM_GCC_541\Debug\Sorting_Controller.a(RPI_UART_IntClock.o)
 .debug_loc     0x00000b1c      0xa11 .\CortexM3\ARM_GCC_541\Debug\Sorting_Controller.a(CyLib.o)
 .debug_loc     0x0000152d      0x1e4 .\CortexM3\ARM_GCC_541\Debug\Sorting_Controller.a(cyPm.o)
 .debug_loc     0x00001711       0x56 .\CortexM3\ARM_GCC_541\Debug\Sorting_Controller.a(isr_rx.o)
 .debug_loc     0x00001767      0x295 .\CortexM3\ARM_GCC_541\Debug\Sorting_Controller.a(Weight_ADC.o)
 .debug_loc     0x000019fc      0x14d .\CortexM3\ARM_GCC_541\Debug\Sorting_Controller.a(Weight_ADC_theACLK.o)
 .debug_loc     0x00001b49       0x26 .\CortexM3\ARM_GCC_541\Debug\Sorting_Controller.a(Actuator_PWM.o)
 .debug_loc     0x00001b6f       0x42 .\CortexM3\ARM_GCC_541\Debug\Sorting_Controller.a(Actuator_Pin_Dir.o)
 .debug_loc     0x00001bb1       0x42 .\CortexM3\ARM_GCC_541\Debug\Sorting_Controller.a(Color_Pin_Freq_Select.o)
 .debug_loc     0x00001bf3       0x42 .\CortexM3\ARM_GCC_541\Debug\Sorting_Controller.a(Color_Pin_Color_Select.o)
 .debug_loc     0x00001c35       0x56 .\CortexM3\ARM_GCC_541\Debug\Sorting_Controller.a(isr_Measure.o)
 .debug_loc     0x00001c8b      0x3b2 .\CortexM3\ARM_GCC_541\Debug\Sorting_Controller.a(CyFlash.o)
 .debug_loc     0x0000203d      0x705 .\CortexM3\ARM_GCC_541\Debug\Sorting_Controller.a(CySpc.o)

.debug_macinfo
 *(.debug_macinfo)

.debug_ranges   0x00000000      0xc80
 *(.debug_ranges)
 .debug_ranges  0x00000000      0x100 .\CortexM3\ARM_GCC_541\Debug\main.o
 .debug_ranges  0x00000100       0x48 .\CortexM3\ARM_GCC_541\Debug\cyfitter_cfg.o
 .debug_ranges  0x00000148       0x38 .\CortexM3\ARM_GCC_541\Debug\Cm3Start.o
 .debug_ranges  0x00000180       0xe0 .\CortexM3\ARM_GCC_541\Debug\Sorting_Controller.a(RPI_UART.o)
 .debug_ranges  0x00000260       0x70 .\CortexM3\ARM_GCC_541\Debug\Sorting_Controller.a(isr_Actuator.o)
 .debug_ranges  0x000002d0       0x88 .\CortexM3\ARM_GCC_541\Debug\Sorting_Controller.a(Color_PWM.o)
 .debug_ranges  0x00000358       0x88 .\CortexM3\ARM_GCC_541\Debug\Sorting_Controller.a(Color_Counter.o)
 .debug_ranges  0x000003e0       0x70 .\CortexM3\ARM_GCC_541\Debug\Sorting_Controller.a(isr_Color.o)
 .debug_ranges  0x00000450       0x18 .\CortexM3\ARM_GCC_541\Debug\Sorting_Controller.a(Color_Reset.o)
 .debug_ranges  0x00000468       0x28 .\CortexM3\ARM_GCC_541\Debug\Sorting_Controller.a(Color_Pin_LED.o)
 .debug_ranges  0x00000490       0x98 .\CortexM3\ARM_GCC_541\Debug\Sorting_Controller.a(Motor_PWM.o)
 .debug_ranges  0x00000528       0x60 .\CortexM3\ARM_GCC_541\Debug\Sorting_Controller.a(RPI_UART_IntClock.o)
 .debug_ranges  0x00000588      0x290 .\CortexM3\ARM_GCC_541\Debug\Sorting_Controller.a(CyLib.o)
 .debug_ranges  0x00000818       0x88 .\CortexM3\ARM_GCC_541\Debug\Sorting_Controller.a(cyPm.o)
 .debug_ranges  0x000008a0       0x70 .\CortexM3\ARM_GCC_541\Debug\Sorting_Controller.a(isr_rx.o)
 .debug_ranges  0x00000910       0x98 .\CortexM3\ARM_GCC_541\Debug\Sorting_Controller.a(Weight_ADC.o)
 .debug_ranges  0x000009a8       0x10 .\CortexM3\ARM_GCC_541\Debug\Sorting_Controller.a(Weight_ADC_INT.o)
 .debug_ranges  0x000009b8       0x70 .\CortexM3\ARM_GCC_541\Debug\Sorting_Controller.a(Weight_ADC_theACLK.o)
 .debug_ranges  0x00000a28       0x88 .\CortexM3\ARM_GCC_541\Debug\Sorting_Controller.a(Actuator_PWM.o)
 .debug_ranges  0x00000ab0       0x28 .\CortexM3\ARM_GCC_541\Debug\Sorting_Controller.a(Actuator_Pin_Dir.o)
 .debug_ranges  0x00000ad8       0x28 .\CortexM3\ARM_GCC_541\Debug\Sorting_Controller.a(Color_Pin_Freq_Select.o)
 .debug_ranges  0x00000b00       0x28 .\CortexM3\ARM_GCC_541\Debug\Sorting_Controller.a(Color_Pin_Color_Select.o)
 .debug_ranges  0x00000b28       0x70 .\CortexM3\ARM_GCC_541\Debug\Sorting_Controller.a(isr_Measure.o)
 .debug_ranges  0x00000b98       0x78 .\CortexM3\ARM_GCC_541\Debug\Sorting_Controller.a(CyFlash.o)
 .debug_ranges  0x00000c10       0x70 .\CortexM3\ARM_GCC_541\Debug\Sorting_Controller.a(CySpc.o)

.comment        0x00000000       0x6e
 .comment       0x00000000       0x6e .\CortexM3\ARM_GCC_541\Debug\main.o
                                 0x6f (size before relaxing)
 .comment       0x0000006e       0x6f .\CortexM3\ARM_GCC_541\Debug\cyfitter_cfg.o
 .comment       0x0000006e       0x6f .\CortexM3\ARM_GCC_541\Debug\cymetadata.o
 .comment       0x0000006e       0x6f .\CortexM3\ARM_GCC_541\Debug\Cm3Start.o
 .comment       0x0000006e       0x6f .\CortexM3\ARM_GCC_541\Debug\Sorting_Controller.a(RPI_UART.o)
 .comment       0x0000006e       0x6f .\CortexM3\ARM_GCC_541\Debug\Sorting_Controller.a(isr_Actuator.o)
 .comment       0x0000006e       0x6f .\CortexM3\ARM_GCC_541\Debug\Sorting_Controller.a(Color_PWM.o)
 .comment       0x0000006e       0x6f .\CortexM3\ARM_GCC_541\Debug\Sorting_Controller.a(Color_Counter.o)
 .comment       0x0000006e       0x6f .\CortexM3\ARM_GCC_541\Debug\Sorting_Controller.a(isr_Color.o)
 .comment       0x0000006e       0x6f .\CortexM3\ARM_GCC_541\Debug\Sorting_Controller.a(Color_Reset.o)
 .comment       0x0000006e       0x6f .\CortexM3\ARM_GCC_541\Debug\Sorting_Controller.a(Color_Pin_LED.o)
 .comment       0x0000006e       0x6f .\CortexM3\ARM_GCC_541\Debug\Sorting_Controller.a(Motor_PWM.o)
 .comment       0x0000006e       0x6f .\CortexM3\ARM_GCC_541\Debug\Sorting_Controller.a(RPI_UART_IntClock.o)
 .comment       0x0000006e       0x6f .\CortexM3\ARM_GCC_541\Debug\Sorting_Controller.a(CyLib.o)
 .comment       0x0000006e       0x6f .\CortexM3\ARM_GCC_541\Debug\Sorting_Controller.a(cyPm.o)
 .comment       0x0000006e       0x6f .\CortexM3\ARM_GCC_541\Debug\Sorting_Controller.a(isr_rx.o)
 .comment       0x0000006e       0x6f .\CortexM3\ARM_GCC_541\Debug\Sorting_Controller.a(Weight_ADC.o)
 .comment       0x0000006e       0x6f .\CortexM3\ARM_GCC_541\Debug\Sorting_Controller.a(Weight_ADC_INT.o)
 .comment       0x0000006e       0x6f .\CortexM3\ARM_GCC_541\Debug\Sorting_Controller.a(Weight_ADC_theACLK.o)
 .comment       0x0000006e       0x6f .\CortexM3\ARM_GCC_541\Debug\Sorting_Controller.a(Actuator_PWM.o)
 .comment       0x0000006e       0x6f .\CortexM3\ARM_GCC_541\Debug\Sorting_Controller.a(Actuator_Pin_Dir.o)
 .comment       0x0000006e       0x6f .\CortexM3\ARM_GCC_541\Debug\Sorting_Controller.a(Color_Pin_Freq_Select.o)
 .comment       0x0000006e       0x6f .\CortexM3\ARM_GCC_541\Debug\Sorting_Controller.a(Color_Pin_Color_Select.o)
 .comment       0x0000006e       0x6f .\CortexM3\ARM_GCC_541\Debug\Sorting_Controller.a(isr_Measure.o)
 .comment       0x0000006e       0x6f .\CortexM3\ARM_GCC_541\Debug\Sorting_Controller.a(CyFlash.o)
 .comment       0x0000006e       0x6f .\CortexM3\ARM_GCC_541\Debug\Sorting_Controller.a(CySpc.o)

.debug_weaknames
 *(.debug_weaknames)

.debug_funcnames
 *(.debug_funcnames)

.debug_typenames
 *(.debug_typenames)

.debug_varnames
 *(.debug_varnames)

.note.gnu.arm.ident
 *(.note.gnu.arm.ident)

.ARM.attributes
                0x00000000       0x29
 *(.ARM.attributes)
 .ARM.attributes
                0x00000000       0x1d e:/programmer/cypres/psoc creator/4.3/psoc creator/import/gnu/arm/5.4.1/bin/../lib/gcc/arm-none-eabi/5.4.1/armv7-m/crti.o
 .ARM.attributes
                0x0000001d       0x2d e:/programmer/cypres/psoc creator/4.3/psoc creator/import/gnu/arm/5.4.1/bin/../lib/gcc/arm-none-eabi/5.4.1/armv7-m/crtbegin.o
 .ARM.attributes
                0x0000004a       0x1b e:/programmer/cypres/psoc creator/4.3/psoc creator/import/gnu/arm/5.4.1/bin/../lib/gcc/arm-none-eabi/5.4.1/../../../../arm-none-eabi/lib/armv7-m/crt0.o
 .ARM.attributes
                0x00000065       0x33 .\CortexM3\ARM_GCC_541\Debug\main.o
 .ARM.attributes
                0x00000098       0x33 .\CortexM3\ARM_GCC_541\Debug\cyfitter_cfg.o
 .ARM.attributes
                0x000000cb       0x33 .\CortexM3\ARM_GCC_541\Debug\cymetadata.o
 .ARM.attributes
                0x000000fe       0x33 .\CortexM3\ARM_GCC_541\Debug\Cm3Start.o
 .ARM.attributes
                0x00000131       0x33 .\CortexM3\ARM_GCC_541\Debug\Sorting_Controller.a(RPI_UART.o)
 .ARM.attributes
                0x00000164       0x33 .\CortexM3\ARM_GCC_541\Debug\Sorting_Controller.a(isr_Actuator.o)
 .ARM.attributes
                0x00000197       0x33 .\CortexM3\ARM_GCC_541\Debug\Sorting_Controller.a(Color_PWM.o)
 .ARM.attributes
                0x000001ca       0x33 .\CortexM3\ARM_GCC_541\Debug\Sorting_Controller.a(Color_Counter.o)
 .ARM.attributes
                0x000001fd       0x33 .\CortexM3\ARM_GCC_541\Debug\Sorting_Controller.a(isr_Color.o)
 .ARM.attributes
                0x00000230       0x33 .\CortexM3\ARM_GCC_541\Debug\Sorting_Controller.a(Color_Reset.o)
 .ARM.attributes
                0x00000263       0x33 .\CortexM3\ARM_GCC_541\Debug\Sorting_Controller.a(Color_Pin_LED.o)
 .ARM.attributes
                0x00000296       0x33 .\CortexM3\ARM_GCC_541\Debug\Sorting_Controller.a(Motor_PWM.o)
 .ARM.attributes
                0x000002c9       0x33 .\CortexM3\ARM_GCC_541\Debug\Sorting_Controller.a(RPI_UART_IntClock.o)
 .ARM.attributes
                0x000002fc       0x33 .\CortexM3\ARM_GCC_541\Debug\Sorting_Controller.a(CyLib.o)
 .ARM.attributes
                0x0000032f       0x33 .\CortexM3\ARM_GCC_541\Debug\Sorting_Controller.a(cyPm.o)
 .ARM.attributes
                0x00000362       0x33 .\CortexM3\ARM_GCC_541\Debug\Sorting_Controller.a(isr_rx.o)
 .ARM.attributes
                0x00000395       0x33 .\CortexM3\ARM_GCC_541\Debug\Sorting_Controller.a(Weight_ADC.o)
 .ARM.attributes
                0x000003c8       0x33 .\CortexM3\ARM_GCC_541\Debug\Sorting_Controller.a(Weight_ADC_INT.o)
 .ARM.attributes
                0x000003fb       0x33 .\CortexM3\ARM_GCC_541\Debug\Sorting_Controller.a(Weight_ADC_theACLK.o)
 .ARM.attributes
                0x0000042e       0x33 .\CortexM3\ARM_GCC_541\Debug\Sorting_Controller.a(Actuator_PWM.o)
 .ARM.attributes
                0x00000461       0x33 .\CortexM3\ARM_GCC_541\Debug\Sorting_Controller.a(Actuator_Pin_Dir.o)
 .ARM.attributes
                0x00000494       0x33 .\CortexM3\ARM_GCC_541\Debug\Sorting_Controller.a(Color_Pin_Freq_Select.o)
 .ARM.attributes
                0x000004c7       0x33 .\CortexM3\ARM_GCC_541\Debug\Sorting_Controller.a(Color_Pin_Color_Select.o)
 .ARM.attributes
                0x000004fa       0x33 .\CortexM3\ARM_GCC_541\Debug\Sorting_Controller.a(isr_Measure.o)
 .ARM.attributes
                0x0000052d       0x21 .\CortexM3\ARM_GCC_541\Debug\Sorting_Controller.a(CyBootAsmGnu.o)
 .ARM.attributes
                0x0000054e       0x33 .\CortexM3\ARM_GCC_541\Debug\Sorting_Controller.a(CyFlash.o)
 .ARM.attributes
                0x00000581       0x33 .\CortexM3\ARM_GCC_541\Debug\Sorting_Controller.a(CySpc.o)
 .ARM.attributes
                0x000005b4       0x1d e:/programmer/cypres/psoc creator/4.3/psoc creator/import/gnu/arm/5.4.1/bin/../lib/gcc/arm-none-eabi/5.4.1/armv7-m\libgcc.a(_arm_addsubsf3.o)
 .ARM.attributes
                0x000005d1       0x1d e:/programmer/cypres/psoc creator/4.3/psoc creator/import/gnu/arm/5.4.1/bin/../lib/gcc/arm-none-eabi/5.4.1/armv7-m\libgcc.a(_arm_muldivsf3.o)
 .ARM.attributes
                0x000005ee       0x1d e:/programmer/cypres/psoc creator/4.3/psoc creator/import/gnu/arm/5.4.1/bin/../lib/gcc/arm-none-eabi/5.4.1/armv7-m\libgcc.a(_arm_cmpsf2.o)
 .ARM.attributes
                0x0000060b       0x1d e:/programmer/cypres/psoc creator/4.3/psoc creator/import/gnu/arm/5.4.1/bin/../lib/gcc/arm-none-eabi/5.4.1/armv7-m\libgcc.a(_arm_fixunssfsi.o)
 .ARM.attributes
                0x00000628       0x1d e:/programmer/cypres/psoc creator/4.3/psoc creator/import/gnu/arm/5.4.1/bin/../lib/gcc/arm-none-eabi/5.4.1/armv7-m\libgcc.a(_aeabi_ldivmod.o)
 .ARM.attributes
                0x00000645       0x2d e:/programmer/cypres/psoc creator/4.3/psoc creator/import/gnu/arm/5.4.1/bin/../lib/gcc/arm-none-eabi/5.4.1/armv7-m\libgcc.a(_udivmoddi4.o)
 .ARM.attributes
                0x00000672       0x1d e:/programmer/cypres/psoc creator/4.3/psoc creator/import/gnu/arm/5.4.1/bin/../lib/gcc/arm-none-eabi/5.4.1/armv7-m\libgcc.a(_dvmd_tls.o)
 .ARM.attributes
                0x0000068f       0x2d e:/programmer/cypres/psoc creator/4.3/psoc creator/import/gnu/arm/5.4.1/bin/../lib/gcc/arm-none-eabi/5.4.1/../../../../arm-none-eabi/lib/armv7-m\libg_nano.a(lib_a-errno.o)
 .ARM.attributes
                0x000006bc       0x2d e:/programmer/cypres/psoc creator/4.3/psoc creator/import/gnu/arm/5.4.1/bin/../lib/gcc/arm-none-eabi/5.4.1/../../../../arm-none-eabi/lib/armv7-m\libg_nano.a(lib_a-exit.o)
 .ARM.attributes
                0x000006e9       0x2d e:/programmer/cypres/psoc creator/4.3/psoc creator/import/gnu/arm/5.4.1/bin/../lib/gcc/arm-none-eabi/5.4.1/../../../../arm-none-eabi/lib/armv7-m\libg_nano.a(lib_a-impure.o)
 .ARM.attributes
                0x00000716       0x2d e:/programmer/cypres/psoc creator/4.3/psoc creator/import/gnu/arm/5.4.1/bin/../lib/gcc/arm-none-eabi/5.4.1/../../../../arm-none-eabi/lib/armv7-m\libg_nano.a(lib_a-init.o)
 .ARM.attributes
                0x00000743       0x2d e:/programmer/cypres/psoc creator/4.3/psoc creator/import/gnu/arm/5.4.1/bin/../lib/gcc/arm-none-eabi/5.4.1/../../../../arm-none-eabi/lib/armv7-m\libg_nano.a(lib_a-malloc.o)
 .ARM.attributes
                0x00000770       0x2d e:/programmer/cypres/psoc creator/4.3/psoc creator/import/gnu/arm/5.4.1/bin/../lib/gcc/arm-none-eabi/5.4.1/../../../../arm-none-eabi/lib/armv7-m\libg_nano.a(lib_a-memcpy-stub.o)
 .ARM.attributes
                0x0000079d       0x2d e:/programmer/cypres/psoc creator/4.3/psoc creator/import/gnu/arm/5.4.1/bin/../lib/gcc/arm-none-eabi/5.4.1/../../../../arm-none-eabi/lib/armv7-m\libg_nano.a(lib_a-memset.o)
 .ARM.attributes
                0x000007ca       0x2d e:/programmer/cypres/psoc creator/4.3/psoc creator/import/gnu/arm/5.4.1/bin/../lib/gcc/arm-none-eabi/5.4.1/../../../../arm-none-eabi/lib/armv7-m\libg_nano.a(lib_a-nano-freer.o)
 .ARM.attributes
                0x000007f7       0x2d e:/programmer/cypres/psoc creator/4.3/psoc creator/import/gnu/arm/5.4.1/bin/../lib/gcc/arm-none-eabi/5.4.1/../../../../arm-none-eabi/lib/armv7-m\libg_nano.a(lib_a-nano-mallocr.o)
 .ARM.attributes
                0x00000824       0x2d e:/programmer/cypres/psoc creator/4.3/psoc creator/import/gnu/arm/5.4.1/bin/../lib/gcc/arm-none-eabi/5.4.1/../../../../arm-none-eabi/lib/armv7-m\libg_nano.a(lib_a-sbrkr.o)
 .ARM.attributes
                0x00000851       0x2d e:/programmer/cypres/psoc creator/4.3/psoc creator/import/gnu/arm/5.4.1/bin/../lib/gcc/arm-none-eabi/5.4.1/../../../../arm-none-eabi/lib/armv7-m\libg_nano.a(lib_a-sprintf.o)
 .ARM.attributes
                0x0000087e       0x2d e:/programmer/cypres/psoc creator/4.3/psoc creator/import/gnu/arm/5.4.1/bin/../lib/gcc/arm-none-eabi/5.4.1/../../../../arm-none-eabi/lib/armv7-m\libg_nano.a(lib_a-mlock.o)
 .ARM.attributes
                0x000008ab       0x2d e:/programmer/cypres/psoc creator/4.3/psoc creator/import/gnu/arm/5.4.1/bin/../lib/gcc/arm-none-eabi/5.4.1/../../../../arm-none-eabi/lib/armv7-m\libg_nano.a(lib_a-nano-svfprintf.o)
 .ARM.attributes
                0x000008d8       0x2d e:/programmer/cypres/psoc creator/4.3/psoc creator/import/gnu/arm/5.4.1/bin/../lib/gcc/arm-none-eabi/5.4.1/../../../../arm-none-eabi/lib/armv7-m\libg_nano.a(lib_a-nano-vfprintf_i.o)
 .ARM.attributes
                0x00000905       0x2d e:/programmer/cypres/psoc creator/4.3/psoc creator/import/gnu/arm/5.4.1/bin/../lib/gcc/arm-none-eabi/5.4.1/../../../../arm-none-eabi/lib/armv7-m\libg_nano.a(lib_a-reent.o)
 .ARM.attributes
                0x00000932       0x2d e:/programmer/cypres/psoc creator/4.3/psoc creator/import/gnu/arm/5.4.1/bin/../lib/gcc/arm-none-eabi/5.4.1/../../../../arm-none-eabi/lib/armv7-m\libg_nano.a(lib_a-memchr-stub.o)
 .ARM.attributes
                0x0000095f       0x2d e:/programmer/cypres/psoc creator/4.3/psoc creator/import/gnu/arm/5.4.1/bin/../lib/gcc/arm-none-eabi/5.4.1/../../../../arm-none-eabi/lib/armv7-m\libg_nano.a(lib_a-memmove.o)
 .ARM.attributes
                0x0000098c       0x2d e:/programmer/cypres/psoc creator/4.3/psoc creator/import/gnu/arm/5.4.1/bin/../lib/gcc/arm-none-eabi/5.4.1/../../../../arm-none-eabi/lib/armv7-m\libg_nano.a(lib_a-nano-reallocr.o)
 .ARM.attributes
                0x000009b9       0x2d e:/programmer/cypres/psoc creator/4.3/psoc creator/import/gnu/arm/5.4.1/bin/../lib/gcc/arm-none-eabi/5.4.1/../../../../arm-none-eabi/lib/armv7-m\libg_nano.a(lib_a-nano-msizer.o)
 .ARM.attributes
                0x000009e6       0x2d e:/programmer/cypres/psoc creator/4.3/psoc creator/import/gnu/arm/5.4.1/bin/../lib/gcc/arm-none-eabi/5.4.1/armv7-m/crtend.o
 .ARM.attributes
                0x00000a13       0x1d e:/programmer/cypres/psoc creator/4.3/psoc creator/import/gnu/arm/5.4.1/bin/../lib/gcc/arm-none-eabi/5.4.1/armv7-m/crtn.o

/DISCARD/
 *(.note.GNU-stack)
OUTPUT(C:\Users\Gustav\source\PRJ3-Group-13\Code\Sorting Controller\Sorting_Controller.cydsn\CortexM3\ARM_GCC_541\Debug\Sorting_Controller.elf elf32-littlearm)
